Archive member included to satisfy reference by file (symbol)

d:/atmel studio/7.0/toolchain/avr8/avr8-gnu-toolchain/bin/../lib/gcc/avr/5.4.0/../../../../avr/lib/avr6\libm.a(addsf3.o)
                              Source files/StepperMotor.o (__subsf3)
d:/atmel studio/7.0/toolchain/avr8/avr8-gnu-toolchain/bin/../lib/gcc/avr/5.4.0/../../../../avr/lib/avr6\libm.a(addsf3x.o)
                              d:/atmel studio/7.0/toolchain/avr8/avr8-gnu-toolchain/bin/../lib/gcc/avr/5.4.0/../../../../avr/lib/avr6\libm.a(addsf3.o) (__addsf3x)
d:/atmel studio/7.0/toolchain/avr8/avr8-gnu-toolchain/bin/../lib/gcc/avr/5.4.0/../../../../avr/lib/avr6\libm.a(fixsfsi.o)
                              Source files/SerialDecoder.o (__fixsfsi)
d:/atmel studio/7.0/toolchain/avr8/avr8-gnu-toolchain/bin/../lib/gcc/avr/5.4.0/../../../../avr/lib/avr6\libm.a(fixunssfsi.o)
                              Source files/StepperMotor.o (__fixunssfsi)
d:/atmel studio/7.0/toolchain/avr8/avr8-gnu-toolchain/bin/../lib/gcc/avr/5.4.0/../../../../avr/lib/avr6\libm.a(floatsisf.o)
                              Source files/SerialDecoder.o (__floatsisf)
d:/atmel studio/7.0/toolchain/avr8/avr8-gnu-toolchain/bin/../lib/gcc/avr/5.4.0/../../../../avr/lib/avr6\libm.a(fp_inf.o)
                              d:/atmel studio/7.0/toolchain/avr8/avr8-gnu-toolchain/bin/../lib/gcc/avr/5.4.0/../../../../avr/lib/avr6\libm.a(addsf3x.o) (__fp_inf)
d:/atmel studio/7.0/toolchain/avr8/avr8-gnu-toolchain/bin/../lib/gcc/avr/5.4.0/../../../../avr/lib/avr6\libm.a(fp_nan.o)
                              d:/atmel studio/7.0/toolchain/avr8/avr8-gnu-toolchain/bin/../lib/gcc/avr/5.4.0/../../../../avr/lib/avr6\libm.a(addsf3x.o) (__fp_nan)
d:/atmel studio/7.0/toolchain/avr8/avr8-gnu-toolchain/bin/../lib/gcc/avr/5.4.0/../../../../avr/lib/avr6\libm.a(fp_pscA.o)
                              d:/atmel studio/7.0/toolchain/avr8/avr8-gnu-toolchain/bin/../lib/gcc/avr/5.4.0/../../../../avr/lib/avr6\libm.a(addsf3x.o) (__fp_pscA)
d:/atmel studio/7.0/toolchain/avr8/avr8-gnu-toolchain/bin/../lib/gcc/avr/5.4.0/../../../../avr/lib/avr6\libm.a(fp_pscB.o)
                              d:/atmel studio/7.0/toolchain/avr8/avr8-gnu-toolchain/bin/../lib/gcc/avr/5.4.0/../../../../avr/lib/avr6\libm.a(addsf3x.o) (__fp_pscB)
d:/atmel studio/7.0/toolchain/avr8/avr8-gnu-toolchain/bin/../lib/gcc/avr/5.4.0/../../../../avr/lib/avr6\libm.a(fp_round.o)
                              d:/atmel studio/7.0/toolchain/avr8/avr8-gnu-toolchain/bin/../lib/gcc/avr/5.4.0/../../../../avr/lib/avr6\libm.a(addsf3.o) (__fp_round)
d:/atmel studio/7.0/toolchain/avr8/avr8-gnu-toolchain/bin/../lib/gcc/avr/5.4.0/../../../../avr/lib/avr6\libm.a(fp_split3.o)
                              d:/atmel studio/7.0/toolchain/avr8/avr8-gnu-toolchain/bin/../lib/gcc/avr/5.4.0/../../../../avr/lib/avr6\libm.a(addsf3x.o) (__fp_split3)
d:/atmel studio/7.0/toolchain/avr8/avr8-gnu-toolchain/bin/../lib/gcc/avr/5.4.0/../../../../avr/lib/avr6\libm.a(fp_zero.o)
                              d:/atmel studio/7.0/toolchain/avr8/avr8-gnu-toolchain/bin/../lib/gcc/avr/5.4.0/../../../../avr/lib/avr6\libm.a(addsf3x.o) (__fp_zero)
d:/atmel studio/7.0/toolchain/avr8/avr8-gnu-toolchain/bin/../lib/gcc/avr/5.4.0/../../../../avr/lib/avr6\libm.a(gesf2.o)
                              Source files/StepperMotor.o (__gtsf2)
d:/atmel studio/7.0/toolchain/avr8/avr8-gnu-toolchain/bin/../lib/gcc/avr/5.4.0/../../../../avr/lib/avr6\libm.a(fp_cmp.o)
                              d:/atmel studio/7.0/toolchain/avr8/avr8-gnu-toolchain/bin/../lib/gcc/avr/5.4.0/../../../../avr/lib/avr6\libm.a(gesf2.o) (__fp_cmp)
D:\Programy Arduino\Drukarka3D\3D-Printer\3D Printer\3D Printer\ArduinoCore\Debug\libArduinoCore.a(HardwareSerial.o)
                              Sketch.o (_ZN14HardwareSerial9availableEv)
D:\Programy Arduino\Drukarka3D\3D-Printer\3D Printer\3D Printer\ArduinoCore\Debug\libArduinoCore.a(HardwareSerial0.o)
                              Sketch.o (Serial)
D:\Programy Arduino\Drukarka3D\3D-Printer\3D Printer\3D Printer\ArduinoCore\Debug\libArduinoCore.a(main.o)
                              D:/Atmel Studio/7.0/Packs/atmel/ATmega_DFP/1.2.132/gcc/dev/atmega2560/avr6/crtatmega2560.o (main)
D:\Programy Arduino\Drukarka3D\3D-Printer\3D Printer\3D Printer\ArduinoCore\Debug\libArduinoCore.a(Print.o)
                              D:\Programy Arduino\Drukarka3D\3D-Printer\3D Printer\3D Printer\ArduinoCore\Debug\libArduinoCore.a(HardwareSerial.o) (_ZN5Print5writeEPKhj)
D:\Programy Arduino\Drukarka3D\3D-Printer\3D Printer\3D Printer\ArduinoCore\Debug\libArduinoCore.a(Stream.o)
                              Sketch.o (_ZN6Stream10readStringEv)
D:\Programy Arduino\Drukarka3D\3D-Printer\3D Printer\3D Printer\ArduinoCore\Debug\libArduinoCore.a(wiring.o)
                              D:\Programy Arduino\Drukarka3D\3D-Printer\3D Printer\3D Printer\ArduinoCore\Debug\libArduinoCore.a(Stream.o) (millis)
[...]
Memory Configuration

Name             Origin             Length             Attributes
text             0x00000000         0x00100000         xr
data             0x00800200         0x0000fe00         rw !x
eeprom           0x00810000         0x00010000         rw !x
fuse             0x00820000         0x00000003         rw !x
lock             0x00830000         0x00000400         rw !x
signature        0x00840000         0x00000400         rw !x
user_signatures  0x00850000         0x00000400         rw !x
*default*        0x00000000         0xffffffff

Linker script and memory map

Address of section .data set to 0x800200
LOAD D:/Atmel Studio/7.0/Packs/atmel/ATmega_DFP/1.2.132/gcc/dev/atmega2560/avr6/crtatmega2560.o
LOAD Sketch.o
LOAD Source files/LimitSwitch.o
LOAD Source files/SerialDecoder.o
LOAD Source files/StepperMotor.o
START GROUP
LOAD d:/atmel studio/7.0/toolchain/avr8/avr8-gnu-toolchain/bin/../lib/gcc/avr/5.4.0/../../../../avr/lib/avr6\libm.a
LOAD D:\Programy Arduino\Drukarka3D\3D-Printer\3D Printer\3D Printer\ArduinoCore\Debug\libArduinoCore.a
END GROUP
LOAD d:/atmel studio/7.0/toolchain/avr8/avr8-gnu-toolchain/bin/../lib/gcc/avr/5.4.0/avr6\libgcc.a
LOAD d:/atmel studio/7.0/toolchain/avr8/avr8-gnu-toolchain/bin/../lib/gcc/avr/5.4.0/../../../../avr/lib/avr6\libm.a
START GROUP
LOAD d:/atmel studio/7.0/toolchain/avr8/avr8-gnu-toolchain/bin/../lib/gcc/avr/5.4.0/avr6\libgcc.a
LOAD d:/atmel studio/7.0/toolchain/avr8/avr8-gnu-toolchain/bin/../lib/gcc/avr/5.4.0/../../../../avr/lib/avr6\libm.a
LOAD d:/atmel studio/7.0/toolchain/avr8/avr8-gnu-toolchain/bin/../lib/gcc/avr/5.4.0/../../../../avr/lib/avr6\libc.a
LOAD D:/Atmel Studio/7.0/Packs/atmel/ATmega_DFP/1.2.132/gcc/dev/atmega2560/avr6\libatmega2560.a
END GROUP
                0x00100000                __TEXT_REGION_LENGTH__ = DEFINED (__TEXT_REGION_LENGTH__)?__TEXT_REGION_LENGTH__:0x100000
                0x0000fe00                __DATA_REGION_LENGTH__ = DEFINED (__DATA_REGION_LENGTH__)?__DATA_REGION_LENGTH__:0xfe00
                0x00010000                __EEPROM_REGION_LENGTH__ = DEFINED (__EEPROM_REGION_LENGTH__)?__EEPROM_REGION_LENGTH__:0x10000
                [0x00000003]                __FUSE_REGION_LENGTH__ = DEFINED (__FUSE_REGION_LENGTH__)?__FUSE_REGION_LENGTH__:0x400
                0x00000400                __LOCK_REGION_LENGTH__ = DEFINED (__LOCK_REGION_LENGTH__)?__LOCK_REGION_LENGTH__:0x400
                0x00000400                __SIGNATURE_REGION_LENGTH__ = DEFINED (__SIGNATURE_REGION_LENGTH__)?__SIGNATURE_REGION_LENGTH__:0x400
                0x00000400                __USER_SIGNATURE_REGION_LENGTH__ = DEFINED (__USER_SIGNATURE_REGION_LENGTH__)?__USER_SIGNATURE_REGION_LENGTH__:0x400

.hash
 *(.hash)

.dynsym
 *(.dynsym)

.dynstr
 *(.dynstr)

.gnu.version
 *(.gnu.version)

.gnu.version_d
 *(.gnu.version_d)

.gnu.version_r
 *(.gnu.version_r)

.rel.init
 *(.rel.init)

.rela.init
 *(.rela.init)

.rel.text
 *(.rel.text)
 *(.rel.text.*)
 *(.rel.gnu.linkonce.t*)

.rela.text
 *(.rela.text)
 *(.rela.text.*)
 *(.rela.gnu.linkonce.t*)

.rel.fini
 *(.rel.fini)

.rela.fini
 *(.rela.fini)

.rel.rodata
 *(.rel.rodata)
 *(.rel.rodata.*)
 *(.rel.gnu.linkonce.r*)

.rela.rodata
 *(.rela.rodata)
 *(.rela.rodata.*)
 *(.rela.gnu.linkonce.r*)

.rel.data
 *(.rel.data)
 *(.rel.data.*)
 *(.rel.gnu.linkonce.d*)

.rela.data
 *(.rela.data)
 *(.rela.data.*)
 *(.rela.gnu.linkonce.d*)

.rel.ctors
 *(.rel.ctors)

.rela.ctors
 *(.rela.ctors)

.rel.dtors
 *(.rel.dtors)

.rela.dtors
 *(.rela.dtors)

.rel.got
 *(.rel.got)

.rela.got
 *(.rela.got)

.rel.bss
 *(.rel.bss)

.rela.bss
 *(.rela.bss)

.rel.plt
 *(.rel.plt)

.rela.plt
 *(.rela.plt)

.text           0x00000000     0x2378
 *(.vectors)
 .vectors       0x00000000       0xe4 D:/Atmel Studio/7.0/Packs/atmel/ATmega_DFP/1.2.132/gcc/dev/atmega2560/avr6/crtatmega2560.o
                0x00000000                __vector_default
                0x00000000                __vectors
 *(.vectors)
 *(.progmem.gcc*)
 .progmem.gcc_sw_table.turnOffPWM
                0x000000e4       0x24 D:\Programy Arduino\Drukarka3D\3D-Printer\3D Printer\3D Printer\ArduinoCore\Debug\libArduinoCore.a(wiring_digital.o)
                0x00000108                . = ALIGN (0x2)
                0x00000108                __trampolines_start = .
 *(.trampolines)
 .trampolines   0x00000108        0x0 linker stubs
 *(.trampolines*)
                0x00000108                __trampolines_end = .
 *libprintf_flt.a:*(.progmem.data)
 *libc.a:*(.progmem.data)
 .progmem.data  0x00000108       0x3b d:/atmel studio/7.0/toolchain/avr8/avr8-gnu-toolchain/bin/../lib/gcc/avr/5.4.0/../../../../avr/lib/avr6\libc.a(strtod.o)
 *(.progmem*)
 .progmem.data.digital_pin_to_timer_PGM
                0x00000143       0x46 D:\Programy Arduino\Drukarka3D\3D-Printer\3D Printer\3D Printer\ArduinoCore\Debug\libArduinoCore.a(wiring_digital.o)
                0x00000143                digital_pin_to_timer_PGM
 .progmem.data.digital_pin_to_bit_mask_PGM
                0x00000189       0x46 D:\Programy Arduino\Drukarka3D\3D-Printer\3D Printer\3D Printer\ArduinoCore\Debug\libArduinoCore.a(wiring_digital.o)
                0x00000189                digital_pin_to_bit_mask_PGM
 .progmem.data.digital_pin_to_port_PGM
                0x000001cf       0x46 D:\Programy Arduino\Drukarka3D\3D-Printer\3D Printer\3D Printer\ArduinoCore\Debug\libArduinoCore.a(wiring_digital.o)
                0x000001cf                digital_pin_to_port_PGM
 .progmem.data.port_to_input_PGM
                0x00000215       0x1a D:\Programy Arduino\Drukarka3D\3D-Printer\3D Printer\3D Printer\ArduinoCore\Debug\libArduinoCore.a(wiring_digital.o)
                0x00000215                port_to_input_PGM
 .progmem.data.port_to_output_PGM
                0x0000022f       0x1a D:\Programy Arduino\Drukarka3D\3D-Printer\3D Printer\3D Printer\ArduinoCore\Debug\libArduinoCore.a(wiring_digital.o)
                0x0000022f                port_to_output_PGM
 .progmem.data.port_to_mode_PGM
                0x00000249       0x1a D:\Programy Arduino\Drukarka3D\3D-Printer\3D Printer\3D Printer\ArduinoCore\Debug\libArduinoCore.a(wiring_digital.o)
                0x00000249                port_to_mode_PGM
                0x00000264                . = ALIGN (0x2)
 *fill*         0x00000263        0x1 
 *(.jumptables)
 *(.jumptables*)
 *(.lowtext)
 *(.lowtext*)
                0x00000264                __ctors_start = .
 *(.ctors)
 .ctors         0x00000264        0x2 Sketch.o
 .ctors         0x00000266        0x2 D:\Programy Arduino\Drukarka3D\3D-Printer\3D Printer\3D Printer\ArduinoCore\Debug\libArduinoCore.a(HardwareSerial0.o)
                0x00000268                __ctors_end = .
                0x00000268                __dtors_start = .
 *(.dtors)
 .dtors         0x00000268        0x2 Sketch.o
                0x0000026a                __dtors_end = .
 SORT(*)(.ctors)
 SORT(*)(.dtors)
 *(.init0)
 .init0         0x0000026a        0x0 D:/Atmel Studio/7.0/Packs/atmel/ATmega_DFP/1.2.132/gcc/dev/atmega2560/avr6/crtatmega2560.o
                0x0000026a                __init
 *(.init0)
 *(.init1)
 *(.init1)
 *(.init2)
 .init2         0x0000026a       0x10 D:/Atmel Studio/7.0/Packs/atmel/ATmega_DFP/1.2.132/gcc/dev/atmega2560/avr6/crtatmega2560.o
 *(.init2)
 *(.init3)
 *(.init3)
 *(.init4)
 .init4         0x0000027a       0x1a d:/atmel studio/7.0/toolchain/avr8/avr8-gnu-toolchain/bin/../lib/gcc/avr/5.4.0/avr6\libgcc.a(_copy_data.o)
                0x0000027a                __do_copy_data
 .init4         0x00000294       0x10 d:/atmel studio/7.0/toolchain/avr8/avr8-gnu-toolchain/bin/../lib/gcc/avr/5.4.0/avr6\libgcc.a(_clear_bss.o)
                0x00000294                __do_clear_bss
 *(.init4)
 *(.init5)
 *(.init5)
 *(.init6)
 .init6         0x000002a4       0x20 d:/atmel studio/7.0/toolchain/avr8/avr8-gnu-toolchain/bin/../lib/gcc/avr/5.4.0/avr6\libgcc.a(_ctors.o)
                0x000002a4                __do_global_ctors
 *(.init6)
 *(.init7)
 *(.init7)
 *(.init8)
 *(.init8)
 *(.init9)
 .init9         0x000002c4        0x6 D:/Atmel Studio/7.0/Packs/atmel/ATmega_DFP/1.2.132/gcc/dev/atmega2560/avr6/crtatmega2560.o
 *(.init9)
 *(.text)
 .text          0x000002ca        0x2 D:/Atmel Studio/7.0/Packs/atmel/ATmega_DFP/1.2.132/gcc/dev/atmega2560/avr6/crtatmega2560.o
                0x000002ca                __vector_38
                0x000002ca                __vector_22
                0x000002ca                __vector_28
                0x000002ca                __vector_1
                0x000002ca                __vector_32
                0x000002ca                __vector_34
                0x000002ca                __vector_24
                0x000002ca                __vector_12
                0x000002ca                __vector_55
                0x000002ca                __vector_46
                0x000002ca                __bad_interrupt
                0x000002ca                __vector_6
                0x000002ca                __vector_31
                0x000002ca                __vector_35
                0x000002ca                __vector_39
                0x000002ca                __vector_3
                0x000002ca                __vector_30
                0x000002ca                __vector_45
                0x000002ca                __vector_11
                0x000002ca                __vector_54
                0x000002ca                __vector_13
                0x000002ca                __vector_17
                0x000002ca                __vector_19
                0x000002ca                __vector_56
                0x000002ca                __vector_7
                0x000002ca                __vector_49
                0x000002ca                __vector_41
                0x000002ca                __vector_43
                0x000002ca                __vector_27
                0x000002ca                __vector_5
                0x000002ca                __vector_33
                0x000002ca                __vector_47
                0x000002ca                __vector_52
                0x000002ca                __vector_37
                0x000002ca                __vector_4
                0x000002ca                __vector_44
                0x000002ca                __vector_51
                0x000002ca                __vector_9
                0x000002ca                __vector_2
                0x000002ca                __vector_21
                0x000002ca                __vector_15
                0x000002ca                __vector_36
                0x000002ca                __vector_29
                0x000002ca                __vector_40
                0x000002ca                __vector_8
                0x000002ca                __vector_48
                0x000002ca                __vector_14
                0x000002ca                __vector_53
                0x000002ca                __vector_10
                0x000002ca                __vector_50
                0x000002ca                __vector_16
                0x000002ca                __vector_18
                0x000002ca                __vector_20
                0x000002ca                __vector_42
                0x000002cc                . = ALIGN (0x2)
 *(.text.*)
 .text.setup    0x000002cc       0x1c Sketch.o
                0x000002cc                setup
 .text.startup._GLOBAL__sub_I_steps
                0x000002e8        0xc Sketch.o
 .text.exit._GLOBAL__sub_D_steps
                0x000002f4        0x8 Sketch.o
 .text.loop     0x000002fc       0xda Sketch.o
                0x000002fc                loop
 .text._Z18LimitSwitchPinInitv
                0x000003d6       0x30 Source files/LimitSwitch.o
                0x000003d6                _Z18LimitSwitchPinInitv
 .text._Z12RemoveSpacesPc
                0x00000406       0x1a Source files/SerialDecoder.o
                0x00000406                _Z12RemoveSpacesPc
 .text._Z23GetNumberAfterCharacterPcc
                0x00000420       0x1e Source files/SerialDecoder.o
                0x00000420                _Z23GetNumberAfterCharacterPcc
 .text._Z7GetCodePc
                0x0000043e       0x34 Source files/SerialDecoder.o
                0x0000043e                _Z7GetCodePc
 .text._Z11DecodeFrame6String
                0x00000472      0x120 Source files/SerialDecoder.o
                0x00000472                _Z11DecodeFrame6String
 .text._Z11StepperInitv
                0x00000592       0x62 Source files/StepperMotor.o
                0x00000592                _Z11StepperInitv
 .text._Z15ReadLimitSwitchPbS_S_
                0x000005f4       0x54 Source files/StepperMotor.o
                0x000005f4                _Z15ReadLimitSwitchPbS_S_
 .text._Z17ChangeStepperXDirb
                0x00000648       0x10 Source files/StepperMotor.o
                0x00000648                _Z17ChangeStepperXDirb
 .text._Z17ChangeStepperYDirb
                0x00000658       0x10 Source files/StepperMotor.o
                0x00000658                _Z17ChangeStepperYDirb
 .text._Z17ChangeStepperZDirb
                0x00000668       0x10 Source files/StepperMotor.o
                0x00000668                _Z17ChangeStepperZDirb
 .text._Z17ChangeSteppersDirP5Steps
                0x00000678       0xfe Source files/StepperMotor.o
                0x00000678                _Z17ChangeSteppersDirP5Steps
 .text._Z11MovementXYZP5Steps
                0x00000776      0x1cc Source files/StepperMotor.o
                0x00000776                _Z11MovementXYZP5Steps
 .text._Z8SetSpeedi
                0x00000942       0x74 Source files/StepperMotor.o
                0x00000942                _Z8SetSpeedi
 .text.avr-libc.fplib
                0x000009b6        0xa d:/atmel studio/7.0/toolchain/avr8/avr8-gnu-toolchain/bin/../lib/gcc/avr/5.4.0/../../../../avr/lib/avr6\libm.a(addsf3.o)
                0x000009b6                __subsf3
                0x000009b8                __addsf3
 .text.avr-libc.fplib
                0x000009c0       0xc0 d:/atmel studio/7.0/toolchain/avr8/avr8-gnu-toolchain/bin/../lib/gcc/avr/5.4.0/../../../../avr/lib/avr6\libm.a(addsf3x.o)
                0x000009da                __addsf3x
 .text.avr-libc.fplib
                0x00000a80        0xa d:/atmel studio/7.0/toolchain/avr8/avr8-gnu-toolchain/bin/../lib/gcc/avr/5.4.0/../../../../avr/lib/avr6\libm.a(fixsfsi.o)
                0x00000a80                __fixsfsi
 .text.avr-libc.fplib
                0x00000a8a       0x58 d:/atmel studio/7.0/toolchain/avr8/avr8-gnu-toolchain/bin/../lib/gcc/avr/5.4.0/../../../../avr/lib/avr6\libm.a(fixunssfsi.o)
                0x00000a8a                __fixunssfsi
 .text.avr-libc.fplib
                0x00000ae2       0x7a d:/atmel studio/7.0/toolchain/avr8/avr8-gnu-toolchain/bin/../lib/gcc/avr/5.4.0/../../../../avr/lib/avr6\libm.a(floatsisf.o)
                0x00000ae2                __floatunsisf
                0x00000ae6                __floatsisf
 .text.avr-libc.fplib
                0x00000b5c        0xc d:/atmel studio/7.0/toolchain/avr8/avr8-gnu-toolchain/bin/../lib/gcc/avr/5.4.0/../../../../avr/lib/avr6\libm.a(fp_inf.o)
                0x00000b5c                __fp_inf
 .text.avr-libc.fplib
                0x00000b68        0x6 d:/atmel studio/7.0/toolchain/avr8/avr8-gnu-toolchain/bin/../lib/gcc/avr/5.4.0/../../../../avr/lib/avr6\libm.a(fp_nan.o)
                0x00000b68                __fp_nan
 .text.avr-libc.fplib
                0x00000b6e        0xe d:/atmel studio/7.0/toolchain/avr8/avr8-gnu-toolchain/bin/../lib/gcc/avr/5.4.0/../../../../avr/lib/avr6\libm.a(fp_pscA.o)
                0x00000b6e                __fp_pscA
 .text.avr-libc.fplib
                0x00000b7c        0xe d:/atmel studio/7.0/toolchain/avr8/avr8-gnu-toolchain/bin/../lib/gcc/avr/5.4.0/../../../../avr/lib/avr6\libm.a(fp_pscB.o)
                0x00000b7c                __fp_pscB
 .text.avr-libc.fplib
                0x00000b8a       0x22 d:/atmel studio/7.0/toolchain/avr8/avr8-gnu-toolchain/bin/../lib/gcc/avr/5.4.0/../../../../avr/lib/avr6\libm.a(fp_round.o)
                0x00000b8a                __fp_round
 .text.avr-libc.fplib
                0x00000bac       0x44 d:/atmel studio/7.0/toolchain/avr8/avr8-gnu-toolchain/bin/../lib/gcc/avr/5.4.0/../../../../avr/lib/avr6\libm.a(fp_split3.o)
                0x00000bac                __fp_split3
                0x00000bbc                __fp_splitA
 .text.avr-libc.fplib
                0x00000bf0        0xe d:/atmel studio/7.0/toolchain/avr8/avr8-gnu-toolchain/bin/../lib/gcc/avr/5.4.0/../../../../avr/lib/avr6\libm.a(fp_zero.o)
                0x00000bf0                __fp_zero
                0x00000bf2                __fp_szero
 .text.avr-libc.fplib
                0x00000bfe        0x8 d:/atmel studio/7.0/toolchain/avr8/avr8-gnu-toolchain/bin/../lib/gcc/avr/5.4.0/../../../../avr/lib/avr6\libm.a(gesf2.o)
                0x00000bfe                __gesf2
                0x00000bfe                __gtsf2
 .text.avr-libc.fplib
                0x00000c06       0x48 d:/atmel studio/7.0/toolchain/avr8/avr8-gnu-toolchain/bin/../lib/gcc/avr/5.4.0/../../../../avr/lib/avr6\libm.a(fp_cmp.o)
                0x00000c06                __fp_cmp
 .text._ZN14HardwareSerial9availableEv
                0x00000c4e       0x18 D:\Programy Arduino\Drukarka3D\3D-Printer\3D Printer\3D Printer\ArduinoCore\Debug\libArduinoCore.a(HardwareSerial.o)
                0x00000c4e                _ZN14HardwareSerial9availableEv
 .text._ZN14HardwareSerial4peekEv
                0x00000c66       0x1c D:\Programy Arduino\Drukarka3D\3D-Printer\3D Printer\3D Printer\ArduinoCore\Debug\libArduinoCore.a(HardwareSerial.o)
                0x00000c66                _ZN14HardwareSerial4peekEv
 .text._ZN14HardwareSerial4readEv
                0x00000c82       0x28 D:\Programy Arduino\Drukarka3D\3D-Printer\3D Printer\3D Printer\ArduinoCore\Debug\libArduinoCore.a(HardwareSerial.o)
                0x00000c82                _ZN14HardwareSerial4readEv
 .text._ZN14HardwareSerial17availableForWriteEv
                0x00000caa       0x1e D:\Programy Arduino\Drukarka3D\3D-Printer\3D Printer\3D Printer\ArduinoCore\Debug\libArduinoCore.a(HardwareSerial.o)
                0x00000caa                _ZN14HardwareSerial17availableForWriteEv
 .text._Z14serialEventRunv
                0x00000cc8       0x78 D:\Programy Arduino\Drukarka3D\3D-Printer\3D Printer\3D Printer\ArduinoCore\Debug\libArduinoCore.a(HardwareSerial.o)
                0x00000cc8                _Z14serialEventRunv
 .text._ZN14HardwareSerial17_tx_udr_empty_irqEv
                0x00000d40       0x42 D:\Programy Arduino\Drukarka3D\3D-Printer\3D Printer\3D Printer\ArduinoCore\Debug\libArduinoCore.a(HardwareSerial.o)
                0x00000d40                _ZN14HardwareSerial17_tx_udr_empty_irqEv
 .text._ZN14HardwareSerial5writeEh
                0x00000d82       0x8c D:\Programy Arduino\Drukarka3D\3D-Printer\3D Printer\3D Printer\ArduinoCore\Debug\libArduinoCore.a(HardwareSerial.o)
                0x00000d82                _ZN14HardwareSerial5writeEh
 .text._ZN14HardwareSerial5flushEv
                0x00000e0e       0x42 D:\Programy Arduino\Drukarka3D\3D-Printer\3D Printer\3D Printer\ArduinoCore\Debug\libArduinoCore.a(HardwareSerial.o)
                0x00000e0e                _ZN14HardwareSerial5flushEv
 .text._ZN14HardwareSerial5beginEmh
                0x00000e50       0xc6 D:\Programy Arduino\Drukarka3D\3D-Printer\3D Printer\3D Printer\ArduinoCore\Debug\libArduinoCore.a(HardwareSerial.o)
                0x00000e50                _ZN14HardwareSerial5beginEmh
 .text.__vector_25
                0x00000f16       0x6c D:\Programy Arduino\Drukarka3D\3D-Printer\3D Printer\3D Printer\ArduinoCore\Debug\libArduinoCore.a(HardwareSerial0.o)
                0x00000f16                __vector_25
 .text.__vector_26
                0x00000f82       0x52 D:\Programy Arduino\Drukarka3D\3D-Printer\3D Printer\3D Printer\ArduinoCore\Debug\libArduinoCore.a(HardwareSerial0.o)
                0x00000f82                __vector_26
 .text._Z17Serial0_availablev
                0x00000fd4       0x12 D:\Programy Arduino\Drukarka3D\3D-Printer\3D Printer\3D Printer\ArduinoCore\Debug\libArduinoCore.a(HardwareSerial0.o)
                0x00000fd4                _Z17Serial0_availablev
 .text.startup._GLOBAL__sub_I___vector_25
                0x00000fe6       0x5a D:\Programy Arduino\Drukarka3D\3D-Printer\3D Printer\3D Printer\ArduinoCore\Debug\libArduinoCore.a(HardwareSerial0.o)
 .text.initVariant
                0x00001040        0x2 D:\Programy Arduino\Drukarka3D\3D-Printer\3D Printer\3D Printer\ArduinoCore\Debug\libArduinoCore.a(main.o)
                0x00001040                initVariant
 .text.startup.main
                0x00001042       0x14 D:\Programy Arduino\Drukarka3D\3D-Printer\3D Printer\3D Printer\ArduinoCore\Debug\libArduinoCore.a(main.o)
                0x00001042                main
 .text._ZN5Print5writeEPKhj
                0x00001056       0x54 D:\Programy Arduino\Drukarka3D\3D-Printer\3D Printer\3D Printer\ArduinoCore\Debug\libArduinoCore.a(Print.o)
                0x00001056                _ZN5Print5writeEPKhj
 .text._ZN5Print5writeEPKc
                0x000010aa       0x2a D:\Programy Arduino\Drukarka3D\3D-Printer\3D Printer\3D Printer\ArduinoCore\Debug\libArduinoCore.a(Print.o)
                0x000010aa                _ZN5Print5writeEPKc
 .text._ZN5Print5printEc
                0x000010d4        0xe D:\Programy Arduino\Drukarka3D\3D-Printer\3D Printer\3D Printer\ArduinoCore\Debug\libArduinoCore.a(Print.o)
                0x000010d4                _ZN5Print5printEc
 .text._ZN5Print7printlnEv
                0x000010e2        0x6 D:\Programy Arduino\Drukarka3D\3D-Printer\3D Printer\3D Printer\ArduinoCore\Debug\libArduinoCore.a(Print.o)
                0x000010e2                _ZN5Print7printlnEv
 .text._ZN5Print7printlnEPKc
                0x000010e8       0x20 D:\Programy Arduino\Drukarka3D\3D-Printer\3D Printer\3D Printer\ArduinoCore\Debug\libArduinoCore.a(Print.o)
                0x000010e8                _ZN5Print7printlnEPKc
 .text._ZN5Print11printNumberEmh
                0x00001108       0x8e D:\Programy Arduino\Drukarka3D\3D-Printer\3D Printer\3D Printer\ArduinoCore\Debug\libArduinoCore.a(Print.o)
                0x00001108                _ZN5Print11printNumberEmh
 .text._ZN5Print5printEmi
                0x00001196       0x18 D:\Programy Arduino\Drukarka3D\3D-Printer\3D Printer\3D Printer\ArduinoCore\Debug\libArduinoCore.a(Print.o)
                0x00001196                _ZN5Print5printEmi
 .text._ZN5Print5printEji
                0x000011ae        0xa D:\Programy Arduino\Drukarka3D\3D-Printer\3D Printer\3D Printer\ArduinoCore\Debug\libArduinoCore.a(Print.o)
                0x000011ae                _ZN5Print5printEji
 .text._ZN5Print10printFloatEdh
                0x000011b8      0x18e D:\Programy Arduino\Drukarka3D\3D-Printer\3D Printer\3D Printer\ArduinoCore\Debug\libArduinoCore.a(Print.o)
                0x000011b8                _ZN5Print10printFloatEdh
 .text._ZN5Print7printlnEdi
                0x00001346       0x20 D:\Programy Arduino\Drukarka3D\3D-Printer\3D Printer\3D Printer\ArduinoCore\Debug\libArduinoCore.a(Print.o)
                0x00001346                _ZN5Print7printlnEdi
 .text._ZN6Stream9timedReadEv
                0x00001366       0x5c D:\Programy Arduino\Drukarka3D\3D-Printer\3D Printer\3D Printer\ArduinoCore\Debug\libArduinoCore.a(Stream.o)
                0x00001366                _ZN6Stream9timedReadEv
 .text._ZN6Stream10readStringEv
                0x000013c2       0x2e D:\Programy Arduino\Drukarka3D\3D-Printer\3D Printer\3D Printer\ArduinoCore\Debug\libArduinoCore.a(Stream.o)
                0x000013c2                _ZN6Stream10readStringEv
 .text.__vector_23
                0x000013f0       0x94 D:\Programy Arduino\Drukarka3D\3D-Printer\3D Printer\3D Printer\ArduinoCore\Debug\libArduinoCore.a(wiring.o)
                0x000013f0                __vector_23
 .text.millis   0x00001484       0x18 D:\Programy Arduino\Drukarka3D\3D-Printer\3D Printer\3D Printer\ArduinoCore\Debug\libArduinoCore.a(wiring.o)
                0x00001484                millis
 .text.delayMicroseconds
                0x0000149c       0x16 D:\Programy Arduino\Drukarka3D\3D-Printer\3D Printer\3D Printer\ArduinoCore\Debug\libArduinoCore.a(wiring.o)
                0x0000149c                delayMicroseconds
 .text.init     0x000014b2       0xc4 D:\Programy Arduino\Drukarka3D\3D-Printer\3D Printer\3D Printer\ArduinoCore\Debug\libArduinoCore.a(wiring.o)
                0x000014b2                init
 .text.turnOffPWM
                0x00001576       0xaa D:\Programy Arduino\Drukarka3D\3D-Printer\3D Printer\3D Printer\ArduinoCore\Debug\libArduinoCore.a(wiring_digital.o)
 .text.pinMode  0x00001620       0x78 D:\Programy Arduino\Drukarka3D\3D-Printer\3D Printer\3D Printer\ArduinoCore\Debug\libArduinoCore.a(wiring_digital.o)
                0x00001620                pinMode
 .text.digitalWrite
                0x00001698       0x5c D:\Programy Arduino\Drukarka3D\3D-Printer\3D Printer\3D Printer\ArduinoCore\Debug\libArduinoCore.a(wiring_digital.o)
                0x00001698                digitalWrite
 .text.digitalRead
                0x000016f4       0x50 D:\Programy Arduino\Drukarka3D\3D-Printer\3D Printer\3D Printer\ArduinoCore\Debug\libArduinoCore.a(wiring_digital.o)
                0x000016f4                digitalRead
 .text._Z3maplllll
                0x00001744       0x7e D:\Programy Arduino\Drukarka3D\3D-Printer\3D Printer\3D Printer\ArduinoCore\Debug\libArduinoCore.a(WMath.o)
                0x00001744                _Z3maplllll
 .text._ZN6StringD2Ev
                0x000017c2        0x8 D:\Programy Arduino\Drukarka3D\3D-Printer\3D Printer\3D Printer\ArduinoCore\Debug\libArduinoCore.a(WString.o)
                0x000017c2                _ZN6StringD2Ev
                0x000017c2                _ZN6StringD1Ev
 .text._ZN6String10invalidateEv
                0x000017ca       0x22 D:\Programy Arduino\Drukarka3D\3D-Printer\3D Printer\3D Printer\ArduinoCore\Debug\libArduinoCore.a(WString.o)
                0x000017ca                _ZN6String10invalidateEv
 .text._ZN6String12changeBufferEj
                0x000017ec       0x32 D:\Programy Arduino\Drukarka3D\3D-Printer\3D Printer\3D Printer\ArduinoCore\Debug\libArduinoCore.a(WString.o)
                0x000017ec                _ZN6String12changeBufferEj
 .text._ZN6String7reserveEj
                0x0000181e       0x36 D:\Programy Arduino\Drukarka3D\3D-Printer\3D Printer\3D Printer\ArduinoCore\Debug\libArduinoCore.a(WString.o)
                0x0000181e                _ZN6String7reserveEj
 .text._ZN6String4copyEPKcj
                0x00001854       0x3c D:\Programy Arduino\Drukarka3D\3D-Printer\3D Printer\3D Printer\ArduinoCore\Debug\libArduinoCore.a(WString.o)
                0x00001854                _ZN6String4copyEPKcj
 .text._ZN6StringC2EPKc
                0x00001890       0x28 D:\Programy Arduino\Drukarka3D\3D-Printer\3D Printer\3D Printer\ArduinoCore\Debug\libArduinoCore.a(WString.o)
                0x00001890                _ZN6StringC2EPKc
                0x00001890                _ZN6StringC1EPKc
 .text._ZN6String6concatEPKcj
                0x000018b8       0x58 D:\Programy Arduino\Drukarka3D\3D-Printer\3D Printer\3D Printer\ArduinoCore\Debug\libArduinoCore.a(WString.o)
                0x000018b8                _ZN6String6concatEPKcj
 .text._ZN6String6concatEc
                0x00001910       0x26 D:\Programy Arduino\Drukarka3D\3D-Printer\3D Printer\3D Printer\ArduinoCore\Debug\libArduinoCore.a(WString.o)
                0x00001910                _ZN6String6concatEc
 .text._ZNK6String8getBytesEPhjj
                0x00001936       0x5c D:\Programy Arduino\Drukarka3D\3D-Printer\3D Printer\3D Printer\ArduinoCore\Debug\libArduinoCore.a(WString.o)
                0x00001936                _ZNK6String8getBytesEPhjj
 .text.avr-libc.fplib
                0x00001992        0x8 d:/atmel studio/7.0/toolchain/avr8/avr8-gnu-toolchain/bin/../lib/gcc/avr/5.4.0/../../../../avr/lib/avr6\libm.a(cmpsf2.o)
                0x00001992                __nesf2
                0x00001992                __eqsf2
                0x00001992                __cmpsf2
                0x00001992                __ltsf2
                0x00001992                __lesf2
 .text.avr-libc.fplib
                0x0000199a        0x4 d:/atmel studio/7.0/toolchain/avr8/avr8-gnu-toolchain/bin/../lib/gcc/avr/5.4.0/../../../../avr/lib/avr6\libm.a(divsf3.o)
                0x0000199a                __divsf3
 .text.avr-libc.fplib
                0x0000199e       0xcc d:/atmel studio/7.0/toolchain/avr8/avr8-gnu-toolchain/bin/../lib/gcc/avr/5.4.0/../../../../avr/lib/avr6\libm.a(divsf3x.o)
                0x000019b4                __divsf3x
                0x000019b8                __divsf3_pse
 .text.avr-libc.fplib
                0x00001a6a        0x4 d:/atmel studio/7.0/toolchain/avr8/avr8-gnu-toolchain/bin/../lib/gcc/avr/5.4.0/../../../../avr/lib/avr6\libm.a(mulsf3.o)
                0x00001a6a                __mulsf3
 .text.avr-libc.fplib
                0x00001a6e       0xc2 d:/atmel studio/7.0/toolchain/avr8/avr8-gnu-toolchain/bin/../lib/gcc/avr/5.4.0/../../../../avr/lib/avr6\libm.a(mulsf3x.o)
                0x00001a82                __mulsf3x
                0x00001a86                __mulsf3_pse
 .text.avr-libc.fplib
                0x00001b30        0x8 d:/atmel studio/7.0/toolchain/avr8/avr8-gnu-toolchain/bin/../lib/gcc/avr/5.4.0/../../../../avr/lib/avr6\libm.a(unordsf2.o)
                0x00001b30                __unordsf2
 .text.libgcc.mul
                0x00001b38       0x1e d:/atmel studio/7.0/toolchain/avr8/avr8-gnu-toolchain/bin/../lib/gcc/avr/5.4.0/avr6\libgcc.a(_mulsi3.o)
                0x00001b38                __mulsi3
 .text.libgcc.div
                0x00001b56       0x44 d:/atmel studio/7.0/toolchain/avr8/avr8-gnu-toolchain/bin/../lib/gcc/avr/5.4.0/avr6\libgcc.a(_udivmodsi4.o)
                0x00001b56                __udivmodsi4
 .text.libgcc.div
                0x00001b9a       0x28 d:/atmel studio/7.0/toolchain/avr8/avr8-gnu-toolchain/bin/../lib/gcc/avr/5.4.0/avr6\libgcc.a(_divmodsi4.o)
                0x00001b9a                __divmodsi4
 .text.libgcc.div
                0x00001bc2       0x10 d:/atmel studio/7.0/toolchain/avr8/avr8-gnu-toolchain/bin/../lib/gcc/avr/5.4.0/avr6\libgcc.a(_negsi2.o)
                0x00001bc2                __negsi2
 .text.libgcc   0x00001bd2       0x10 d:/atmel studio/7.0/toolchain/avr8/avr8-gnu-toolchain/bin/../lib/gcc/avr/5.4.0/avr6\libgcc.a(_tablejump2.o)
                0x00001bd2                __tablejump2__
 .text.libgcc.mul
                0x00001be2       0x14 d:/atmel studio/7.0/toolchain/avr8/avr8-gnu-toolchain/bin/../lib/gcc/avr/5.4.0/avr6\libgcc.a(_muluhisi3.o)
                0x00001be2                __muluhisi3
 .text.libgcc.mul
                0x00001bf6       0x1e d:/atmel studio/7.0/toolchain/avr8/avr8-gnu-toolchain/bin/../lib/gcc/avr/5.4.0/avr6\libgcc.a(_umulhisi3.o)
                0x00001bf6                __umulhisi3
 .text.avr-libc
                0x00001c14      0x242 d:/atmel studio/7.0/toolchain/avr8/avr8-gnu-toolchain/bin/../lib/gcc/avr/5.4.0/../../../../avr/lib/avr6\libc.a(malloc.o)
                0x00001c14                malloc
                0x00001d44                free
 .text.avr-libc
                0x00001e56      0x1c0 d:/atmel studio/7.0/toolchain/avr8/avr8-gnu-toolchain/bin/../lib/gcc/avr/5.4.0/../../../../avr/lib/avr6\libc.a(realloc.o)
                0x00001e56                realloc
 .text.avr-libc
                0x00002016      0x2a8 d:/atmel studio/7.0/toolchain/avr8/avr8-gnu-toolchain/bin/../lib/gcc/avr/5.4.0/../../../../avr/lib/avr6\libc.a(strtod.o)
                0x00002016                strtod
 .text.avr-libc
                0x000022be       0x10 d:/atmel studio/7.0/toolchain/avr8/avr8-gnu-toolchain/bin/../lib/gcc/avr/5.4.0/../../../../avr/lib/avr6\libc.a(isspace.o)
                0x000022be                isspace
 .text.avr-libc
                0x000022ce       0x30 d:/atmel studio/7.0/toolchain/avr8/avr8-gnu-toolchain/bin/../lib/gcc/avr/5.4.0/../../../../avr/lib/avr6\libc.a(strncasecmp_P.o)
                0x000022ce                strncasecmp_P
 .text.avr-libc
                0x000022fe       0x12 d:/atmel studio/7.0/toolchain/avr8/avr8-gnu-toolchain/bin/../lib/gcc/avr/5.4.0/../../../../avr/lib/avr6\libc.a(memcpy.o)
                0x000022fe                memcpy
 .text.avr-libc
                0x00002310        0xe d:/atmel studio/7.0/toolchain/avr8/avr8-gnu-toolchain/bin/../lib/gcc/avr/5.4.0/../../../../avr/lib/avr6\libc.a(strcpy.o)
                0x00002310                strcpy
 .text.avr-libc
                0x0000231e       0x14 d:/atmel studio/7.0/toolchain/avr8/avr8-gnu-toolchain/bin/../lib/gcc/avr/5.4.0/../../../../avr/lib/avr6\libc.a(strlwr.o)
                0x0000231e                strlwr
 .text.avr-libc
                0x00002332       0x1e d:/atmel studio/7.0/toolchain/avr8/avr8-gnu-toolchain/bin/../lib/gcc/avr/5.4.0/../../../../avr/lib/avr6\libc.a(strncpy.o)
                0x00002332                strncpy
 .text.avr-libc
                0x00002350        0x6 d:/atmel studio/7.0/toolchain/avr8/avr8-gnu-toolchain/bin/../lib/gcc/avr/5.4.0/../../../../avr/lib/avr6\libc.a(cty_isfalse.o)
                0x00002350                __ctype_isfalse
                0x00002354                __ctype_istrue
                0x00002356                . = ALIGN (0x2)
 *(.fini9)
 .fini9         0x00002356        0x0 d:/atmel studio/7.0/toolchain/avr8/avr8-gnu-toolchain/bin/../lib/gcc/avr/5.4.0/avr6\libgcc.a(_exit.o)
                0x00002356                _exit
                0x00002356                exit
 *(.fini9)
 *(.fini8)
 *(.fini8)
 *(.fini7)
 *(.fini7)
 *(.fini6)
 .fini6         0x00002356       0x1e d:/atmel studio/7.0/toolchain/avr8/avr8-gnu-toolchain/bin/../lib/gcc/avr/5.4.0/avr6\libgcc.a(_dtors.o)
                0x00002356                __do_global_dtors
 *(.fini6)
 *(.fini5)
 *(.fini5)
 *(.fini4)
 *(.fini4)
 *(.fini3)
 *(.fini3)
 *(.fini2)
 *(.fini2)
 *(.fini1)
 *(.fini1)
 *(.fini0)
 .fini0         0x00002374        0x4 d:/atmel studio/7.0/toolchain/avr8/avr8-gnu-toolchain/bin/../lib/gcc/avr/5.4.0/avr6\libgcc.a(_exit.o)
 *(.fini0)
                0x00002378                _etext = .

.data           0x00800200       0x32 load address 0x00002378
                0x00800200                PROVIDE (__data_start, .)
 *(.data)
 .data          0x00800200        0x6 d:/atmel studio/7.0/toolchain/avr8/avr8-gnu-toolchain/bin/../lib/gcc/avr/5.4.0/../../../../avr/lib/avr6\libc.a(malloc.o)
                0x00800200                __malloc_heap_end
                0x00800202                __malloc_heap_start
                0x00800204                __malloc_margin
 *(.data*)
 *(.rodata)
 *(.rodata*)
 .rodata.str1.1
                0x00800206        0xb Sketch.o
                                  0xc (size before relaxing)
 .rodata._ZTV14HardwareSerial
                0x00800211       0x12 D:\Programy Arduino\Drukarka3D\3D-Printer\3D Printer\3D Printer\ArduinoCore\Debug\libArduinoCore.a(HardwareSerial.o)
                0x00800211                _ZTV14HardwareSerial
 .rodata.str1.1
                0x00800223        0xf D:\Programy Arduino\Drukarka3D\3D-Printer\3D Printer\3D Printer\ArduinoCore\Debug\libArduinoCore.a(Print.o)
 .rodata.str1.1
                0x00800232        0x1 D:\Programy Arduino\Drukarka3D\3D-Printer\3D Printer\3D Printer\ArduinoCore\Debug\libArduinoCore.a(Stream.o)
 *(.gnu.linkonce.d*)
                0x00800234                . = ALIGN (0x2)
                0x00800234                _edata = .
                0x00800234                PROVIDE (__data_end, .)

.bss            0x00800232       0xc2
                0x00800232                PROVIDE (__bss_start, .)
 *(.bss)
 *(.bss*)
 .bss.readBuffer
                0x00800232        0x6 Sketch.o
                0x00800232                readBuffer
 .bss.steps     0x00800238       0x10 Sketch.o
                0x00800238                steps
 .bss.Serial    0x00800248       0x9d D:\Programy Arduino\Drukarka3D\3D-Printer\3D Printer\3D Printer\ArduinoCore\Debug\libArduinoCore.a(HardwareSerial0.o)
                0x00800248                Serial
 .bss.timer0_fract
                0x008002e5        0x1 D:\Programy Arduino\Drukarka3D\3D-Printer\3D Printer\3D Printer\ArduinoCore\Debug\libArduinoCore.a(wiring.o)
 .bss.timer0_millis
                0x008002e6        0x4 D:\Programy Arduino\Drukarka3D\3D-Printer\3D Printer\3D Printer\ArduinoCore\Debug\libArduinoCore.a(wiring.o)
                0x008002e6                timer0_millis
 .bss.timer0_overflow_count
                0x008002ea        0x4 D:\Programy Arduino\Drukarka3D\3D-Printer\3D Printer\3D Printer\ArduinoCore\Debug\libArduinoCore.a(wiring.o)
                0x008002ea                timer0_overflow_count
 *(COMMON)
 COMMON         0x008002ee        0x4 d:/atmel studio/7.0/toolchain/avr8/avr8-gnu-toolchain/bin/../lib/gcc/avr/5.4.0/../../../../avr/lib/avr6\libc.a(malloc.o)
                0x008002ee                __brkval
                0x008002f0                __flp
 COMMON         0x008002f2        0x2 d:/atmel studio/7.0/toolchain/avr8/avr8-gnu-toolchain/bin/../lib/gcc/avr/5.4.0/../../../../avr/lib/avr6\libc.a(errno.o)
                0x008002f2                errno
                0x008002f4                PROVIDE (__bss_end, .)
                0x00002378                __data_load_start = LOADADDR (.data)
                0x000023aa                __data_load_end = (__data_load_start + SIZEOF (.data))

.noinit         0x008002f4        0x0
                [!provide]                PROVIDE (__noinit_start, .)
 *(.noinit*)
                [!provide]                PROVIDE (__noinit_end, .)
                0x008002f4                _end = .
                0x008002f4                PROVIDE (__heap_start, .)

.eeprom         0x00810000        0x0
 *(.eeprom*)
                0x00810000                __eeprom_end = .

.fuse
 *(.fuse)
 *(.lfuse)
 *(.hfuse)
 *(.efuse)

.lock
 *(.lock*)

.signature
 *(.signature*)

.user_signatures
 *(.user_signatures*)

.stab
 *(.stab)

.stabstr
 *(.stabstr)

.stab.excl
 *(.stab.excl)

.stab.exclstr
 *(.stab.exclstr)

.stab.index
 *(.stab.index)

.stab.indexstr
 *(.stab.indexstr)

.comment        0x00000000       0x5c
 *(.comment)
 .comment       0x00000000       0x30 Sketch.o
                                 0x31 (size before relaxing)
 .comment       0x00000030       0x31 Source files/LimitSwitch.o
 .comment       0x00000030       0x31 Source files/SerialDecoder.o
 .comment       0x00000030       0x31 Source files/StepperMotor.o
 .comment       0x00000030       0x31 D:\Programy Arduino\Drukarka3D\3D-Printer\3D Printer\3D Printer\ArduinoCore\Debug\libArduinoCore.a(HardwareSerial.o)
 .comment       0x00000030       0x31 D:\Programy Arduino\Drukarka3D\3D-Printer\3D Printer\3D Printer\ArduinoCore\Debug\libArduinoCore.a(HardwareSerial0.o)
 .comment       0x00000030       0x31 D:\Programy Arduino\Drukarka3D\3D-Printer\3D Printer\3D Printer\ArduinoCore\Debug\libArduinoCore.a(main.o)
 .comment       0x00000030       0x31 D:\Programy Arduino\Drukarka3D\3D-Printer\3D Printer\3D Printer\ArduinoCore\Debug\libArduinoCore.a(Print.o)
 .comment       0x00000030       0x31 D:\Programy Arduino\Drukarka3D\3D-Printer\3D Printer\3D Printer\ArduinoCore\Debug\libArduinoCore.a(Stream.o)
 .comment       0x00000030       0x31 D:\Programy Arduino\Drukarka3D\3D-Printer\3D Printer\3D Printer\ArduinoCore\Debug\libArduinoCore.a(wiring.o)
 .comment       0x00000030       0x31 D:\Programy Arduino\Drukarka3D\3D-Printer\3D Printer\3D Printer\ArduinoCore\Debug\libArduinoCore.a(wiring_digital.o)
 .comment       0x00000030       0x31 D:\Programy Arduino\Drukarka3D\3D-Printer\3D Printer\3D Printer\ArduinoCore\Debug\libArduinoCore.a(WMath.o)
 .comment       0x00000030       0x31 D:\Programy Arduino\Drukarka3D\3D-Printer\3D Printer\3D Printer\ArduinoCore\Debug\libArduinoCore.a(WString.o)
 .comment       0x00000030       0x31 d:/atmel studio/7.0/toolchain/avr8/avr8-gnu-toolchain/bin/../lib/gcc/avr/5.4.0/../../../../avr/lib/avr6\libc.a(malloc.o)
 .comment       0x00000030       0x31 d:/atmel studio/7.0/toolchain/avr8/avr8-gnu-toolchain/bin/../lib/gcc/avr/5.4.0/../../../../avr/lib/avr6\libc.a(realloc.o)
 .comment       0x00000030       0x31 d:/atmel studio/7.0/toolchain/avr8/avr8-gnu-toolchain/bin/../lib/gcc/avr/5.4.0/../../../../avr/lib/avr6\libc.a(strtod.o)
 .comment       0x00000030       0x2c d:/atmel studio/7.0/toolchain/avr8/avr8-gnu-toolchain/bin/../lib/gcc/avr/5.4.0/../../../../avr/lib/avr6\libc.a(errno.o)
                                 0x2d (size before relaxing)

.note.gnu.avr.deviceinfo
                0x00000000       0x40
 .note.gnu.avr.deviceinfo
                0x00000000       0x40 D:/Atmel Studio/7.0/Packs/atmel/ATmega_DFP/1.2.132/gcc/dev/atmega2560/avr6/crtatmega2560.o

.note.gnu.build-id
 *(.note.gnu.build-id)

.debug
 *(.debug)

.line
 *(.line)

.debug_srcinfo
 *(.debug_srcinfo)

.debug_sfnames
 *(.debug_sfnames)

.debug_aranges  0x00000000      0x6e0
 *(.debug_aranges)
 .debug_aranges
                0x00000000       0x38 Sketch.o
 .debug_aranges
                0x00000038       0x20 Source files/LimitSwitch.o
 .debug_aranges
                0x00000058       0x38 Source files/SerialDecoder.o
 .debug_aranges
                0x00000090       0x58 Source files/StepperMotor.o
 .debug_aranges
                0x000000e8       0x68 D:\Programy Arduino\Drukarka3D\3D-Printer\3D Printer\3D Printer\ArduinoCore\Debug\libArduinoCore.a(HardwareSerial.o)
 .debug_aranges
                0x00000150       0x48 D:\Programy Arduino\Drukarka3D\3D-Printer\3D Printer\3D Printer\ArduinoCore\Debug\libArduinoCore.a(HardwareSerial0.o)
 .debug_aranges
                0x00000198       0x30 D:\Programy Arduino\Drukarka3D\3D-Printer\3D Printer\3D Printer\ArduinoCore\Debug\libArduinoCore.a(main.o)
 .debug_aranges
                0x000001c8      0x100 D:\Programy Arduino\Drukarka3D\3D-Printer\3D Printer\3D Printer\ArduinoCore\Debug\libArduinoCore.a(Print.o)
 .debug_aranges
                0x000002c8       0x98 D:\Programy Arduino\Drukarka3D\3D-Printer\3D Printer\3D Printer\ArduinoCore\Debug\libArduinoCore.a(Stream.o)
 .debug_aranges
                0x00000360       0x48 D:\Programy Arduino\Drukarka3D\3D-Printer\3D Printer\3D Printer\ArduinoCore\Debug\libArduinoCore.a(wiring.o)
 .debug_aranges
                0x000003a8       0x38 D:\Programy Arduino\Drukarka3D\3D-Printer\3D Printer\3D Printer\ArduinoCore\Debug\libArduinoCore.a(wiring_digital.o)
 .debug_aranges
                0x000003e0       0x48 D:\Programy Arduino\Drukarka3D\3D-Printer\3D Printer\3D Printer\ArduinoCore\Debug\libArduinoCore.a(WMath.o)
 .debug_aranges
                0x00000428      0x2b8 D:\Programy Arduino\Drukarka3D\3D-Printer\3D Printer\3D Printer\ArduinoCore\Debug\libArduinoCore.a(WString.o)

.debug_pubnames
 *(.debug_pubnames)

.debug_info     0x00000000    0x11e8c
 *(.debug_info .gnu.linkonce.wi.*)
 .debug_info    0x00000000      0xbbc D:/Atmel Studio/7.0/Packs/atmel/ATmega_DFP/1.2.132/gcc/dev/atmega2560/avr6/crtatmega2560.o
 .debug_info    0x00000bbc     0x1aeb Sketch.o
 .debug_info    0x000026a7      0x286 Source files/LimitSwitch.o
 .debug_info    0x0000292d     0x1540 Source files/SerialDecoder.o
 .debug_info    0x00003e6d      0x8af Source files/StepperMotor.o
 .debug_info    0x0000471c     0x1f83 D:\Programy Arduino\Drukarka3D\3D-Printer\3D Printer\3D Printer\ArduinoCore\Debug\libArduinoCore.a(HardwareSerial.o)
 .debug_info    0x0000669f     0x1b74 D:\Programy Arduino\Drukarka3D\3D-Printer\3D Printer\3D Printer\ArduinoCore\Debug\libArduinoCore.a(HardwareSerial0.o)
 .debug_info    0x00008213      0x295 D:\Programy Arduino\Drukarka3D\3D-Printer\3D Printer\3D Printer\ArduinoCore\Debug\libArduinoCore.a(main.o)
 .debug_info    0x000084a8     0x295d D:\Programy Arduino\Drukarka3D\3D-Printer\3D Printer\3D Printer\ArduinoCore\Debug\libArduinoCore.a(Print.o)
 .debug_info    0x0000ae05     0x21bc D:\Programy Arduino\Drukarka3D\3D-Printer\3D Printer\3D Printer\ArduinoCore\Debug\libArduinoCore.a(Stream.o)
 .debug_info    0x0000cfc1      0x329 D:\Programy Arduino\Drukarka3D\3D-Printer\3D Printer\3D Printer\ArduinoCore\Debug\libArduinoCore.a(wiring.o)
 .debug_info    0x0000d2ea      0x63a D:\Programy Arduino\Drukarka3D\3D-Printer\3D Printer\3D Printer\ArduinoCore\Debug\libArduinoCore.a(wiring_digital.o)
 .debug_info    0x0000d924      0x230 D:\Programy Arduino\Drukarka3D\3D-Printer\3D Printer\3D Printer\ArduinoCore\Debug\libArduinoCore.a(WMath.o)
 .debug_info    0x0000db54     0x4338 D:\Programy Arduino\Drukarka3D\3D-Printer\3D Printer\3D Printer\ArduinoCore\Debug\libArduinoCore.a(WString.o)

.debug_abbrev   0x00000000     0x2fc2
 *(.debug_abbrev)
 .debug_abbrev  0x00000000      0xb1a D:/Atmel Studio/7.0/Packs/atmel/ATmega_DFP/1.2.132/gcc/dev/atmega2560/avr6/crtatmega2560.o
 .debug_abbrev  0x00000b1a      0x3ac Sketch.o
 .debug_abbrev  0x00000ec6       0xd3 Source files/LimitSwitch.o
 .debug_abbrev  0x00000f99      0x350 Source files/SerialDecoder.o
 .debug_abbrev  0x000012e9      0x21e Source files/StepperMotor.o
 .debug_abbrev  0x00001507      0x432 D:\Programy Arduino\Drukarka3D\3D-Printer\3D Printer\3D Printer\ArduinoCore\Debug\libArduinoCore.a(HardwareSerial.o)
 .debug_abbrev  0x00001939      0x3ce D:\Programy Arduino\Drukarka3D\3D-Printer\3D Printer\3D Printer\ArduinoCore\Debug\libArduinoCore.a(HardwareSerial0.o)
 .debug_abbrev  0x00001d07      0x12d D:\Programy Arduino\Drukarka3D\3D-Printer\3D Printer\3D Printer\ArduinoCore\Debug\libArduinoCore.a(main.o)
 .debug_abbrev  0x00001e34      0x47a D:\Programy Arduino\Drukarka3D\3D-Printer\3D Printer\3D Printer\ArduinoCore\Debug\libArduinoCore.a(Print.o)
 .debug_abbrev  0x000022ae      0x487 D:\Programy Arduino\Drukarka3D\3D-Printer\3D Printer\3D Printer\ArduinoCore\Debug\libArduinoCore.a(Stream.o)
 .debug_abbrev  0x00002735      0x146 D:\Programy Arduino\Drukarka3D\3D-Printer\3D Printer\3D Printer\ArduinoCore\Debug\libArduinoCore.a(wiring.o)
 .debug_abbrev  0x0000287b      0x15a D:\Programy Arduino\Drukarka3D\3D-Printer\3D Printer\3D Printer\ArduinoCore\Debug\libArduinoCore.a(wiring_digital.o)
 .debug_abbrev  0x000029d5      0x12b D:\Programy Arduino\Drukarka3D\3D-Printer\3D Printer\3D Printer\ArduinoCore\Debug\libArduinoCore.a(WMath.o)
 .debug_abbrev  0x00002b00      0x4c2 D:\Programy Arduino\Drukarka3D\3D-Printer\3D Printer\3D Printer\ArduinoCore\Debug\libArduinoCore.a(WString.o)

.debug_line     0x00000000     0x39c9
 *(.debug_line .debug_line.* .debug_line_end)
 .debug_line    0x00000000      0x1f9 D:/Atmel Studio/7.0/Packs/atmel/ATmega_DFP/1.2.132/gcc/dev/atmega2560/avr6/crtatmega2560.o
 .debug_line    0x000001f9      0x27d Sketch.o
 .debug_line    0x00000476      0x133 Source files/LimitSwitch.o
 .debug_line    0x000005a9      0x280 Source files/SerialDecoder.o
 .debug_line    0x00000829      0x3ff Source files/StepperMotor.o
 .debug_line    0x00000c28      0x461 D:\Programy Arduino\Drukarka3D\3D-Printer\3D Printer\3D Printer\ArduinoCore\Debug\libArduinoCore.a(HardwareSerial.o)
 .debug_line    0x00001089      0x260 D:\Programy Arduino\Drukarka3D\3D-Printer\3D Printer\3D Printer\ArduinoCore\Debug\libArduinoCore.a(HardwareSerial0.o)
 .debug_line    0x000012e9      0x14d D:\Programy Arduino\Drukarka3D\3D-Printer\3D Printer\3D Printer\ArduinoCore\Debug\libArduinoCore.a(main.o)
 .debug_line    0x00001436      0x659 D:\Programy Arduino\Drukarka3D\3D-Printer\3D Printer\3D Printer\ArduinoCore\Debug\libArduinoCore.a(Print.o)
 .debug_line    0x00001a8f      0x5cb D:\Programy Arduino\Drukarka3D\3D-Printer\3D Printer\3D Printer\ArduinoCore\Debug\libArduinoCore.a(Stream.o)
 .debug_line    0x0000205a      0x2b7 D:\Programy Arduino\Drukarka3D\3D-Printer\3D Printer\3D Printer\ArduinoCore\Debug\libArduinoCore.a(wiring.o)
 .debug_line    0x00002311      0x270 D:\Programy Arduino\Drukarka3D\3D-Printer\3D Printer\3D Printer\ArduinoCore\Debug\libArduinoCore.a(wiring_digital.o)
 .debug_line    0x00002581      0x12f D:\Programy Arduino\Drukarka3D\3D-Printer\3D Printer\3D Printer\ArduinoCore\Debug\libArduinoCore.a(WMath.o)
 .debug_line    0x000026b0     0x1319 D:\Programy Arduino\Drukarka3D\3D-Printer\3D Printer\3D Printer\ArduinoCore\Debug\libArduinoCore.a(WString.o)

.debug_frame    0x00000000     0x1798
 *(.debug_frame)
 .debug_frame   0x00000000       0x64 Sketch.o
 .debug_frame   0x00000064       0x24 Source files/LimitSwitch.o
 .debug_frame   0x00000088       0x80 Source files/SerialDecoder.o
 .debug_frame   0x00000108      0x128 Source files/StepperMotor.o
 .debug_frame   0x00000230      0x110 D:\Programy Arduino\Drukarka3D\3D-Printer\3D Printer\3D Printer\ArduinoCore\Debug\libArduinoCore.a(HardwareSerial.o)
 .debug_frame   0x00000340       0xe0 D:\Programy Arduino\Drukarka3D\3D-Printer\3D Printer\3D Printer\ArduinoCore\Debug\libArduinoCore.a(HardwareSerial0.o)
 .debug_frame   0x00000420       0x54 D:\Programy Arduino\Drukarka3D\3D-Printer\3D Printer\3D Printer\ArduinoCore\Debug\libArduinoCore.a(main.o)
 .debug_frame   0x00000474      0x3ac D:\Programy Arduino\Drukarka3D\3D-Printer\3D Printer\3D Printer\ArduinoCore\Debug\libArduinoCore.a(Print.o)
 .debug_frame   0x00000820      0x2e4 D:\Programy Arduino\Drukarka3D\3D-Printer\3D Printer\3D Printer\ArduinoCore\Debug\libArduinoCore.a(Stream.o)
 .debug_frame   0x00000b04       0xc4 D:\Programy Arduino\Drukarka3D\3D-Printer\3D Printer\3D Printer\ArduinoCore\Debug\libArduinoCore.a(wiring.o)
 .debug_frame   0x00000bc8       0x7c D:\Programy Arduino\Drukarka3D\3D-Printer\3D Printer\3D Printer\ArduinoCore\Debug\libArduinoCore.a(wiring_digital.o)
 .debug_frame   0x00000c44       0xf4 D:\Programy Arduino\Drukarka3D\3D-Printer\3D Printer\3D Printer\ArduinoCore\Debug\libArduinoCore.a(WMath.o)
 .debug_frame   0x00000d38      0xa60 D:\Programy Arduino\Drukarka3D\3D-Printer\3D Printer\3D Printer\ArduinoCore\Debug\libArduinoCore.a(WString.o)

.debug_str      0x00000000     0x29ed
 *(.debug_str)
 .debug_str     0x00000000      0x3e6 D:/Atmel Studio/7.0/Packs/atmel/ATmega_DFP/1.2.132/gcc/dev/atmega2560/avr6/crtatmega2560.o
 .debug_str     0x000003e6     0x12d5 Sketch.o
                               0x138e (size before relaxing)
 .debug_str     0x000016bb       0x60 Source files/LimitSwitch.o
                                0x2ae (size before relaxing)
 .debug_str     0x0000171b       0xe7 Source files/SerialDecoder.o
                                0xee7 (size before relaxing)
 .debug_str     0x00001802      0x13e Source files/StepperMotor.o
                                0x463 (size before relaxing)
 .debug_str     0x00001940      0x4eb D:\Programy Arduino\Drukarka3D\3D-Printer\3D Printer\3D Printer\ArduinoCore\Debug\libArduinoCore.a(HardwareSerial.o)
                               0x16c9 (size before relaxing)
 .debug_str     0x00001e2b       0x86 D:\Programy Arduino\Drukarka3D\3D-Printer\3D Printer\3D Printer\ArduinoCore\Debug\libArduinoCore.a(HardwareSerial0.o)
                               0x140d (size before relaxing)
 .debug_str     0x00001eb1       0x37 D:\Programy Arduino\Drukarka3D\3D-Printer\3D Printer\3D Printer\ArduinoCore\Debug\libArduinoCore.a(main.o)
                                0x2b9 (size before relaxing)
 .debug_str     0x00001ee8      0x3b9 D:\Programy Arduino\Drukarka3D\3D-Printer\3D Printer\3D Printer\ArduinoCore\Debug\libArduinoCore.a(Print.o)
                               0x1247 (size before relaxing)
 .debug_str     0x000022a1       0x9d D:\Programy Arduino\Drukarka3D\3D-Printer\3D Printer\3D Printer\ArduinoCore\Debug\libArduinoCore.a(Stream.o)
                               0x126b (size before relaxing)
 .debug_str     0x0000233e      0x158 D:\Programy Arduino\Drukarka3D\3D-Printer\3D Printer\3D Printer\ArduinoCore\Debug\libArduinoCore.a(wiring.o)
                                0x24f (size before relaxing)
 .debug_str     0x00002496       0xbb D:\Programy Arduino\Drukarka3D\3D-Printer\3D Printer\3D Printer\ArduinoCore\Debug\libArduinoCore.a(wiring_digital.o)
                                0x2b4 (size before relaxing)
 .debug_str     0x00002551       0xa7 D:\Programy Arduino\Drukarka3D\3D-Printer\3D Printer\3D Printer\ArduinoCore\Debug\libArduinoCore.a(WMath.o)
                                0x252 (size before relaxing)
 .debug_str     0x000025f8      0x3f5 D:\Programy Arduino\Drukarka3D\3D-Printer\3D Printer\3D Printer\ArduinoCore\Debug\libArduinoCore.a(WString.o)
                               0x119a (size before relaxing)

.debug_loc      0x00000000     0x8cca
 *(.debug_loc)
 .debug_loc     0x00000000       0x5d Sketch.o
 .debug_loc     0x0000005d      0x2db Source files/SerialDecoder.o
 .debug_loc     0x00000338      0x430 Source files/StepperMotor.o
 .debug_loc     0x00000768      0x482 D:\Programy Arduino\Drukarka3D\3D-Printer\3D Printer\3D Printer\ArduinoCore\Debug\libArduinoCore.a(HardwareSerial.o)
 .debug_loc     0x00000bea      0x1b0 D:\Programy Arduino\Drukarka3D\3D-Printer\3D Printer\3D Printer\ArduinoCore\Debug\libArduinoCore.a(HardwareSerial0.o)
 .debug_loc     0x00000d9a     0x1c87 D:\Programy Arduino\Drukarka3D\3D-Printer\3D Printer\3D Printer\ArduinoCore\Debug\libArduinoCore.a(Print.o)
 .debug_loc     0x00002a21     0x14ae D:\Programy Arduino\Drukarka3D\3D-Printer\3D Printer\3D Printer\ArduinoCore\Debug\libArduinoCore.a(Stream.o)
 .debug_loc     0x00003ecf      0x28d D:\Programy Arduino\Drukarka3D\3D-Printer\3D Printer\3D Printer\ArduinoCore\Debug\libArduinoCore.a(wiring.o)
 .debug_loc     0x0000415c      0x56b D:\Programy Arduino\Drukarka3D\3D-Printer\3D Printer\3D Printer\ArduinoCore\Debug\libArduinoCore.a(wiring_digital.o)
 .debug_loc     0x000046c7      0x3d6 D:\Programy Arduino\Drukarka3D\3D-Printer\3D Printer\3D Printer\ArduinoCore\Debug\libArduinoCore.a(WMath.o)
 .debug_loc     0x00004a9d     0x422d D:\Programy Arduino\Drukarka3D\3D-Printer\3D Printer\3D Printer\ArduinoCore\Debug\libArduinoCore.a(WString.o)

.debug_macinfo
 *(.debug_macinfo)

.debug_weaknames
 *(.debug_weaknames)

.debug_funcnames
 *(.debug_funcnames)

.debug_typenames
 *(.debug_typenames)

.debug_varnames
 *(.debug_varnames)

.debug_pubtypes
 *(.debug_pubtypes)

.debug_ranges   0x00000000      0x6c0
 *(.debug_ranges)
 .debug_ranges  0x00000000       0x28 Sketch.o
 .debug_ranges  0x00000028       0x10 Source files/LimitSwitch.o
 .debug_ranges  0x00000038       0x28 Source files/SerialDecoder.o
 .debug_ranges  0x00000060       0x48 Source files/StepperMotor.o
 .debug_ranges  0x000000a8       0x58 D:\Programy Arduino\Drukarka3D\3D-Printer\3D Printer\3D Printer\ArduinoCore\Debug\libArduinoCore.a(HardwareSerial.o)
 .debug_ranges  0x00000100       0x38 D:\Programy Arduino\Drukarka3D\3D-Printer\3D Printer\3D Printer\ArduinoCore\Debug\libArduinoCore.a(HardwareSerial0.o)
 .debug_ranges  0x00000138       0x20 D:\Programy Arduino\Drukarka3D\3D-Printer\3D Printer\3D Printer\ArduinoCore\Debug\libArduinoCore.a(main.o)
 .debug_ranges  0x00000158      0x120 D:\Programy Arduino\Drukarka3D\3D-Printer\3D Printer\3D Printer\ArduinoCore\Debug\libArduinoCore.a(Print.o)
 .debug_ranges  0x00000278       0xb8 D:\Programy Arduino\Drukarka3D\3D-Printer\3D Printer\3D Printer\ArduinoCore\Debug\libArduinoCore.a(Stream.o)
 .debug_ranges  0x00000330       0x38 D:\Programy Arduino\Drukarka3D\3D-Printer\3D Printer\3D Printer\ArduinoCore\Debug\libArduinoCore.a(wiring.o)
 .debug_ranges  0x00000368       0x28 D:\Programy Arduino\Drukarka3D\3D-Printer\3D Printer\3D Printer\ArduinoCore\Debug\libArduinoCore.a(wiring_digital.o)
 .debug_ranges  0x00000390       0x38 D:\Programy Arduino\Drukarka3D\3D-Printer\3D Printer\3D Printer\ArduinoCore\Debug\libArduinoCore.a(WMath.o)
 .debug_ranges  0x000003c8      0x2f8 D:\Programy Arduino\Drukarka3D\3D-Printer\3D Printer\3D Printer\ArduinoCore\Debug\libArduinoCore.a(WString.o)

.debug_macro
 *(.debug_macro)
OUTPUT(3D-Printer.elf elf32-avr)
LOAD linker stubs
