Archive member included to satisfy reference by file (symbol)

c:/program files (x86)/atmel/studio/7.0/toolchain/avr8/avr8-gnu-toolchain/bin/../lib/gcc/avr/5.4.0/../../../../avr/lib/avr6\libm.a(fixsfsi.o)
                              Sketch.o (__fixsfsi)
c:/program files (x86)/atmel/studio/7.0/toolchain/avr8/avr8-gnu-toolchain/bin/../lib/gcc/avr/5.4.0/../../../../avr/lib/avr6\libm.a(fixunssfsi.o)
                              c:/program files (x86)/atmel/studio/7.0/toolchain/avr8/avr8-gnu-toolchain/bin/../lib/gcc/avr/5.4.0/../../../../avr/lib/avr6\libm.a(fixsfsi.o) (__fixunssfsi)
c:/program files (x86)/atmel/studio/7.0/toolchain/avr8/avr8-gnu-toolchain/bin/../lib/gcc/avr/5.4.0/../../../../avr/lib/avr6\libm.a(fp_split3.o)
                              c:/program files (x86)/atmel/studio/7.0/toolchain/avr8/avr8-gnu-toolchain/bin/../lib/gcc/avr/5.4.0/../../../../avr/lib/avr6\libm.a(fixunssfsi.o) (__fp_splitA)
c:/program files (x86)/atmel/studio/7.0/toolchain/avr8/avr8-gnu-toolchain/bin/../lib/gcc/avr/5.4.0/../../../../avr/lib/avr6\libm.a(fp_zero.o)
                              c:/program files (x86)/atmel/studio/7.0/toolchain/avr8/avr8-gnu-toolchain/bin/../lib/gcc/avr/5.4.0/../../../../avr/lib/avr6\libm.a(fixunssfsi.o) (__fp_zero)
C:\Users\Adam\Documents\GitHub\3D-Printer\3D Printer\3D Printer\ArduinoCore\Debug\libArduinoCore.a(HardwareSerial.o)
                              Sketch.o (_ZN14HardwareSerial9availableEv)
C:\Users\Adam\Documents\GitHub\3D-Printer\3D Printer\3D Printer\ArduinoCore\Debug\libArduinoCore.a(HardwareSerial0.o)
                              Sketch.o (Serial)
C:\Users\Adam\Documents\GitHub\3D-Printer\3D Printer\3D Printer\ArduinoCore\Debug\libArduinoCore.a(main.o)
                              C:/Program Files (x86)/Atmel/Studio/7.0/Packs/atmel/ATmega_DFP/1.2.132/gcc/dev/atmega2560/avr6/crtatmega2560.o (main)
C:\Users\Adam\Documents\GitHub\3D-Printer\3D Printer\3D Printer\ArduinoCore\Debug\libArduinoCore.a(Print.o)
                              C:\Users\Adam\Documents\GitHub\3D-Printer\3D Printer\3D Printer\ArduinoCore\Debug\libArduinoCore.a(HardwareSerial.o) (_ZN5Print5writeEPKhj)
C:\Users\Adam\Documents\GitHub\3D-Printer\3D Printer\3D Printer\ArduinoCore\Debug\libArduinoCore.a(Stream.o)
                              Sketch.o (_ZN6Stream10readStringEv)
C:\Users\Adam\Documents\GitHub\3D-Printer\3D Printer\3D Printer\ArduinoCore\Debug\libArduinoCore.a(wiring.o)
                              C:\Users\Adam\Documents\GitHub\3D-Printer\3D Printer\3D Printer\ArduinoCore\Debug\libArduinoCore.a(Stream.o) (millis)
C:\Users\Adam\Documents\GitHub\3D-Printer\3D Printer\3D Printer\ArduinoCore\Debug\libArduinoCore.a(wiring_digital.o)
                              Source files/LimitSwitch.o (pinMode)
C:\Users\Adam\Documents\GitHub\3D-Printer\3D Printer\3D Printer\ArduinoCore\Debug\libArduinoCore.a(WString.o)
                              Sketch.o (_ZN6StringD1Ev)
C:\Users\Adam\Documents\GitHub\3D-Printer\3D Printer\3D Printer\ArduinoCore\Debug\libArduinoCore.a(abi.o)
                              C:\Users\Adam\Documents\GitHub\3D-Printer\3D Printer\3D Printer\ArduinoCore\Debug\libArduinoCore.a(Print.o) (__cxa_pure_virtual)
C:\Users\Adam\Documents\GitHub\3D-Printer\3D Printer\3D Printer\ArduinoCore\Debug\libArduinoCore.a(hooks.o)
                              C:\Users\Adam\Documents\GitHub\3D-Printer\3D Printer\3D Printer\ArduinoCore\Debug\libArduinoCore.a(wiring.o) (yield)
c:/program files (x86)/atmel/studio/7.0/toolchain/avr8/avr8-gnu-toolchain/bin/../lib/gcc/avr/5.4.0/../../../../avr/lib/avr6\libm.a(addsf3.o)
                              C:\Users\Adam\Documents\GitHub\3D-Printer\3D Printer\3D Printer\ArduinoCore\Debug\libArduinoCore.a(Print.o) (__subsf3)
c:/program files (x86)/atmel/studio/7.0/toolchain/avr8/avr8-gnu-toolchain/bin/../lib/gcc/avr/5.4.0/../../../../avr/lib/avr6\libm.a(addsf3x.o)
                              c:/program files (x86)/atmel/studio/7.0/toolchain/avr8/avr8-gnu-toolchain/bin/../lib/gcc/avr/5.4.0/../../../../avr/lib/avr6\libm.a(addsf3.o) (__addsf3x)
c:/program files (x86)/atmel/studio/7.0/toolchain/avr8/avr8-gnu-toolchain/bin/../lib/gcc/avr/5.4.0/../../../../avr/lib/avr6\libm.a(cmpsf2.o)
                              C:\Users\Adam\Documents\GitHub\3D-Printer\3D Printer\3D Printer\ArduinoCore\Debug\libArduinoCore.a(Print.o) (__ltsf2)
c:/program files (x86)/atmel/studio/7.0/toolchain/avr8/avr8-gnu-toolchain/bin/../lib/gcc/avr/5.4.0/../../../../avr/lib/avr6\libm.a(divsf3.o)
                              C:\Users\Adam\Documents\GitHub\3D-Printer\3D Printer\3D Printer\ArduinoCore\Debug\libArduinoCore.a(Print.o) (__divsf3)
c:/program files (x86)/atmel/studio/7.0/toolchain/avr8/avr8-gnu-toolchain/bin/../lib/gcc/avr/5.4.0/../../../../avr/lib/avr6\libm.a(divsf3x.o)
                              c:/program files (x86)/atmel/studio/7.0/toolchain/avr8/avr8-gnu-toolchain/bin/../lib/gcc/avr/5.4.0/../../../../avr/lib/avr6\libm.a(divsf3.o) (__divsf3x)
[...]
Memory Configuration

Name             Origin             Length             Attributes
text             0x00000000         0x00100000         xr
data             0x00800200         0x0000fe00         rw !x
eeprom           0x00810000         0x00010000         rw !x
fuse             0x00820000         0x00000003         rw !x
lock             0x00830000         0x00000400         rw !x
signature        0x00840000         0x00000400         rw !x
user_signatures  0x00850000         0x00000400         rw !x
*default*        0x00000000         0xffffffff

Linker script and memory map

Address of section .data set to 0x800200
LOAD C:/Program Files (x86)/Atmel/Studio/7.0/Packs/atmel/ATmega_DFP/1.2.132/gcc/dev/atmega2560/avr6/crtatmega2560.o
LOAD Sketch.o
LOAD Source files/LimitSwitch.o
LOAD Source files/SerialDecoder.o
LOAD Source files/StepperMotor.o
START GROUP
LOAD c:/program files (x86)/atmel/studio/7.0/toolchain/avr8/avr8-gnu-toolchain/bin/../lib/gcc/avr/5.4.0/../../../../avr/lib/avr6\libm.a
LOAD C:\Users\Adam\Documents\GitHub\3D-Printer\3D Printer\3D Printer\ArduinoCore\Debug\libArduinoCore.a
END GROUP
LOAD c:/program files (x86)/atmel/studio/7.0/toolchain/avr8/avr8-gnu-toolchain/bin/../lib/gcc/avr/5.4.0/avr6\libgcc.a
LOAD c:/program files (x86)/atmel/studio/7.0/toolchain/avr8/avr8-gnu-toolchain/bin/../lib/gcc/avr/5.4.0/../../../../avr/lib/avr6\libm.a
START GROUP
LOAD c:/program files (x86)/atmel/studio/7.0/toolchain/avr8/avr8-gnu-toolchain/bin/../lib/gcc/avr/5.4.0/avr6\libgcc.a
LOAD c:/program files (x86)/atmel/studio/7.0/toolchain/avr8/avr8-gnu-toolchain/bin/../lib/gcc/avr/5.4.0/../../../../avr/lib/avr6\libm.a
LOAD c:/program files (x86)/atmel/studio/7.0/toolchain/avr8/avr8-gnu-toolchain/bin/../lib/gcc/avr/5.4.0/../../../../avr/lib/avr6\libc.a
LOAD C:/Program Files (x86)/Atmel/Studio/7.0/Packs/atmel/ATmega_DFP/1.2.132/gcc/dev/atmega2560/avr6\libatmega2560.a
END GROUP
                0x00100000                __TEXT_REGION_LENGTH__ = DEFINED (__TEXT_REGION_LENGTH__)?__TEXT_REGION_LENGTH__:0x100000
                0x0000fe00                __DATA_REGION_LENGTH__ = DEFINED (__DATA_REGION_LENGTH__)?__DATA_REGION_LENGTH__:0xfe00
                0x00010000                __EEPROM_REGION_LENGTH__ = DEFINED (__EEPROM_REGION_LENGTH__)?__EEPROM_REGION_LENGTH__:0x10000
                [0x00000003]                __FUSE_REGION_LENGTH__ = DEFINED (__FUSE_REGION_LENGTH__)?__FUSE_REGION_LENGTH__:0x400
                0x00000400                __LOCK_REGION_LENGTH__ = DEFINED (__LOCK_REGION_LENGTH__)?__LOCK_REGION_LENGTH__:0x400
                0x00000400                __SIGNATURE_REGION_LENGTH__ = DEFINED (__SIGNATURE_REGION_LENGTH__)?__SIGNATURE_REGION_LENGTH__:0x400
                0x00000400                __USER_SIGNATURE_REGION_LENGTH__ = DEFINED (__USER_SIGNATURE_REGION_LENGTH__)?__USER_SIGNATURE_REGION_LENGTH__:0x400

.hash
 *(.hash)

.dynsym
 *(.dynsym)

.dynstr
 *(.dynstr)

.gnu.version
 *(.gnu.version)

.gnu.version_d
 *(.gnu.version_d)

.gnu.version_r
 *(.gnu.version_r)

.rel.init
 *(.rel.init)

.rela.init
 *(.rela.init)

.rel.text
 *(.rel.text)
 *(.rel.text.*)
 *(.rel.gnu.linkonce.t*)

.rela.text
 *(.rela.text)
 *(.rela.text.*)
 *(.rela.gnu.linkonce.t*)

.rel.fini
 *(.rel.fini)

.rela.fini
 *(.rela.fini)

.rel.rodata
 *(.rel.rodata)
 *(.rel.rodata.*)
 *(.rel.gnu.linkonce.r*)

.rela.rodata
 *(.rela.rodata)
 *(.rela.rodata.*)
 *(.rela.gnu.linkonce.r*)

.rel.data
 *(.rel.data)
 *(.rel.data.*)
 *(.rel.gnu.linkonce.d*)

.rela.data
 *(.rela.data)
 *(.rela.data.*)
 *(.rela.gnu.linkonce.d*)

.rel.ctors
 *(.rel.ctors)

.rela.ctors
 *(.rela.ctors)

.rel.dtors
 *(.rel.dtors)

.rela.dtors
 *(.rela.dtors)

.rel.got
 *(.rel.got)

.rela.got
 *(.rela.got)

.rel.bss
 *(.rel.bss)

.rela.bss
 *(.rela.bss)

.rel.plt
 *(.rel.plt)

.rela.plt
 *(.rela.plt)

.text           0x00000000     0x1b0e
 *(.vectors)
 .vectors       0x00000000       0xe4 C:/Program Files (x86)/Atmel/Studio/7.0/Packs/atmel/ATmega_DFP/1.2.132/gcc/dev/atmega2560/avr6/crtatmega2560.o
                0x00000000                __vector_default
                0x00000000                __vectors
 *(.vectors)
 *(.progmem.gcc*)
 .progmem.gcc_sw_table.turnOffPWM
                0x000000e4       0x24 C:\Users\Adam\Documents\GitHub\3D-Printer\3D Printer\3D Printer\ArduinoCore\Debug\libArduinoCore.a(wiring_digital.o)
                0x00000108                . = ALIGN (0x2)
                0x00000108                __trampolines_start = .
 *(.trampolines)
 .trampolines   0x00000108        0x0 linker stubs
 *(.trampolines*)
                0x00000108                __trampolines_end = .
 *libprintf_flt.a:*(.progmem.data)
 *libc.a:*(.progmem.data)
 .progmem.data  0x00000108       0x3b c:/program files (x86)/atmel/studio/7.0/toolchain/avr8/avr8-gnu-toolchain/bin/../lib/gcc/avr/5.4.0/../../../../avr/lib/avr6\libc.a(strtod.o)
 *(.progmem*)
 .progmem.data.digital_pin_to_timer_PGM
                0x00000143       0x46 C:\Users\Adam\Documents\GitHub\3D-Printer\3D Printer\3D Printer\ArduinoCore\Debug\libArduinoCore.a(wiring_digital.o)
                0x00000143                digital_pin_to_timer_PGM
 .progmem.data.digital_pin_to_bit_mask_PGM
                0x00000189       0x46 C:\Users\Adam\Documents\GitHub\3D-Printer\3D Printer\3D Printer\ArduinoCore\Debug\libArduinoCore.a(wiring_digital.o)
                0x00000189                digital_pin_to_bit_mask_PGM
 .progmem.data.digital_pin_to_port_PGM
                0x000001cf       0x46 C:\Users\Adam\Documents\GitHub\3D-Printer\3D Printer\3D Printer\ArduinoCore\Debug\libArduinoCore.a(wiring_digital.o)
                0x000001cf                digital_pin_to_port_PGM
 .progmem.data.port_to_input_PGM
                0x00000215       0x1a C:\Users\Adam\Documents\GitHub\3D-Printer\3D Printer\3D Printer\ArduinoCore\Debug\libArduinoCore.a(wiring_digital.o)
                0x00000215                port_to_input_PGM
 .progmem.data.port_to_output_PGM
                0x0000022f       0x1a C:\Users\Adam\Documents\GitHub\3D-Printer\3D Printer\3D Printer\ArduinoCore\Debug\libArduinoCore.a(wiring_digital.o)
                0x0000022f                port_to_output_PGM
 .progmem.data.port_to_mode_PGM
                0x00000249       0x1a C:\Users\Adam\Documents\GitHub\3D-Printer\3D Printer\3D Printer\ArduinoCore\Debug\libArduinoCore.a(wiring_digital.o)
                0x00000249                port_to_mode_PGM
                0x00000264                . = ALIGN (0x2)
 *fill*         0x00000263        0x1 
 *(.jumptables)
 *(.jumptables*)
 *(.lowtext)
 *(.lowtext*)
                0x00000264                __ctors_start = .
 *(.ctors)
 .ctors         0x00000264        0x2 C:\Users\Adam\Documents\GitHub\3D-Printer\3D Printer\3D Printer\ArduinoCore\Debug\libArduinoCore.a(HardwareSerial0.o)
                0x00000266                __ctors_end = .
                0x00000266                __dtors_start = .
 *(.dtors)
                0x00000266                __dtors_end = .
 SORT(*)(.ctors)
 SORT(*)(.dtors)
 *(.init0)
 .init0         0x00000266        0x0 C:/Program Files (x86)/Atmel/Studio/7.0/Packs/atmel/ATmega_DFP/1.2.132/gcc/dev/atmega2560/avr6/crtatmega2560.o
                0x00000266                __init
 *(.init0)
 *(.init1)
 *(.init1)
 *(.init2)
 .init2         0x00000266       0x10 C:/Program Files (x86)/Atmel/Studio/7.0/Packs/atmel/ATmega_DFP/1.2.132/gcc/dev/atmega2560/avr6/crtatmega2560.o
 *(.init2)
 *(.init3)
 *(.init3)
 *(.init4)
 .init4         0x00000276       0x1a c:/program files (x86)/atmel/studio/7.0/toolchain/avr8/avr8-gnu-toolchain/bin/../lib/gcc/avr/5.4.0/avr6\libgcc.a(_copy_data.o)
                0x00000276                __do_copy_data
 .init4         0x00000290       0x10 c:/program files (x86)/atmel/studio/7.0/toolchain/avr8/avr8-gnu-toolchain/bin/../lib/gcc/avr/5.4.0/avr6\libgcc.a(_clear_bss.o)
                0x00000290                __do_clear_bss
 *(.init4)
 *(.init5)
 *(.init5)
 *(.init6)
 .init6         0x000002a0       0x20 c:/program files (x86)/atmel/studio/7.0/toolchain/avr8/avr8-gnu-toolchain/bin/../lib/gcc/avr/5.4.0/avr6\libgcc.a(_ctors.o)
                0x000002a0                __do_global_ctors
 *(.init6)
 *(.init7)
 *(.init7)
 *(.init8)
 *(.init8)
 *(.init9)
 .init9         0x000002c0        0x6 C:/Program Files (x86)/Atmel/Studio/7.0/Packs/atmel/ATmega_DFP/1.2.132/gcc/dev/atmega2560/avr6/crtatmega2560.o
 *(.init9)
 *(.text)
 .text          0x000002c6        0x2 C:/Program Files (x86)/Atmel/Studio/7.0/Packs/atmel/ATmega_DFP/1.2.132/gcc/dev/atmega2560/avr6/crtatmega2560.o
                0x000002c6                __vector_38
                0x000002c6                __vector_22
                0x000002c6                __vector_28
                0x000002c6                __vector_1
                0x000002c6                __vector_32
                0x000002c6                __vector_34
                0x000002c6                __vector_24
                0x000002c6                __vector_12
                0x000002c6                __vector_55
                0x000002c6                __vector_46
                0x000002c6                __bad_interrupt
                0x000002c6                __vector_6
                0x000002c6                __vector_31
                0x000002c6                __vector_35
                0x000002c6                __vector_39
                0x000002c6                __vector_3
                0x000002c6                __vector_30
                0x000002c6                __vector_45
                0x000002c6                __vector_11
                0x000002c6                __vector_54
                0x000002c6                __vector_13
                0x000002c6                __vector_17
                0x000002c6                __vector_19
                0x000002c6                __vector_56
                0x000002c6                __vector_7
                0x000002c6                __vector_49
                0x000002c6                __vector_41
                0x000002c6                __vector_43
                0x000002c6                __vector_27
                0x000002c6                __vector_5
                0x000002c6                __vector_33
                0x000002c6                __vector_47
                0x000002c6                __vector_52
                0x000002c6                __vector_37
                0x000002c6                __vector_4
                0x000002c6                __vector_44
                0x000002c6                __vector_51
                0x000002c6                __vector_9
                0x000002c6                __vector_2
                0x000002c6                __vector_21
                0x000002c6                __vector_15
                0x000002c6                __vector_36
                0x000002c6                __vector_29
                0x000002c6                __vector_40
                0x000002c6                __vector_8
                0x000002c6                __vector_48
                0x000002c6                __vector_14
                0x000002c6                __vector_53
                0x000002c6                __vector_10
                0x000002c6                __vector_50
                0x000002c6                __vector_16
                0x000002c6                __vector_18
                0x000002c6                __vector_20
                0x000002c6                __vector_42
                0x000002c8                . = ALIGN (0x2)
 *(.text.*)
 .text.setup    0x000002c8       0x1e Sketch.o
                0x000002c8                setup
 .text.loop     0x000002e6      0x142 Sketch.o
                0x000002e6                loop
 .text._Z18LimitSwitchPinInitv
                0x00000428       0x24 Source files/LimitSwitch.o
                0x00000428                _Z18LimitSwitchPinInitv
 .text._Z12RemoveSpacesPc
                0x0000044c       0x1a Source files/SerialDecoder.o
                0x0000044c                _Z12RemoveSpacesPc
 .text._Z23GetNumberAfterCharacterPcc
                0x00000466       0x1e Source files/SerialDecoder.o
                0x00000466                _Z23GetNumberAfterCharacterPcc
 .text._Z11StepperInitv
                0x00000484       0x48 Source files/StepperMotor.o
                0x00000484                _Z11StepperInitv
 .text._Z11MovementXYZPiS_S_bbb
                0x000004cc       0xe2 Source files/StepperMotor.o
                0x000004cc                _Z11MovementXYZPiS_S_bbb
 .text.avr-libc.fplib
                0x000005ae        0xa c:/program files (x86)/atmel/studio/7.0/toolchain/avr8/avr8-gnu-toolchain/bin/../lib/gcc/avr/5.4.0/../../../../avr/lib/avr6\libm.a(fixsfsi.o)
                0x000005ae                __fixsfsi
 .text.avr-libc.fplib
                0x000005b8       0x58 c:/program files (x86)/atmel/studio/7.0/toolchain/avr8/avr8-gnu-toolchain/bin/../lib/gcc/avr/5.4.0/../../../../avr/lib/avr6\libm.a(fixunssfsi.o)
                0x000005b8                __fixunssfsi
 .text.avr-libc.fplib
                0x00000610       0x44 c:/program files (x86)/atmel/studio/7.0/toolchain/avr8/avr8-gnu-toolchain/bin/../lib/gcc/avr/5.4.0/../../../../avr/lib/avr6\libm.a(fp_split3.o)
                0x00000610                __fp_split3
                0x00000620                __fp_splitA
 .text.avr-libc.fplib
                0x00000654        0xe c:/program files (x86)/atmel/studio/7.0/toolchain/avr8/avr8-gnu-toolchain/bin/../lib/gcc/avr/5.4.0/../../../../avr/lib/avr6\libm.a(fp_zero.o)
                0x00000654                __fp_zero
                0x00000656                __fp_szero
 .text._ZN14HardwareSerial9availableEv
                0x00000662       0x18 C:\Users\Adam\Documents\GitHub\3D-Printer\3D Printer\3D Printer\ArduinoCore\Debug\libArduinoCore.a(HardwareSerial.o)
                0x00000662                _ZN14HardwareSerial9availableEv
 .text._ZN14HardwareSerial4peekEv
                0x0000067a       0x1c C:\Users\Adam\Documents\GitHub\3D-Printer\3D Printer\3D Printer\ArduinoCore\Debug\libArduinoCore.a(HardwareSerial.o)
                0x0000067a                _ZN14HardwareSerial4peekEv
 .text._ZN14HardwareSerial4readEv
                0x00000696       0x28 C:\Users\Adam\Documents\GitHub\3D-Printer\3D Printer\3D Printer\ArduinoCore\Debug\libArduinoCore.a(HardwareSerial.o)
                0x00000696                _ZN14HardwareSerial4readEv
 .text._ZN14HardwareSerial17availableForWriteEv
                0x000006be       0x1e C:\Users\Adam\Documents\GitHub\3D-Printer\3D Printer\3D Printer\ArduinoCore\Debug\libArduinoCore.a(HardwareSerial.o)
                0x000006be                _ZN14HardwareSerial17availableForWriteEv
 .text._Z14serialEventRunv
                0x000006dc       0x78 C:\Users\Adam\Documents\GitHub\3D-Printer\3D Printer\3D Printer\ArduinoCore\Debug\libArduinoCore.a(HardwareSerial.o)
                0x000006dc                _Z14serialEventRunv
 .text._ZN14HardwareSerial17_tx_udr_empty_irqEv
                0x00000754       0x42 C:\Users\Adam\Documents\GitHub\3D-Printer\3D Printer\3D Printer\ArduinoCore\Debug\libArduinoCore.a(HardwareSerial.o)
                0x00000754                _ZN14HardwareSerial17_tx_udr_empty_irqEv
 .text._ZN14HardwareSerial5writeEh
                0x00000796       0x8c C:\Users\Adam\Documents\GitHub\3D-Printer\3D Printer\3D Printer\ArduinoCore\Debug\libArduinoCore.a(HardwareSerial.o)
                0x00000796                _ZN14HardwareSerial5writeEh
 .text._ZN14HardwareSerial5flushEv
                0x00000822       0x42 C:\Users\Adam\Documents\GitHub\3D-Printer\3D Printer\3D Printer\ArduinoCore\Debug\libArduinoCore.a(HardwareSerial.o)
                0x00000822                _ZN14HardwareSerial5flushEv
 .text._ZN14HardwareSerial5beginEmh
                0x00000864       0xc6 C:\Users\Adam\Documents\GitHub\3D-Printer\3D Printer\3D Printer\ArduinoCore\Debug\libArduinoCore.a(HardwareSerial.o)
                0x00000864                _ZN14HardwareSerial5beginEmh
 .text.__vector_25
                0x0000092a       0x6c C:\Users\Adam\Documents\GitHub\3D-Printer\3D Printer\3D Printer\ArduinoCore\Debug\libArduinoCore.a(HardwareSerial0.o)
                0x0000092a                __vector_25
 .text.__vector_26
                0x00000996       0x52 C:\Users\Adam\Documents\GitHub\3D-Printer\3D Printer\3D Printer\ArduinoCore\Debug\libArduinoCore.a(HardwareSerial0.o)
                0x00000996                __vector_26
 .text._Z17Serial0_availablev
                0x000009e8       0x12 C:\Users\Adam\Documents\GitHub\3D-Printer\3D Printer\3D Printer\ArduinoCore\Debug\libArduinoCore.a(HardwareSerial0.o)
                0x000009e8                _Z17Serial0_availablev
 .text.startup._GLOBAL__sub_I___vector_25
                0x000009fa       0x5a C:\Users\Adam\Documents\GitHub\3D-Printer\3D Printer\3D Printer\ArduinoCore\Debug\libArduinoCore.a(HardwareSerial0.o)
 .text.initVariant
                0x00000a54        0x2 C:\Users\Adam\Documents\GitHub\3D-Printer\3D Printer\3D Printer\ArduinoCore\Debug\libArduinoCore.a(main.o)
                0x00000a54                initVariant
 .text.startup.main
                0x00000a56       0x14 C:\Users\Adam\Documents\GitHub\3D-Printer\3D Printer\3D Printer\ArduinoCore\Debug\libArduinoCore.a(main.o)
                0x00000a56                main
 .text._ZN5Print5writeEPKhj
                0x00000a6a       0x54 C:\Users\Adam\Documents\GitHub\3D-Printer\3D Printer\3D Printer\ArduinoCore\Debug\libArduinoCore.a(Print.o)
                0x00000a6a                _ZN5Print5writeEPKhj
 .text._ZN5Print5writeEPKc
                0x00000abe       0x2a C:\Users\Adam\Documents\GitHub\3D-Printer\3D Printer\3D Printer\ArduinoCore\Debug\libArduinoCore.a(Print.o)
                0x00000abe                _ZN5Print5writeEPKc
 .text._ZN5Print7printlnEv
                0x00000ae8        0x6 C:\Users\Adam\Documents\GitHub\3D-Printer\3D Printer\3D Printer\ArduinoCore\Debug\libArduinoCore.a(Print.o)
                0x00000ae8                _ZN5Print7printlnEv
 .text._ZN5Print7printlnEPKc
                0x00000aee       0x20 C:\Users\Adam\Documents\GitHub\3D-Printer\3D Printer\3D Printer\ArduinoCore\Debug\libArduinoCore.a(Print.o)
                0x00000aee                _ZN5Print7printlnEPKc
 .text._ZN6Stream9timedReadEv
                0x00000b0e       0x5c C:\Users\Adam\Documents\GitHub\3D-Printer\3D Printer\3D Printer\ArduinoCore\Debug\libArduinoCore.a(Stream.o)
                0x00000b0e                _ZN6Stream9timedReadEv
 .text._ZN6Stream10readStringEv
                0x00000b6a       0x2e C:\Users\Adam\Documents\GitHub\3D-Printer\3D Printer\3D Printer\ArduinoCore\Debug\libArduinoCore.a(Stream.o)
                0x00000b6a                _ZN6Stream10readStringEv
 .text.__vector_23
                0x00000b98       0x94 C:\Users\Adam\Documents\GitHub\3D-Printer\3D Printer\3D Printer\ArduinoCore\Debug\libArduinoCore.a(wiring.o)
                0x00000b98                __vector_23
 .text.millis   0x00000c2c       0x18 C:\Users\Adam\Documents\GitHub\3D-Printer\3D Printer\3D Printer\ArduinoCore\Debug\libArduinoCore.a(wiring.o)
                0x00000c2c                millis
 .text.micros   0x00000c44       0x4a C:\Users\Adam\Documents\GitHub\3D-Printer\3D Printer\3D Printer\ArduinoCore\Debug\libArduinoCore.a(wiring.o)
                0x00000c44                micros
 .text.delay    0x00000c8e       0x72 C:\Users\Adam\Documents\GitHub\3D-Printer\3D Printer\3D Printer\ArduinoCore\Debug\libArduinoCore.a(wiring.o)
                0x00000c8e                delay
 .text.init     0x00000d00       0xc4 C:\Users\Adam\Documents\GitHub\3D-Printer\3D Printer\3D Printer\ArduinoCore\Debug\libArduinoCore.a(wiring.o)
                0x00000d00                init
 .text.turnOffPWM
                0x00000dc4       0xaa C:\Users\Adam\Documents\GitHub\3D-Printer\3D Printer\3D Printer\ArduinoCore\Debug\libArduinoCore.a(wiring_digital.o)
 .text.pinMode  0x00000e6e       0x78 C:\Users\Adam\Documents\GitHub\3D-Printer\3D Printer\3D Printer\ArduinoCore\Debug\libArduinoCore.a(wiring_digital.o)
                0x00000e6e                pinMode
 .text.digitalWrite
                0x00000ee6       0x5c C:\Users\Adam\Documents\GitHub\3D-Printer\3D Printer\3D Printer\ArduinoCore\Debug\libArduinoCore.a(wiring_digital.o)
                0x00000ee6                digitalWrite
 .text.digitalRead
                0x00000f42       0x50 C:\Users\Adam\Documents\GitHub\3D-Printer\3D Printer\3D Printer\ArduinoCore\Debug\libArduinoCore.a(wiring_digital.o)
                0x00000f42                digitalRead
 .text._ZN6StringD2Ev
                0x00000f92        0x8 C:\Users\Adam\Documents\GitHub\3D-Printer\3D Printer\3D Printer\ArduinoCore\Debug\libArduinoCore.a(WString.o)
                0x00000f92                _ZN6StringD2Ev
                0x00000f92                _ZN6StringD1Ev
 .text._ZN6String10invalidateEv
                0x00000f9a       0x22 C:\Users\Adam\Documents\GitHub\3D-Printer\3D Printer\3D Printer\ArduinoCore\Debug\libArduinoCore.a(WString.o)
                0x00000f9a                _ZN6String10invalidateEv
 .text._ZN6String12changeBufferEj
                0x00000fbc       0x32 C:\Users\Adam\Documents\GitHub\3D-Printer\3D Printer\3D Printer\ArduinoCore\Debug\libArduinoCore.a(WString.o)
                0x00000fbc                _ZN6String12changeBufferEj
 .text._ZN6String7reserveEj
                0x00000fee       0x36 C:\Users\Adam\Documents\GitHub\3D-Printer\3D Printer\3D Printer\ArduinoCore\Debug\libArduinoCore.a(WString.o)
                0x00000fee                _ZN6String7reserveEj
 .text._ZN6String4copyEPKcj
                0x00001024       0x3c C:\Users\Adam\Documents\GitHub\3D-Printer\3D Printer\3D Printer\ArduinoCore\Debug\libArduinoCore.a(WString.o)
                0x00001024                _ZN6String4copyEPKcj
 .text._ZN6StringC2EPKc
                0x00001060       0x28 C:\Users\Adam\Documents\GitHub\3D-Printer\3D Printer\3D Printer\ArduinoCore\Debug\libArduinoCore.a(WString.o)
                0x00001060                _ZN6StringC2EPKc
                0x00001060                _ZN6StringC1EPKc
 .text._ZN6String6concatEPKcj
                0x00001088       0x58 C:\Users\Adam\Documents\GitHub\3D-Printer\3D Printer\3D Printer\ArduinoCore\Debug\libArduinoCore.a(WString.o)
                0x00001088                _ZN6String6concatEPKcj
 .text._ZN6String6concatEc
                0x000010e0       0x26 C:\Users\Adam\Documents\GitHub\3D-Printer\3D Printer\3D Printer\ArduinoCore\Debug\libArduinoCore.a(WString.o)
                0x000010e0                _ZN6String6concatEc
 .text._ZNK6String8getBytesEPhjj
                0x00001106       0x5c C:\Users\Adam\Documents\GitHub\3D-Printer\3D Printer\3D Printer\ArduinoCore\Debug\libArduinoCore.a(WString.o)
                0x00001106                _ZNK6String8getBytesEPhjj
 .text.__empty  0x00001162        0x2 C:\Users\Adam\Documents\GitHub\3D-Printer\3D Printer\3D Printer\ArduinoCore\Debug\libArduinoCore.a(hooks.o)
                0x00001162                yield
 .text.avr-libc.fplib
                0x00001164        0x8 c:/program files (x86)/atmel/studio/7.0/toolchain/avr8/avr8-gnu-toolchain/bin/../lib/gcc/avr/5.4.0/../../../../avr/lib/avr6\libm.a(cmpsf2.o)
                0x00001164                __nesf2
                0x00001164                __eqsf2
                0x00001164                __cmpsf2
                0x00001164                __ltsf2
                0x00001164                __lesf2
 .text.avr-libc.fplib
                0x0000116c       0x7a c:/program files (x86)/atmel/studio/7.0/toolchain/avr8/avr8-gnu-toolchain/bin/../lib/gcc/avr/5.4.0/../../../../avr/lib/avr6\libm.a(floatsisf.o)
                0x0000116c                __floatunsisf
                0x00001170                __floatsisf
 .text.avr-libc.fplib
                0x000011e6       0x48 c:/program files (x86)/atmel/studio/7.0/toolchain/avr8/avr8-gnu-toolchain/bin/../lib/gcc/avr/5.4.0/../../../../avr/lib/avr6\libm.a(fp_cmp.o)
                0x000011e6                __fp_cmp
 .text.avr-libc.fplib
                0x0000122e        0xc c:/program files (x86)/atmel/studio/7.0/toolchain/avr8/avr8-gnu-toolchain/bin/../lib/gcc/avr/5.4.0/../../../../avr/lib/avr6\libm.a(fp_inf.o)
                0x0000122e                __fp_inf
 .text.avr-libc.fplib
                0x0000123a        0x6 c:/program files (x86)/atmel/studio/7.0/toolchain/avr8/avr8-gnu-toolchain/bin/../lib/gcc/avr/5.4.0/../../../../avr/lib/avr6\libm.a(fp_nan.o)
                0x0000123a                __fp_nan
 .text.avr-libc.fplib
                0x00001240        0xe c:/program files (x86)/atmel/studio/7.0/toolchain/avr8/avr8-gnu-toolchain/bin/../lib/gcc/avr/5.4.0/../../../../avr/lib/avr6\libm.a(fp_pscA.o)
                0x00001240                __fp_pscA
 .text.avr-libc.fplib
                0x0000124e        0xe c:/program files (x86)/atmel/studio/7.0/toolchain/avr8/avr8-gnu-toolchain/bin/../lib/gcc/avr/5.4.0/../../../../avr/lib/avr6\libm.a(fp_pscB.o)
                0x0000124e                __fp_pscB
 .text.avr-libc.fplib
                0x0000125c       0x22 c:/program files (x86)/atmel/studio/7.0/toolchain/avr8/avr8-gnu-toolchain/bin/../lib/gcc/avr/5.4.0/../../../../avr/lib/avr6\libm.a(fp_round.o)
                0x0000125c                __fp_round
 .text.avr-libc.fplib
                0x0000127e        0x4 c:/program files (x86)/atmel/studio/7.0/toolchain/avr8/avr8-gnu-toolchain/bin/../lib/gcc/avr/5.4.0/../../../../avr/lib/avr6\libm.a(mulsf3.o)
                0x0000127e                __mulsf3
 .text.avr-libc.fplib
                0x00001282       0xc2 c:/program files (x86)/atmel/studio/7.0/toolchain/avr8/avr8-gnu-toolchain/bin/../lib/gcc/avr/5.4.0/../../../../avr/lib/avr6\libm.a(mulsf3x.o)
                0x00001296                __mulsf3x
                0x0000129a                __mulsf3_pse
 .text.libgcc.div
                0x00001344       0x44 c:/program files (x86)/atmel/studio/7.0/toolchain/avr8/avr8-gnu-toolchain/bin/../lib/gcc/avr/5.4.0/avr6\libgcc.a(_udivmodsi4.o)
                0x00001344                __udivmodsi4
 .text.libgcc   0x00001388       0x10 c:/program files (x86)/atmel/studio/7.0/toolchain/avr8/avr8-gnu-toolchain/bin/../lib/gcc/avr/5.4.0/avr6\libgcc.a(_tablejump2.o)
                0x00001388                __tablejump2__
 .text.libgcc.mul
                0x00001398       0x14 c:/program files (x86)/atmel/studio/7.0/toolchain/avr8/avr8-gnu-toolchain/bin/../lib/gcc/avr/5.4.0/avr6\libgcc.a(_muluhisi3.o)
                0x00001398                __muluhisi3
 .text.libgcc.mul
                0x000013ac       0x1e c:/program files (x86)/atmel/studio/7.0/toolchain/avr8/avr8-gnu-toolchain/bin/../lib/gcc/avr/5.4.0/avr6\libgcc.a(_umulhisi3.o)
                0x000013ac                __umulhisi3
 .text.avr-libc
                0x000013ca      0x242 c:/program files (x86)/atmel/studio/7.0/toolchain/avr8/avr8-gnu-toolchain/bin/../lib/gcc/avr/5.4.0/../../../../avr/lib/avr6\libc.a(malloc.o)
                0x000013ca                malloc
                0x000014fa                free
 .text.avr-libc
                0x0000160c      0x1c0 c:/program files (x86)/atmel/studio/7.0/toolchain/avr8/avr8-gnu-toolchain/bin/../lib/gcc/avr/5.4.0/../../../../avr/lib/avr6\libc.a(realloc.o)
                0x0000160c                realloc
 .text.avr-libc
                0x000017cc      0x2a6 c:/program files (x86)/atmel/studio/7.0/toolchain/avr8/avr8-gnu-toolchain/bin/../lib/gcc/avr/5.4.0/../../../../avr/lib/avr6\libc.a(strtod.o)
                0x000017cc                strtod
 .text.avr-libc
                0x00001a72       0x10 c:/program files (x86)/atmel/studio/7.0/toolchain/avr8/avr8-gnu-toolchain/bin/../lib/gcc/avr/5.4.0/../../../../avr/lib/avr6\libc.a(isspace.o)
                0x00001a72                isspace
 .text.avr-libc
                0x00001a82       0x30 c:/program files (x86)/atmel/studio/7.0/toolchain/avr8/avr8-gnu-toolchain/bin/../lib/gcc/avr/5.4.0/../../../../avr/lib/avr6\libc.a(strncasecmp_P.o)
                0x00001a82                strncasecmp_P
 .text.avr-libc
                0x00001ab2       0x12 c:/program files (x86)/atmel/studio/7.0/toolchain/avr8/avr8-gnu-toolchain/bin/../lib/gcc/avr/5.4.0/../../../../avr/lib/avr6\libc.a(memcpy.o)
                0x00001ab2                memcpy
 .text.avr-libc
                0x00001ac4        0xe c:/program files (x86)/atmel/studio/7.0/toolchain/avr8/avr8-gnu-toolchain/bin/../lib/gcc/avr/5.4.0/../../../../avr/lib/avr6\libc.a(strcpy.o)
                0x00001ac4                strcpy
 .text.avr-libc
                0x00001ad2       0x14 c:/program files (x86)/atmel/studio/7.0/toolchain/avr8/avr8-gnu-toolchain/bin/../lib/gcc/avr/5.4.0/../../../../avr/lib/avr6\libc.a(strlwr.o)
                0x00001ad2                strlwr
 .text.avr-libc
                0x00001ae6       0x1e c:/program files (x86)/atmel/studio/7.0/toolchain/avr8/avr8-gnu-toolchain/bin/../lib/gcc/avr/5.4.0/../../../../avr/lib/avr6\libc.a(strncpy.o)
                0x00001ae6                strncpy
 .text.avr-libc
                0x00001b04        0x6 c:/program files (x86)/atmel/studio/7.0/toolchain/avr8/avr8-gnu-toolchain/bin/../lib/gcc/avr/5.4.0/../../../../avr/lib/avr6\libc.a(cty_isfalse.o)
                0x00001b04                __ctype_isfalse
                0x00001b08                __ctype_istrue
                0x00001b0a                . = ALIGN (0x2)
 *(.fini9)
 .fini9         0x00001b0a        0x0 c:/program files (x86)/atmel/studio/7.0/toolchain/avr8/avr8-gnu-toolchain/bin/../lib/gcc/avr/5.4.0/avr6\libgcc.a(_exit.o)
                0x00001b0a                _exit
                0x00001b0a                exit
 *(.fini9)
 *(.fini8)
 *(.fini8)
 *(.fini7)
 *(.fini7)
 *(.fini6)
 *(.fini6)
 *(.fini5)
 *(.fini5)
 *(.fini4)
 *(.fini4)
 *(.fini3)
 *(.fini3)
 *(.fini2)
 *(.fini2)
 *(.fini1)
 *(.fini1)
 *(.fini0)
 .fini0         0x00001b0a        0x4 c:/program files (x86)/atmel/studio/7.0/toolchain/avr8/avr8-gnu-toolchain/bin/../lib/gcc/avr/5.4.0/avr6\libgcc.a(_exit.o)
 *(.fini0)
                0x00001b0e                _etext = .

.data           0x00800200       0x46 load address 0x00001b0e
                0x00800200                PROVIDE (__data_start, .)
 *(.data)
 .data          0x00800200        0x6 c:/program files (x86)/atmel/studio/7.0/toolchain/avr8/avr8-gnu-toolchain/bin/../lib/gcc/avr/5.4.0/../../../../avr/lib/avr6\libc.a(malloc.o)
                0x00800200                __malloc_heap_end
                0x00800202                __malloc_heap_start
                0x00800204                __malloc_margin
 *(.data*)
 *(.rodata)
 *(.rodata*)
 .rodata.str1.1
                0x00800206       0x1e Sketch.o
                                 0x1f (size before relaxing)
 .rodata._ZTV14HardwareSerial
                0x00800224       0x12 C:\Users\Adam\Documents\GitHub\3D-Printer\3D Printer\3D Printer\ArduinoCore\Debug\libArduinoCore.a(HardwareSerial.o)
                0x00800224                _ZTV14HardwareSerial
 .rodata.str1.1
                0x00800236        0xf C:\Users\Adam\Documents\GitHub\3D-Printer\3D Printer\3D Printer\ArduinoCore\Debug\libArduinoCore.a(Print.o)
 .rodata.str1.1
                0x00800245        0x1 C:\Users\Adam\Documents\GitHub\3D-Printer\3D Printer\3D Printer\ArduinoCore\Debug\libArduinoCore.a(Stream.o)
 *(.gnu.linkonce.d*)
                0x00800246                . = ALIGN (0x2)
 *fill*         0x00800245        0x1 
                0x00800246                _edata = .
                0x00800246                PROVIDE (__data_end, .)

.bss            0x00800246       0xac
                0x00800246                PROVIDE (__bss_start, .)
 *(.bss)
 *(.bss*)
 .bss.Serial    0x00800246       0x9d C:\Users\Adam\Documents\GitHub\3D-Printer\3D Printer\3D Printer\ArduinoCore\Debug\libArduinoCore.a(HardwareSerial0.o)
                0x00800246                Serial
 .bss.timer0_fract
                0x008002e3        0x1 C:\Users\Adam\Documents\GitHub\3D-Printer\3D Printer\3D Printer\ArduinoCore\Debug\libArduinoCore.a(wiring.o)
 .bss.timer0_millis
                0x008002e4        0x4 C:\Users\Adam\Documents\GitHub\3D-Printer\3D Printer\3D Printer\ArduinoCore\Debug\libArduinoCore.a(wiring.o)
                0x008002e4                timer0_millis
 .bss.timer0_overflow_count
                0x008002e8        0x4 C:\Users\Adam\Documents\GitHub\3D-Printer\3D Printer\3D Printer\ArduinoCore\Debug\libArduinoCore.a(wiring.o)
                0x008002e8                timer0_overflow_count
 *(COMMON)
 COMMON         0x008002ec        0x4 c:/program files (x86)/atmel/studio/7.0/toolchain/avr8/avr8-gnu-toolchain/bin/../lib/gcc/avr/5.4.0/../../../../avr/lib/avr6\libc.a(malloc.o)
                0x008002ec                __brkval
                0x008002ee                __flp
 COMMON         0x008002f0        0x2 c:/program files (x86)/atmel/studio/7.0/toolchain/avr8/avr8-gnu-toolchain/bin/../lib/gcc/avr/5.4.0/../../../../avr/lib/avr6\libc.a(errno.o)
                0x008002f0                errno
                0x008002f2                PROVIDE (__bss_end, .)
                0x00001b0e                __data_load_start = LOADADDR (.data)
                0x00001b54                __data_load_end = (__data_load_start + SIZEOF (.data))

.noinit         0x008002f2        0x0
                [!provide]                PROVIDE (__noinit_start, .)
 *(.noinit*)
                [!provide]                PROVIDE (__noinit_end, .)
                0x008002f2                _end = .
                0x008002f2                PROVIDE (__heap_start, .)

.eeprom         0x00810000        0x0
 *(.eeprom*)
                0x00810000                __eeprom_end = .

.fuse
 *(.fuse)
 *(.lfuse)
 *(.hfuse)
 *(.efuse)

.lock
 *(.lock*)

.signature
 *(.signature*)

.user_signatures
 *(.user_signatures*)

.stab
 *(.stab)

.stabstr
 *(.stabstr)

.stab.excl
 *(.stab.excl)

.stab.exclstr
 *(.stab.exclstr)

.stab.index
 *(.stab.index)

.stab.indexstr
 *(.stab.indexstr)

.comment        0x00000000       0x5c
 *(.comment)
 .comment       0x00000000       0x30 Sketch.o
                                 0x31 (size before relaxing)
 .comment       0x00000030       0x31 Source files/LimitSwitch.o
 .comment       0x00000030       0x31 Source files/SerialDecoder.o
 .comment       0x00000030       0x31 Source files/StepperMotor.o
 .comment       0x00000030       0x31 C:\Users\Adam\Documents\GitHub\3D-Printer\3D Printer\3D Printer\ArduinoCore\Debug\libArduinoCore.a(HardwareSerial.o)
 .comment       0x00000030       0x31 C:\Users\Adam\Documents\GitHub\3D-Printer\3D Printer\3D Printer\ArduinoCore\Debug\libArduinoCore.a(HardwareSerial0.o)
 .comment       0x00000030       0x31 C:\Users\Adam\Documents\GitHub\3D-Printer\3D Printer\3D Printer\ArduinoCore\Debug\libArduinoCore.a(main.o)
 .comment       0x00000030       0x31 C:\Users\Adam\Documents\GitHub\3D-Printer\3D Printer\3D Printer\ArduinoCore\Debug\libArduinoCore.a(Print.o)
 .comment       0x00000030       0x31 C:\Users\Adam\Documents\GitHub\3D-Printer\3D Printer\3D Printer\ArduinoCore\Debug\libArduinoCore.a(Stream.o)
 .comment       0x00000030       0x31 C:\Users\Adam\Documents\GitHub\3D-Printer\3D Printer\3D Printer\ArduinoCore\Debug\libArduinoCore.a(wiring.o)
 .comment       0x00000030       0x31 C:\Users\Adam\Documents\GitHub\3D-Printer\3D Printer\3D Printer\ArduinoCore\Debug\libArduinoCore.a(wiring_digital.o)
 .comment       0x00000030       0x31 C:\Users\Adam\Documents\GitHub\3D-Printer\3D Printer\3D Printer\ArduinoCore\Debug\libArduinoCore.a(WString.o)
 .comment       0x00000030       0x31 C:\Users\Adam\Documents\GitHub\3D-Printer\3D Printer\3D Printer\ArduinoCore\Debug\libArduinoCore.a(hooks.o)
 .comment       0x00000030       0x31 c:/program files (x86)/atmel/studio/7.0/toolchain/avr8/avr8-gnu-toolchain/bin/../lib/gcc/avr/5.4.0/../../../../avr/lib/avr6\libc.a(malloc.o)
 .comment       0x00000030       0x31 c:/program files (x86)/atmel/studio/7.0/toolchain/avr8/avr8-gnu-toolchain/bin/../lib/gcc/avr/5.4.0/../../../../avr/lib/avr6\libc.a(realloc.o)
 .comment       0x00000030       0x31 c:/program files (x86)/atmel/studio/7.0/toolchain/avr8/avr8-gnu-toolchain/bin/../lib/gcc/avr/5.4.0/../../../../avr/lib/avr6\libc.a(strtod.o)
 .comment       0x00000030       0x2c c:/program files (x86)/atmel/studio/7.0/toolchain/avr8/avr8-gnu-toolchain/bin/../lib/gcc/avr/5.4.0/../../../../avr/lib/avr6\libc.a(errno.o)
                                 0x2d (size before relaxing)

.note.gnu.avr.deviceinfo
                0x00000000       0x40
 .note.gnu.avr.deviceinfo
                0x00000000       0x40 C:/Program Files (x86)/Atmel/Studio/7.0/Packs/atmel/ATmega_DFP/1.2.132/gcc/dev/atmega2560/avr6/crtatmega2560.o

.note.gnu.build-id
 *(.note.gnu.build-id)

.debug
 *(.debug)

.line
 *(.line)

.debug_srcinfo
 *(.debug_srcinfo)

.debug_sfnames
 *(.debug_sfnames)

.debug_aranges  0x00000000      0x680
 *(.debug_aranges)
 .debug_aranges
                0x00000000       0x28 Sketch.o
 .debug_aranges
                0x00000028       0x20 Source files/LimitSwitch.o
 .debug_aranges
                0x00000048       0x28 Source files/SerialDecoder.o
 .debug_aranges
                0x00000070       0x40 Source files/StepperMotor.o
 .debug_aranges
                0x000000b0       0x68 C:\Users\Adam\Documents\GitHub\3D-Printer\3D Printer\3D Printer\ArduinoCore\Debug\libArduinoCore.a(HardwareSerial.o)
 .debug_aranges
                0x00000118       0x48 C:\Users\Adam\Documents\GitHub\3D-Printer\3D Printer\3D Printer\ArduinoCore\Debug\libArduinoCore.a(HardwareSerial0.o)
 .debug_aranges
                0x00000160       0x30 C:\Users\Adam\Documents\GitHub\3D-Printer\3D Printer\3D Printer\ArduinoCore\Debug\libArduinoCore.a(main.o)
 .debug_aranges
                0x00000190      0x100 C:\Users\Adam\Documents\GitHub\3D-Printer\3D Printer\3D Printer\ArduinoCore\Debug\libArduinoCore.a(Print.o)
 .debug_aranges
                0x00000290       0x98 C:\Users\Adam\Documents\GitHub\3D-Printer\3D Printer\3D Printer\ArduinoCore\Debug\libArduinoCore.a(Stream.o)
 .debug_aranges
                0x00000328       0x48 C:\Users\Adam\Documents\GitHub\3D-Printer\3D Printer\3D Printer\ArduinoCore\Debug\libArduinoCore.a(wiring.o)
 .debug_aranges
                0x00000370       0x38 C:\Users\Adam\Documents\GitHub\3D-Printer\3D Printer\3D Printer\ArduinoCore\Debug\libArduinoCore.a(wiring_digital.o)
 .debug_aranges
                0x000003a8      0x2b8 C:\Users\Adam\Documents\GitHub\3D-Printer\3D Printer\3D Printer\ArduinoCore\Debug\libArduinoCore.a(WString.o)
 .debug_aranges
                0x00000660       0x20 C:\Users\Adam\Documents\GitHub\3D-Printer\3D Printer\3D Printer\ArduinoCore\Debug\libArduinoCore.a(hooks.o)

.debug_pubnames
 *(.debug_pubnames)

.debug_info     0x00000000    0x10740
 *(.debug_info .gnu.linkonce.wi.*)
 .debug_info    0x00000000      0xbbc C:/Program Files (x86)/Atmel/Studio/7.0/Packs/atmel/ATmega_DFP/1.2.132/gcc/dev/atmega2560/avr6/crtatmega2560.o
 .debug_info    0x00000bbc     0x1bc8 Sketch.o
 .debug_info    0x00002784      0x286 Source files/LimitSwitch.o
 .debug_info    0x00002a0a      0x282 Source files/SerialDecoder.o
 .debug_info    0x00002c8c      0x536 Source files/StepperMotor.o
 .debug_info    0x000031c2     0x1f83 C:\Users\Adam\Documents\GitHub\3D-Printer\3D Printer\3D Printer\ArduinoCore\Debug\libArduinoCore.a(HardwareSerial.o)
 .debug_info    0x00005145     0x1b74 C:\Users\Adam\Documents\GitHub\3D-Printer\3D Printer\3D Printer\ArduinoCore\Debug\libArduinoCore.a(HardwareSerial0.o)
 .debug_info    0x00006cb9      0x295 C:\Users\Adam\Documents\GitHub\3D-Printer\3D Printer\3D Printer\ArduinoCore\Debug\libArduinoCore.a(main.o)
 .debug_info    0x00006f4e     0x295d C:\Users\Adam\Documents\GitHub\3D-Printer\3D Printer\3D Printer\ArduinoCore\Debug\libArduinoCore.a(Print.o)
 .debug_info    0x000098ab     0x21bc C:\Users\Adam\Documents\GitHub\3D-Printer\3D Printer\3D Printer\ArduinoCore\Debug\libArduinoCore.a(Stream.o)
 .debug_info    0x0000ba67      0x329 C:\Users\Adam\Documents\GitHub\3D-Printer\3D Printer\3D Printer\ArduinoCore\Debug\libArduinoCore.a(wiring.o)
 .debug_info    0x0000bd90      0x63a C:\Users\Adam\Documents\GitHub\3D-Printer\3D Printer\3D Printer\ArduinoCore\Debug\libArduinoCore.a(wiring_digital.o)
 .debug_info    0x0000c3ca     0x4338 C:\Users\Adam\Documents\GitHub\3D-Printer\3D Printer\3D Printer\ArduinoCore\Debug\libArduinoCore.a(WString.o)
 .debug_info    0x00010702       0x3e C:\Users\Adam\Documents\GitHub\3D-Printer\3D Printer\3D Printer\ArduinoCore\Debug\libArduinoCore.a(hooks.o)

.debug_abbrev   0x00000000     0x2b8a
 *(.debug_abbrev)
 .debug_abbrev  0x00000000      0xb1a C:/Program Files (x86)/Atmel/Studio/7.0/Packs/atmel/ATmega_DFP/1.2.132/gcc/dev/atmega2560/avr6/crtatmega2560.o
 .debug_abbrev  0x00000b1a      0x3c4 Sketch.o
 .debug_abbrev  0x00000ede       0xd3 Source files/LimitSwitch.o
 .debug_abbrev  0x00000fb1      0x119 Source files/SerialDecoder.o
 .debug_abbrev  0x000010ca      0x106 Source files/StepperMotor.o
 .debug_abbrev  0x000011d0      0x432 C:\Users\Adam\Documents\GitHub\3D-Printer\3D Printer\3D Printer\ArduinoCore\Debug\libArduinoCore.a(HardwareSerial.o)
 .debug_abbrev  0x00001602      0x3ce C:\Users\Adam\Documents\GitHub\3D-Printer\3D Printer\3D Printer\ArduinoCore\Debug\libArduinoCore.a(HardwareSerial0.o)
 .debug_abbrev  0x000019d0      0x12d C:\Users\Adam\Documents\GitHub\3D-Printer\3D Printer\3D Printer\ArduinoCore\Debug\libArduinoCore.a(main.o)
 .debug_abbrev  0x00001afd      0x47a C:\Users\Adam\Documents\GitHub\3D-Printer\3D Printer\3D Printer\ArduinoCore\Debug\libArduinoCore.a(Print.o)
 .debug_abbrev  0x00001f77      0x487 C:\Users\Adam\Documents\GitHub\3D-Printer\3D Printer\3D Printer\ArduinoCore\Debug\libArduinoCore.a(Stream.o)
 .debug_abbrev  0x000023fe      0x146 C:\Users\Adam\Documents\GitHub\3D-Printer\3D Printer\3D Printer\ArduinoCore\Debug\libArduinoCore.a(wiring.o)
 .debug_abbrev  0x00002544      0x15a C:\Users\Adam\Documents\GitHub\3D-Printer\3D Printer\3D Printer\ArduinoCore\Debug\libArduinoCore.a(wiring_digital.o)
 .debug_abbrev  0x0000269e      0x4c2 C:\Users\Adam\Documents\GitHub\3D-Printer\3D Printer\3D Printer\ArduinoCore\Debug\libArduinoCore.a(WString.o)
 .debug_abbrev  0x00002b60       0x2a C:\Users\Adam\Documents\GitHub\3D-Printer\3D Printer\3D Printer\ArduinoCore\Debug\libArduinoCore.a(hooks.o)

.debug_line     0x00000000     0x37cc
 *(.debug_line .debug_line.* .debug_line_end)
 .debug_line    0x00000000      0x1f9 C:/Program Files (x86)/Atmel/Studio/7.0/Packs/atmel/ATmega_DFP/1.2.132/gcc/dev/atmega2560/avr6/crtatmega2560.o
 .debug_line    0x000001f9      0x2bb Sketch.o
 .debug_line    0x000004b4      0x147 Source files/LimitSwitch.o
 .debug_line    0x000005fb      0x16a Source files/SerialDecoder.o
 .debug_line    0x00000765      0x29c Source files/StepperMotor.o
 .debug_line    0x00000a01      0x489 C:\Users\Adam\Documents\GitHub\3D-Printer\3D Printer\3D Printer\ArduinoCore\Debug\libArduinoCore.a(HardwareSerial.o)
 .debug_line    0x00000e8a      0x288 C:\Users\Adam\Documents\GitHub\3D-Printer\3D Printer\3D Printer\ArduinoCore\Debug\libArduinoCore.a(HardwareSerial0.o)
 .debug_line    0x00001112      0x161 C:\Users\Adam\Documents\GitHub\3D-Printer\3D Printer\3D Printer\ArduinoCore\Debug\libArduinoCore.a(main.o)
 .debug_line    0x00001273      0x681 C:\Users\Adam\Documents\GitHub\3D-Printer\3D Printer\3D Printer\ArduinoCore\Debug\libArduinoCore.a(Print.o)
 .debug_line    0x000018f4      0x5f3 C:\Users\Adam\Documents\GitHub\3D-Printer\3D Printer\3D Printer\ArduinoCore\Debug\libArduinoCore.a(Stream.o)
 .debug_line    0x00001ee7      0x2cb C:\Users\Adam\Documents\GitHub\3D-Printer\3D Printer\3D Printer\ArduinoCore\Debug\libArduinoCore.a(wiring.o)
 .debug_line    0x000021b2      0x284 C:\Users\Adam\Documents\GitHub\3D-Printer\3D Printer\3D Printer\ArduinoCore\Debug\libArduinoCore.a(wiring_digital.o)
 .debug_line    0x00002436     0x1355 C:\Users\Adam\Documents\GitHub\3D-Printer\3D Printer\3D Printer\ArduinoCore\Debug\libArduinoCore.a(WString.o)
 .debug_line    0x0000378b       0x41 C:\Users\Adam\Documents\GitHub\3D-Printer\3D Printer\3D Printer\ArduinoCore\Debug\libArduinoCore.a(hooks.o)

.debug_frame    0x00000000     0x160c
 *(.debug_frame)
 .debug_frame   0x00000000       0x88 Sketch.o
 .debug_frame   0x00000088       0x24 Source files/LimitSwitch.o
 .debug_frame   0x000000ac       0x34 Source files/SerialDecoder.o
 .debug_frame   0x000000e0       0x94 Source files/StepperMotor.o
 .debug_frame   0x00000174      0x110 C:\Users\Adam\Documents\GitHub\3D-Printer\3D Printer\3D Printer\ArduinoCore\Debug\libArduinoCore.a(HardwareSerial.o)
 .debug_frame   0x00000284       0xe0 C:\Users\Adam\Documents\GitHub\3D-Printer\3D Printer\3D Printer\ArduinoCore\Debug\libArduinoCore.a(HardwareSerial0.o)
 .debug_frame   0x00000364       0x54 C:\Users\Adam\Documents\GitHub\3D-Printer\3D Printer\3D Printer\ArduinoCore\Debug\libArduinoCore.a(main.o)
 .debug_frame   0x000003b8      0x3ac C:\Users\Adam\Documents\GitHub\3D-Printer\3D Printer\3D Printer\ArduinoCore\Debug\libArduinoCore.a(Print.o)
 .debug_frame   0x00000764      0x2e4 C:\Users\Adam\Documents\GitHub\3D-Printer\3D Printer\3D Printer\ArduinoCore\Debug\libArduinoCore.a(Stream.o)
 .debug_frame   0x00000a48       0xc4 C:\Users\Adam\Documents\GitHub\3D-Printer\3D Printer\3D Printer\ArduinoCore\Debug\libArduinoCore.a(wiring.o)
 .debug_frame   0x00000b0c       0x7c C:\Users\Adam\Documents\GitHub\3D-Printer\3D Printer\3D Printer\ArduinoCore\Debug\libArduinoCore.a(wiring_digital.o)
 .debug_frame   0x00000b88      0xa60 C:\Users\Adam\Documents\GitHub\3D-Printer\3D Printer\3D Printer\ArduinoCore\Debug\libArduinoCore.a(WString.o)
 .debug_frame   0x000015e8       0x24 C:\Users\Adam\Documents\GitHub\3D-Printer\3D Printer\3D Printer\ArduinoCore\Debug\libArduinoCore.a(hooks.o)

.debug_str      0x00000000     0x28a0
 *(.debug_str)
 .debug_str     0x00000000      0x3e6 C:/Program Files (x86)/Atmel/Studio/7.0/Packs/atmel/ATmega_DFP/1.2.132/gcc/dev/atmega2560/avr6/crtatmega2560.o
 .debug_str     0x000003e6     0x12e3 Sketch.o
                               0x1390 (size before relaxing)
 .debug_str     0x000016c9       0x35 Source files/LimitSwitch.o
                                0x2ae (size before relaxing)
 .debug_str     0x000016fe       0x3a Source files/SerialDecoder.o
                                0x2df (size before relaxing)
 .debug_str     0x00001738       0xe1 Source files/StepperMotor.o
                                0x386 (size before relaxing)
 .debug_str     0x00001819      0x4eb C:\Users\Adam\Documents\GitHub\3D-Printer\3D Printer\3D Printer\ArduinoCore\Debug\libArduinoCore.a(HardwareSerial.o)
                               0x16c9 (size before relaxing)
 .debug_str     0x00001d04       0xca C:\Users\Adam\Documents\GitHub\3D-Printer\3D Printer\3D Printer\ArduinoCore\Debug\libArduinoCore.a(HardwareSerial0.o)
                               0x140d (size before relaxing)
 .debug_str     0x00001dce       0x37 C:\Users\Adam\Documents\GitHub\3D-Printer\3D Printer\3D Printer\ArduinoCore\Debug\libArduinoCore.a(main.o)
                                0x2b9 (size before relaxing)
 .debug_str     0x00001e05      0x3ce C:\Users\Adam\Documents\GitHub\3D-Printer\3D Printer\3D Printer\ArduinoCore\Debug\libArduinoCore.a(Print.o)
                               0x1247 (size before relaxing)
 .debug_str     0x000021d3       0x9d C:\Users\Adam\Documents\GitHub\3D-Printer\3D Printer\3D Printer\ArduinoCore\Debug\libArduinoCore.a(Stream.o)
                               0x126b (size before relaxing)
 .debug_str     0x00002270      0x164 C:\Users\Adam\Documents\GitHub\3D-Printer\3D Printer\3D Printer\ArduinoCore\Debug\libArduinoCore.a(wiring.o)
                                0x24f (size before relaxing)
 .debug_str     0x000023d4       0xbb C:\Users\Adam\Documents\GitHub\3D-Printer\3D Printer\3D Printer\ArduinoCore\Debug\libArduinoCore.a(wiring_digital.o)
                                0x2b4 (size before relaxing)
 .debug_str     0x0000248f      0x3f5 C:\Users\Adam\Documents\GitHub\3D-Printer\3D Printer\3D Printer\ArduinoCore\Debug\libArduinoCore.a(WString.o)
                               0x119a (size before relaxing)
 .debug_str     0x00002884       0x1c C:\Users\Adam\Documents\GitHub\3D-Printer\3D Printer\3D Printer\ArduinoCore\Debug\libArduinoCore.a(hooks.o)
                                0x144 (size before relaxing)

.debug_loc      0x00000000     0x8674
 *(.debug_loc)
 .debug_loc     0x00000000      0x1c8 Sketch.o
 .debug_loc     0x000001c8      0x123 Source files/SerialDecoder.o
 .debug_loc     0x000002eb      0x1fd Source files/StepperMotor.o
 .debug_loc     0x000004e8      0x482 C:\Users\Adam\Documents\GitHub\3D-Printer\3D Printer\3D Printer\ArduinoCore\Debug\libArduinoCore.a(HardwareSerial.o)
 .debug_loc     0x0000096a      0x1b0 C:\Users\Adam\Documents\GitHub\3D-Printer\3D Printer\3D Printer\ArduinoCore\Debug\libArduinoCore.a(HardwareSerial0.o)
 .debug_loc     0x00000b1a     0x1c87 C:\Users\Adam\Documents\GitHub\3D-Printer\3D Printer\3D Printer\ArduinoCore\Debug\libArduinoCore.a(Print.o)
 .debug_loc     0x000027a1     0x14ae C:\Users\Adam\Documents\GitHub\3D-Printer\3D Printer\3D Printer\ArduinoCore\Debug\libArduinoCore.a(Stream.o)
 .debug_loc     0x00003c4f      0x28d C:\Users\Adam\Documents\GitHub\3D-Printer\3D Printer\3D Printer\ArduinoCore\Debug\libArduinoCore.a(wiring.o)
 .debug_loc     0x00003edc      0x56b C:\Users\Adam\Documents\GitHub\3D-Printer\3D Printer\3D Printer\ArduinoCore\Debug\libArduinoCore.a(wiring_digital.o)
 .debug_loc     0x00004447     0x422d C:\Users\Adam\Documents\GitHub\3D-Printer\3D Printer\3D Printer\ArduinoCore\Debug\libArduinoCore.a(WString.o)

.debug_macinfo
 *(.debug_macinfo)

.debug_weaknames
 *(.debug_weaknames)

.debug_funcnames
 *(.debug_funcnames)

.debug_typenames
 *(.debug_typenames)

.debug_varnames
 *(.debug_varnames)

.debug_pubtypes
 *(.debug_pubtypes)

.debug_ranges   0x00000000      0x660
 *(.debug_ranges)
 .debug_ranges  0x00000000       0x18 Sketch.o
 .debug_ranges  0x00000018       0x10 Source files/LimitSwitch.o
 .debug_ranges  0x00000028       0x18 Source files/SerialDecoder.o
 .debug_ranges  0x00000040       0x30 Source files/StepperMotor.o
 .debug_ranges  0x00000070       0x58 C:\Users\Adam\Documents\GitHub\3D-Printer\3D Printer\3D Printer\ArduinoCore\Debug\libArduinoCore.a(HardwareSerial.o)
 .debug_ranges  0x000000c8       0x38 C:\Users\Adam\Documents\GitHub\3D-Printer\3D Printer\3D Printer\ArduinoCore\Debug\libArduinoCore.a(HardwareSerial0.o)
 .debug_ranges  0x00000100       0x20 C:\Users\Adam\Documents\GitHub\3D-Printer\3D Printer\3D Printer\ArduinoCore\Debug\libArduinoCore.a(main.o)
 .debug_ranges  0x00000120      0x120 C:\Users\Adam\Documents\GitHub\3D-Printer\3D Printer\3D Printer\ArduinoCore\Debug\libArduinoCore.a(Print.o)
 .debug_ranges  0x00000240       0xb8 C:\Users\Adam\Documents\GitHub\3D-Printer\3D Printer\3D Printer\ArduinoCore\Debug\libArduinoCore.a(Stream.o)
 .debug_ranges  0x000002f8       0x38 C:\Users\Adam\Documents\GitHub\3D-Printer\3D Printer\3D Printer\ArduinoCore\Debug\libArduinoCore.a(wiring.o)
 .debug_ranges  0x00000330       0x28 C:\Users\Adam\Documents\GitHub\3D-Printer\3D Printer\3D Printer\ArduinoCore\Debug\libArduinoCore.a(wiring_digital.o)
 .debug_ranges  0x00000358      0x2f8 C:\Users\Adam\Documents\GitHub\3D-Printer\3D Printer\3D Printer\ArduinoCore\Debug\libArduinoCore.a(WString.o)
 .debug_ranges  0x00000650       0x10 C:\Users\Adam\Documents\GitHub\3D-Printer\3D Printer\3D Printer\ArduinoCore\Debug\libArduinoCore.a(hooks.o)

.debug_macro
 *(.debug_macro)
OUTPUT(3D-Printer.elf elf32-avr)
LOAD linker stubs
