Archive member included to satisfy reference by file (symbol)

d:/atmel studio/7.0/toolchain/avr8/avr8-gnu-toolchain/bin/../lib/gcc/avr/5.4.0/../../../../avr/lib/avr6\libm.a(addsf3.o)
                              Source files/StepperMotor.o (__subsf3)
d:/atmel studio/7.0/toolchain/avr8/avr8-gnu-toolchain/bin/../lib/gcc/avr/5.4.0/../../../../avr/lib/avr6\libm.a(addsf3x.o)
                              d:/atmel studio/7.0/toolchain/avr8/avr8-gnu-toolchain/bin/../lib/gcc/avr/5.4.0/../../../../avr/lib/avr6\libm.a(addsf3.o) (__addsf3x)
d:/atmel studio/7.0/toolchain/avr8/avr8-gnu-toolchain/bin/../lib/gcc/avr/5.4.0/../../../../avr/lib/avr6\libm.a(fixsfsi.o)
                              Source files/SerialDecoder.o (__fixsfsi)
d:/atmel studio/7.0/toolchain/avr8/avr8-gnu-toolchain/bin/../lib/gcc/avr/5.4.0/../../../../avr/lib/avr6\libm.a(fixunssfsi.o)
                              d:/atmel studio/7.0/toolchain/avr8/avr8-gnu-toolchain/bin/../lib/gcc/avr/5.4.0/../../../../avr/lib/avr6\libm.a(fixsfsi.o) (__fixunssfsi)
d:/atmel studio/7.0/toolchain/avr8/avr8-gnu-toolchain/bin/../lib/gcc/avr/5.4.0/../../../../avr/lib/avr6\libm.a(floatsisf.o)
                              Source files/SerialDecoder.o (__floatsisf)
d:/atmel studio/7.0/toolchain/avr8/avr8-gnu-toolchain/bin/../lib/gcc/avr/5.4.0/../../../../avr/lib/avr6\libm.a(fp_inf.o)
                              d:/atmel studio/7.0/toolchain/avr8/avr8-gnu-toolchain/bin/../lib/gcc/avr/5.4.0/../../../../avr/lib/avr6\libm.a(addsf3x.o) (__fp_inf)
d:/atmel studio/7.0/toolchain/avr8/avr8-gnu-toolchain/bin/../lib/gcc/avr/5.4.0/../../../../avr/lib/avr6\libm.a(fp_nan.o)
                              d:/atmel studio/7.0/toolchain/avr8/avr8-gnu-toolchain/bin/../lib/gcc/avr/5.4.0/../../../../avr/lib/avr6\libm.a(addsf3x.o) (__fp_nan)
d:/atmel studio/7.0/toolchain/avr8/avr8-gnu-toolchain/bin/../lib/gcc/avr/5.4.0/../../../../avr/lib/avr6\libm.a(fp_pscA.o)
                              d:/atmel studio/7.0/toolchain/avr8/avr8-gnu-toolchain/bin/../lib/gcc/avr/5.4.0/../../../../avr/lib/avr6\libm.a(addsf3x.o) (__fp_pscA)
d:/atmel studio/7.0/toolchain/avr8/avr8-gnu-toolchain/bin/../lib/gcc/avr/5.4.0/../../../../avr/lib/avr6\libm.a(fp_pscB.o)
                              d:/atmel studio/7.0/toolchain/avr8/avr8-gnu-toolchain/bin/../lib/gcc/avr/5.4.0/../../../../avr/lib/avr6\libm.a(addsf3x.o) (__fp_pscB)
d:/atmel studio/7.0/toolchain/avr8/avr8-gnu-toolchain/bin/../lib/gcc/avr/5.4.0/../../../../avr/lib/avr6\libm.a(fp_round.o)
                              d:/atmel studio/7.0/toolchain/avr8/avr8-gnu-toolchain/bin/../lib/gcc/avr/5.4.0/../../../../avr/lib/avr6\libm.a(addsf3.o) (__fp_round)
d:/atmel studio/7.0/toolchain/avr8/avr8-gnu-toolchain/bin/../lib/gcc/avr/5.4.0/../../../../avr/lib/avr6\libm.a(fp_split3.o)
                              d:/atmel studio/7.0/toolchain/avr8/avr8-gnu-toolchain/bin/../lib/gcc/avr/5.4.0/../../../../avr/lib/avr6\libm.a(addsf3x.o) (__fp_split3)
d:/atmel studio/7.0/toolchain/avr8/avr8-gnu-toolchain/bin/../lib/gcc/avr/5.4.0/../../../../avr/lib/avr6\libm.a(fp_zero.o)
                              d:/atmel studio/7.0/toolchain/avr8/avr8-gnu-toolchain/bin/../lib/gcc/avr/5.4.0/../../../../avr/lib/avr6\libm.a(addsf3x.o) (__fp_zero)
d:/atmel studio/7.0/toolchain/avr8/avr8-gnu-toolchain/bin/../lib/gcc/avr/5.4.0/../../../../avr/lib/avr6\libm.a(gesf2.o)
                              Source files/StepperMotor.o (__gtsf2)
d:/atmel studio/7.0/toolchain/avr8/avr8-gnu-toolchain/bin/../lib/gcc/avr/5.4.0/../../../../avr/lib/avr6\libm.a(fp_cmp.o)
                              d:/atmel studio/7.0/toolchain/avr8/avr8-gnu-toolchain/bin/../lib/gcc/avr/5.4.0/../../../../avr/lib/avr6\libm.a(gesf2.o) (__fp_cmp)
D:\Programy Arduino\Drukarka3D\3D-Printer\3D Printer\3D Printer\ArduinoCore\Debug\libArduinoCore.a(HardwareSerial.o)
                              Sketch.o (_ZN14HardwareSerial9availableEv)
D:\Programy Arduino\Drukarka3D\3D-Printer\3D Printer\3D Printer\ArduinoCore\Debug\libArduinoCore.a(HardwareSerial0.o)
                              Sketch.o (Serial)
D:\Programy Arduino\Drukarka3D\3D-Printer\3D Printer\3D Printer\ArduinoCore\Debug\libArduinoCore.a(main.o)
                              D:/Atmel Studio/7.0/Packs/atmel/ATmega_DFP/1.2.132/gcc/dev/atmega2560/avr6/crtatmega2560.o (main)
D:\Programy Arduino\Drukarka3D\3D-Printer\3D Printer\3D Printer\ArduinoCore\Debug\libArduinoCore.a(Print.o)
                              D:\Programy Arduino\Drukarka3D\3D-Printer\3D Printer\3D Printer\ArduinoCore\Debug\libArduinoCore.a(HardwareSerial.o) (_ZN5Print5writeEPKhj)
D:\Programy Arduino\Drukarka3D\3D-Printer\3D Printer\3D Printer\ArduinoCore\Debug\libArduinoCore.a(Stream.o)
                              Sketch.o (_ZN6Stream10readStringEv)
D:\Programy Arduino\Drukarka3D\3D-Printer\3D Printer\3D Printer\ArduinoCore\Debug\libArduinoCore.a(wiring.o)
                              D:\Programy Arduino\Drukarka3D\3D-Printer\3D Printer\3D Printer\ArduinoCore\Debug\libArduinoCore.a(Stream.o) (millis)
[...]
Memory Configuration

Name             Origin             Length             Attributes
text             0x00000000         0x00100000         xr
data             0x00800200         0x0000fe00         rw !x
eeprom           0x00810000         0x00010000         rw !x
fuse             0x00820000         0x00000003         rw !x
lock             0x00830000         0x00000400         rw !x
signature        0x00840000         0x00000400         rw !x
user_signatures  0x00850000         0x00000400         rw !x
*default*        0x00000000         0xffffffff

Linker script and memory map

Address of section .data set to 0x800200
LOAD D:/Atmel Studio/7.0/Packs/atmel/ATmega_DFP/1.2.132/gcc/dev/atmega2560/avr6/crtatmega2560.o
LOAD Sketch.o
LOAD Source files/LimitSwitch.o
LOAD Source files/SerialDecoder.o
LOAD Source files/StepperMotor.o
START GROUP
LOAD d:/atmel studio/7.0/toolchain/avr8/avr8-gnu-toolchain/bin/../lib/gcc/avr/5.4.0/../../../../avr/lib/avr6\libm.a
LOAD D:\Programy Arduino\Drukarka3D\3D-Printer\3D Printer\3D Printer\ArduinoCore\Debug\libArduinoCore.a
END GROUP
LOAD d:/atmel studio/7.0/toolchain/avr8/avr8-gnu-toolchain/bin/../lib/gcc/avr/5.4.0/avr6\libgcc.a
LOAD d:/atmel studio/7.0/toolchain/avr8/avr8-gnu-toolchain/bin/../lib/gcc/avr/5.4.0/../../../../avr/lib/avr6\libm.a
START GROUP
LOAD d:/atmel studio/7.0/toolchain/avr8/avr8-gnu-toolchain/bin/../lib/gcc/avr/5.4.0/avr6\libgcc.a
LOAD d:/atmel studio/7.0/toolchain/avr8/avr8-gnu-toolchain/bin/../lib/gcc/avr/5.4.0/../../../../avr/lib/avr6\libm.a
LOAD d:/atmel studio/7.0/toolchain/avr8/avr8-gnu-toolchain/bin/../lib/gcc/avr/5.4.0/../../../../avr/lib/avr6\libc.a
LOAD D:/Atmel Studio/7.0/Packs/atmel/ATmega_DFP/1.2.132/gcc/dev/atmega2560/avr6\libatmega2560.a
END GROUP
                0x00100000                __TEXT_REGION_LENGTH__ = DEFINED (__TEXT_REGION_LENGTH__)?__TEXT_REGION_LENGTH__:0x100000
                0x0000fe00                __DATA_REGION_LENGTH__ = DEFINED (__DATA_REGION_LENGTH__)?__DATA_REGION_LENGTH__:0xfe00
                0x00010000                __EEPROM_REGION_LENGTH__ = DEFINED (__EEPROM_REGION_LENGTH__)?__EEPROM_REGION_LENGTH__:0x10000
                [0x00000003]                __FUSE_REGION_LENGTH__ = DEFINED (__FUSE_REGION_LENGTH__)?__FUSE_REGION_LENGTH__:0x400
                0x00000400                __LOCK_REGION_LENGTH__ = DEFINED (__LOCK_REGION_LENGTH__)?__LOCK_REGION_LENGTH__:0x400
                0x00000400                __SIGNATURE_REGION_LENGTH__ = DEFINED (__SIGNATURE_REGION_LENGTH__)?__SIGNATURE_REGION_LENGTH__:0x400
                0x00000400                __USER_SIGNATURE_REGION_LENGTH__ = DEFINED (__USER_SIGNATURE_REGION_LENGTH__)?__USER_SIGNATURE_REGION_LENGTH__:0x400

.hash
 *(.hash)

.dynsym
 *(.dynsym)

.dynstr
 *(.dynstr)

.gnu.version
 *(.gnu.version)

.gnu.version_d
 *(.gnu.version_d)

.gnu.version_r
 *(.gnu.version_r)

.rel.init
 *(.rel.init)

.rela.init
 *(.rela.init)

.rel.text
 *(.rel.text)
 *(.rel.text.*)
 *(.rel.gnu.linkonce.t*)

.rela.text
 *(.rela.text)
 *(.rela.text.*)
 *(.rela.gnu.linkonce.t*)

.rel.fini
 *(.rel.fini)

.rela.fini
 *(.rela.fini)

.rel.rodata
 *(.rel.rodata)
 *(.rel.rodata.*)
 *(.rel.gnu.linkonce.r*)

.rela.rodata
 *(.rela.rodata)
 *(.rela.rodata.*)
 *(.rela.gnu.linkonce.r*)

.rel.data
 *(.rel.data)
 *(.rel.data.*)
 *(.rel.gnu.linkonce.d*)

.rela.data
 *(.rela.data)
 *(.rela.data.*)
 *(.rela.gnu.linkonce.d*)

.rel.ctors
 *(.rel.ctors)

.rela.ctors
 *(.rela.ctors)

.rel.dtors
 *(.rel.dtors)

.rela.dtors
 *(.rela.dtors)

.rel.got
 *(.rel.got)

.rela.got
 *(.rela.got)

.rel.bss
 *(.rel.bss)

.rela.bss
 *(.rela.bss)

.rel.plt
 *(.rel.plt)

.rela.plt
 *(.rela.plt)

.text           0x00000000     0x211e
 *(.vectors)
 .vectors       0x00000000       0xe4 D:/Atmel Studio/7.0/Packs/atmel/ATmega_DFP/1.2.132/gcc/dev/atmega2560/avr6/crtatmega2560.o
                0x00000000                __vector_default
                0x00000000                __vectors
 *(.vectors)
 *(.progmem.gcc*)
 .progmem.gcc_sw_table.turnOffPWM
                0x000000e4       0x24 D:\Programy Arduino\Drukarka3D\3D-Printer\3D Printer\3D Printer\ArduinoCore\Debug\libArduinoCore.a(wiring_digital.o)
                0x00000108                . = ALIGN (0x2)
                0x00000108                __trampolines_start = .
 *(.trampolines)
 .trampolines   0x00000108        0x0 linker stubs
 *(.trampolines*)
                0x00000108                __trampolines_end = .
 *libprintf_flt.a:*(.progmem.data)
 *libc.a:*(.progmem.data)
 .progmem.data  0x00000108       0x3b d:/atmel studio/7.0/toolchain/avr8/avr8-gnu-toolchain/bin/../lib/gcc/avr/5.4.0/../../../../avr/lib/avr6\libc.a(strtod.o)
 *(.progmem*)
 .progmem.data.digital_pin_to_timer_PGM
                0x00000143       0x46 D:\Programy Arduino\Drukarka3D\3D-Printer\3D Printer\3D Printer\ArduinoCore\Debug\libArduinoCore.a(wiring_digital.o)
                0x00000143                digital_pin_to_timer_PGM
 .progmem.data.digital_pin_to_bit_mask_PGM
                0x00000189       0x46 D:\Programy Arduino\Drukarka3D\3D-Printer\3D Printer\3D Printer\ArduinoCore\Debug\libArduinoCore.a(wiring_digital.o)
                0x00000189                digital_pin_to_bit_mask_PGM
 .progmem.data.digital_pin_to_port_PGM
                0x000001cf       0x46 D:\Programy Arduino\Drukarka3D\3D-Printer\3D Printer\3D Printer\ArduinoCore\Debug\libArduinoCore.a(wiring_digital.o)
                0x000001cf                digital_pin_to_port_PGM
 .progmem.data.port_to_input_PGM
                0x00000215       0x1a D:\Programy Arduino\Drukarka3D\3D-Printer\3D Printer\3D Printer\ArduinoCore\Debug\libArduinoCore.a(wiring_digital.o)
                0x00000215                port_to_input_PGM
 .progmem.data.port_to_output_PGM
                0x0000022f       0x1a D:\Programy Arduino\Drukarka3D\3D-Printer\3D Printer\3D Printer\ArduinoCore\Debug\libArduinoCore.a(wiring_digital.o)
                0x0000022f                port_to_output_PGM
 .progmem.data.port_to_mode_PGM
                0x00000249       0x1a D:\Programy Arduino\Drukarka3D\3D-Printer\3D Printer\3D Printer\ArduinoCore\Debug\libArduinoCore.a(wiring_digital.o)
                0x00000249                port_to_mode_PGM
                0x00000264                . = ALIGN (0x2)
 *fill*         0x00000263        0x1 
 *(.jumptables)
 *(.jumptables*)
 *(.lowtext)
 *(.lowtext*)
                0x00000264                __ctors_start = .
 *(.ctors)
 .ctors         0x00000264        0x2 D:\Programy Arduino\Drukarka3D\3D-Printer\3D Printer\3D Printer\ArduinoCore\Debug\libArduinoCore.a(HardwareSerial0.o)
                0x00000266                __ctors_end = .
                0x00000266                __dtors_start = .
 *(.dtors)
                0x00000266                __dtors_end = .
 SORT(*)(.ctors)
 SORT(*)(.dtors)
 *(.init0)
 .init0         0x00000266        0x0 D:/Atmel Studio/7.0/Packs/atmel/ATmega_DFP/1.2.132/gcc/dev/atmega2560/avr6/crtatmega2560.o
                0x00000266                __init
 *(.init0)
 *(.init1)
 *(.init1)
 *(.init2)
 .init2         0x00000266       0x10 D:/Atmel Studio/7.0/Packs/atmel/ATmega_DFP/1.2.132/gcc/dev/atmega2560/avr6/crtatmega2560.o
 *(.init2)
 *(.init3)
 *(.init3)
 *(.init4)
 .init4         0x00000276       0x1a d:/atmel studio/7.0/toolchain/avr8/avr8-gnu-toolchain/bin/../lib/gcc/avr/5.4.0/avr6\libgcc.a(_copy_data.o)
                0x00000276                __do_copy_data
 .init4         0x00000290       0x10 d:/atmel studio/7.0/toolchain/avr8/avr8-gnu-toolchain/bin/../lib/gcc/avr/5.4.0/avr6\libgcc.a(_clear_bss.o)
                0x00000290                __do_clear_bss
 *(.init4)
 *(.init5)
 *(.init5)
 *(.init6)
 .init6         0x000002a0       0x20 d:/atmel studio/7.0/toolchain/avr8/avr8-gnu-toolchain/bin/../lib/gcc/avr/5.4.0/avr6\libgcc.a(_ctors.o)
                0x000002a0                __do_global_ctors
 *(.init6)
 *(.init7)
 *(.init7)
 *(.init8)
 *(.init8)
 *(.init9)
 .init9         0x000002c0        0x6 D:/Atmel Studio/7.0/Packs/atmel/ATmega_DFP/1.2.132/gcc/dev/atmega2560/avr6/crtatmega2560.o
 *(.init9)
 *(.text)
 .text          0x000002c6        0x2 D:/Atmel Studio/7.0/Packs/atmel/ATmega_DFP/1.2.132/gcc/dev/atmega2560/avr6/crtatmega2560.o
                0x000002c6                __vector_38
                0x000002c6                __vector_22
                0x000002c6                __vector_28
                0x000002c6                __vector_1
                0x000002c6                __vector_32
                0x000002c6                __vector_34
                0x000002c6                __vector_24
                0x000002c6                __vector_12
                0x000002c6                __vector_55
                0x000002c6                __vector_46
                0x000002c6                __bad_interrupt
                0x000002c6                __vector_6
                0x000002c6                __vector_31
                0x000002c6                __vector_35
                0x000002c6                __vector_39
                0x000002c6                __vector_3
                0x000002c6                __vector_30
                0x000002c6                __vector_45
                0x000002c6                __vector_11
                0x000002c6                __vector_54
                0x000002c6                __vector_13
                0x000002c6                __vector_17
                0x000002c6                __vector_19
                0x000002c6                __vector_56
                0x000002c6                __vector_7
                0x000002c6                __vector_49
                0x000002c6                __vector_41
                0x000002c6                __vector_43
                0x000002c6                __vector_27
                0x000002c6                __vector_5
                0x000002c6                __vector_33
                0x000002c6                __vector_47
                0x000002c6                __vector_52
                0x000002c6                __vector_37
                0x000002c6                __vector_4
                0x000002c6                __vector_44
                0x000002c6                __vector_51
                0x000002c6                __vector_9
                0x000002c6                __vector_2
                0x000002c6                __vector_21
                0x000002c6                __vector_15
                0x000002c6                __vector_36
                0x000002c6                __vector_29
                0x000002c6                __vector_40
                0x000002c6                __vector_8
                0x000002c6                __vector_48
                0x000002c6                __vector_14
                0x000002c6                __vector_53
                0x000002c6                __vector_10
                0x000002c6                __vector_50
                0x000002c6                __vector_16
                0x000002c6                __vector_18
                0x000002c6                __vector_20
                0x000002c6                __vector_42
                0x000002c8                . = ALIGN (0x2)
 *(.text.*)
 .text.setup    0x000002c8       0x1c Sketch.o
                0x000002c8                setup
 .text.loop     0x000002e4       0xbe Sketch.o
                0x000002e4                loop
 .text._Z18LimitSwitchPinInitv
                0x000003a2       0x30 Source files/LimitSwitch.o
                0x000003a2                _Z18LimitSwitchPinInitv
 .text._Z12RemoveSpacesPc
                0x000003d2       0x1a Source files/SerialDecoder.o
                0x000003d2                _Z12RemoveSpacesPc
 .text._Z23GetNumberAfterCharacterPcc
                0x000003ec       0x1e Source files/SerialDecoder.o
                0x000003ec                _Z23GetNumberAfterCharacterPcc
 .text._Z11DecodeFrame6String
                0x0000040a       0xc6 Source files/SerialDecoder.o
                0x0000040a                _Z11DecodeFrame6String
 .text._Z11StepperInitv
                0x000004d0       0x4a Source files/StepperMotor.o
                0x000004d0                _Z11StepperInitv
 .text._Z15ReadLimitSwitchPbS_S_
                0x0000051a       0x54 Source files/StepperMotor.o
                0x0000051a                _Z15ReadLimitSwitchPbS_S_
 .text._Z17ChangeStepperXDirb
                0x0000056e        0xe Source files/StepperMotor.o
                0x0000056e                _Z17ChangeStepperXDirb
 .text._Z17ChangeStepperYDirb
                0x0000057c        0xe Source files/StepperMotor.o
                0x0000057c                _Z17ChangeStepperYDirb
 .text._Z17ChangeStepperZDirb
                0x0000058a        0xe Source files/StepperMotor.o
                0x0000058a                _Z17ChangeStepperZDirb
 .text._Z17ChangeSteppersDirP5Steps
                0x00000598       0xfe Source files/StepperMotor.o
                0x00000598                _Z17ChangeSteppersDirP5Steps
 .text._Z11MovementXYZP5Steps
                0x00000696      0x1b8 Source files/StepperMotor.o
                0x00000696                _Z11MovementXYZP5Steps
 .text.avr-libc.fplib
                0x0000084e        0xa d:/atmel studio/7.0/toolchain/avr8/avr8-gnu-toolchain/bin/../lib/gcc/avr/5.4.0/../../../../avr/lib/avr6\libm.a(addsf3.o)
                0x0000084e                __subsf3
                0x00000850                __addsf3
 .text.avr-libc.fplib
                0x00000858       0xc0 d:/atmel studio/7.0/toolchain/avr8/avr8-gnu-toolchain/bin/../lib/gcc/avr/5.4.0/../../../../avr/lib/avr6\libm.a(addsf3x.o)
                0x00000872                __addsf3x
 .text.avr-libc.fplib
                0x00000918        0xa d:/atmel studio/7.0/toolchain/avr8/avr8-gnu-toolchain/bin/../lib/gcc/avr/5.4.0/../../../../avr/lib/avr6\libm.a(fixsfsi.o)
                0x00000918                __fixsfsi
 .text.avr-libc.fplib
                0x00000922       0x58 d:/atmel studio/7.0/toolchain/avr8/avr8-gnu-toolchain/bin/../lib/gcc/avr/5.4.0/../../../../avr/lib/avr6\libm.a(fixunssfsi.o)
                0x00000922                __fixunssfsi
 .text.avr-libc.fplib
                0x0000097a       0x7a d:/atmel studio/7.0/toolchain/avr8/avr8-gnu-toolchain/bin/../lib/gcc/avr/5.4.0/../../../../avr/lib/avr6\libm.a(floatsisf.o)
                0x0000097a                __floatunsisf
                0x0000097e                __floatsisf
 .text.avr-libc.fplib
                0x000009f4        0xc d:/atmel studio/7.0/toolchain/avr8/avr8-gnu-toolchain/bin/../lib/gcc/avr/5.4.0/../../../../avr/lib/avr6\libm.a(fp_inf.o)
                0x000009f4                __fp_inf
 .text.avr-libc.fplib
                0x00000a00        0x6 d:/atmel studio/7.0/toolchain/avr8/avr8-gnu-toolchain/bin/../lib/gcc/avr/5.4.0/../../../../avr/lib/avr6\libm.a(fp_nan.o)
                0x00000a00                __fp_nan
 .text.avr-libc.fplib
                0x00000a06        0xe d:/atmel studio/7.0/toolchain/avr8/avr8-gnu-toolchain/bin/../lib/gcc/avr/5.4.0/../../../../avr/lib/avr6\libm.a(fp_pscA.o)
                0x00000a06                __fp_pscA
 .text.avr-libc.fplib
                0x00000a14        0xe d:/atmel studio/7.0/toolchain/avr8/avr8-gnu-toolchain/bin/../lib/gcc/avr/5.4.0/../../../../avr/lib/avr6\libm.a(fp_pscB.o)
                0x00000a14                __fp_pscB
 .text.avr-libc.fplib
                0x00000a22       0x22 d:/atmel studio/7.0/toolchain/avr8/avr8-gnu-toolchain/bin/../lib/gcc/avr/5.4.0/../../../../avr/lib/avr6\libm.a(fp_round.o)
                0x00000a22                __fp_round
 .text.avr-libc.fplib
                0x00000a44       0x44 d:/atmel studio/7.0/toolchain/avr8/avr8-gnu-toolchain/bin/../lib/gcc/avr/5.4.0/../../../../avr/lib/avr6\libm.a(fp_split3.o)
                0x00000a44                __fp_split3
                0x00000a54                __fp_splitA
 .text.avr-libc.fplib
                0x00000a88        0xe d:/atmel studio/7.0/toolchain/avr8/avr8-gnu-toolchain/bin/../lib/gcc/avr/5.4.0/../../../../avr/lib/avr6\libm.a(fp_zero.o)
                0x00000a88                __fp_zero
                0x00000a8a                __fp_szero
 .text.avr-libc.fplib
                0x00000a96        0x8 d:/atmel studio/7.0/toolchain/avr8/avr8-gnu-toolchain/bin/../lib/gcc/avr/5.4.0/../../../../avr/lib/avr6\libm.a(gesf2.o)
                0x00000a96                __gesf2
                0x00000a96                __gtsf2
 .text.avr-libc.fplib
                0x00000a9e       0x48 d:/atmel studio/7.0/toolchain/avr8/avr8-gnu-toolchain/bin/../lib/gcc/avr/5.4.0/../../../../avr/lib/avr6\libm.a(fp_cmp.o)
                0x00000a9e                __fp_cmp
 .text._ZN14HardwareSerial9availableEv
                0x00000ae6       0x18 D:\Programy Arduino\Drukarka3D\3D-Printer\3D Printer\3D Printer\ArduinoCore\Debug\libArduinoCore.a(HardwareSerial.o)
                0x00000ae6                _ZN14HardwareSerial9availableEv
 .text._ZN14HardwareSerial4peekEv
                0x00000afe       0x1c D:\Programy Arduino\Drukarka3D\3D-Printer\3D Printer\3D Printer\ArduinoCore\Debug\libArduinoCore.a(HardwareSerial.o)
                0x00000afe                _ZN14HardwareSerial4peekEv
 .text._ZN14HardwareSerial4readEv
                0x00000b1a       0x28 D:\Programy Arduino\Drukarka3D\3D-Printer\3D Printer\3D Printer\ArduinoCore\Debug\libArduinoCore.a(HardwareSerial.o)
                0x00000b1a                _ZN14HardwareSerial4readEv
 .text._ZN14HardwareSerial17availableForWriteEv
                0x00000b42       0x1e D:\Programy Arduino\Drukarka3D\3D-Printer\3D Printer\3D Printer\ArduinoCore\Debug\libArduinoCore.a(HardwareSerial.o)
                0x00000b42                _ZN14HardwareSerial17availableForWriteEv
 .text._Z14serialEventRunv
                0x00000b60       0x78 D:\Programy Arduino\Drukarka3D\3D-Printer\3D Printer\3D Printer\ArduinoCore\Debug\libArduinoCore.a(HardwareSerial.o)
                0x00000b60                _Z14serialEventRunv
 .text._ZN14HardwareSerial17_tx_udr_empty_irqEv
                0x00000bd8       0x42 D:\Programy Arduino\Drukarka3D\3D-Printer\3D Printer\3D Printer\ArduinoCore\Debug\libArduinoCore.a(HardwareSerial.o)
                0x00000bd8                _ZN14HardwareSerial17_tx_udr_empty_irqEv
 .text._ZN14HardwareSerial5writeEh
                0x00000c1a       0x8c D:\Programy Arduino\Drukarka3D\3D-Printer\3D Printer\3D Printer\ArduinoCore\Debug\libArduinoCore.a(HardwareSerial.o)
                0x00000c1a                _ZN14HardwareSerial5writeEh
 .text._ZN14HardwareSerial5flushEv
                0x00000ca6       0x42 D:\Programy Arduino\Drukarka3D\3D-Printer\3D Printer\3D Printer\ArduinoCore\Debug\libArduinoCore.a(HardwareSerial.o)
                0x00000ca6                _ZN14HardwareSerial5flushEv
 .text._ZN14HardwareSerial5beginEmh
                0x00000ce8       0xc6 D:\Programy Arduino\Drukarka3D\3D-Printer\3D Printer\3D Printer\ArduinoCore\Debug\libArduinoCore.a(HardwareSerial.o)
                0x00000ce8                _ZN14HardwareSerial5beginEmh
 .text.__vector_25
                0x00000dae       0x6c D:\Programy Arduino\Drukarka3D\3D-Printer\3D Printer\3D Printer\ArduinoCore\Debug\libArduinoCore.a(HardwareSerial0.o)
                0x00000dae                __vector_25
 .text.__vector_26
                0x00000e1a       0x52 D:\Programy Arduino\Drukarka3D\3D-Printer\3D Printer\3D Printer\ArduinoCore\Debug\libArduinoCore.a(HardwareSerial0.o)
                0x00000e1a                __vector_26
 .text._Z17Serial0_availablev
                0x00000e6c       0x12 D:\Programy Arduino\Drukarka3D\3D-Printer\3D Printer\3D Printer\ArduinoCore\Debug\libArduinoCore.a(HardwareSerial0.o)
                0x00000e6c                _Z17Serial0_availablev
 .text.startup._GLOBAL__sub_I___vector_25
                0x00000e7e       0x5a D:\Programy Arduino\Drukarka3D\3D-Printer\3D Printer\3D Printer\ArduinoCore\Debug\libArduinoCore.a(HardwareSerial0.o)
 .text.initVariant
                0x00000ed8        0x2 D:\Programy Arduino\Drukarka3D\3D-Printer\3D Printer\3D Printer\ArduinoCore\Debug\libArduinoCore.a(main.o)
                0x00000ed8                initVariant
 .text.startup.main
                0x00000eda       0x14 D:\Programy Arduino\Drukarka3D\3D-Printer\3D Printer\3D Printer\ArduinoCore\Debug\libArduinoCore.a(main.o)
                0x00000eda                main
 .text._ZN5Print5writeEPKhj
                0x00000eee       0x54 D:\Programy Arduino\Drukarka3D\3D-Printer\3D Printer\3D Printer\ArduinoCore\Debug\libArduinoCore.a(Print.o)
                0x00000eee                _ZN5Print5writeEPKhj
 .text._ZN5Print5writeEPKc
                0x00000f42       0x2a D:\Programy Arduino\Drukarka3D\3D-Printer\3D Printer\3D Printer\ArduinoCore\Debug\libArduinoCore.a(Print.o)
                0x00000f42                _ZN5Print5writeEPKc
 .text._ZN5Print5printEc
                0x00000f6c        0xe D:\Programy Arduino\Drukarka3D\3D-Printer\3D Printer\3D Printer\ArduinoCore\Debug\libArduinoCore.a(Print.o)
                0x00000f6c                _ZN5Print5printEc
 .text._ZN5Print7printlnEv
                0x00000f7a        0x6 D:\Programy Arduino\Drukarka3D\3D-Printer\3D Printer\3D Printer\ArduinoCore\Debug\libArduinoCore.a(Print.o)
                0x00000f7a                _ZN5Print7printlnEv
 .text._ZN5Print7printlnEPKc
                0x00000f80       0x20 D:\Programy Arduino\Drukarka3D\3D-Printer\3D Printer\3D Printer\ArduinoCore\Debug\libArduinoCore.a(Print.o)
                0x00000f80                _ZN5Print7printlnEPKc
 .text._ZN5Print11printNumberEmh
                0x00000fa0       0x8e D:\Programy Arduino\Drukarka3D\3D-Printer\3D Printer\3D Printer\ArduinoCore\Debug\libArduinoCore.a(Print.o)
                0x00000fa0                _ZN5Print11printNumberEmh
 .text._ZN5Print5printEmi
                0x0000102e       0x18 D:\Programy Arduino\Drukarka3D\3D-Printer\3D Printer\3D Printer\ArduinoCore\Debug\libArduinoCore.a(Print.o)
                0x0000102e                _ZN5Print5printEmi
 .text._ZN5Print5printEji
                0x00001046        0xa D:\Programy Arduino\Drukarka3D\3D-Printer\3D Printer\3D Printer\ArduinoCore\Debug\libArduinoCore.a(Print.o)
                0x00001046                _ZN5Print5printEji
 .text._ZN5Print10printFloatEdh
                0x00001050      0x18e D:\Programy Arduino\Drukarka3D\3D-Printer\3D Printer\3D Printer\ArduinoCore\Debug\libArduinoCore.a(Print.o)
                0x00001050                _ZN5Print10printFloatEdh
 .text._ZN5Print7printlnEdi
                0x000011de       0x20 D:\Programy Arduino\Drukarka3D\3D-Printer\3D Printer\3D Printer\ArduinoCore\Debug\libArduinoCore.a(Print.o)
                0x000011de                _ZN5Print7printlnEdi
 .text._ZN6Stream9timedReadEv
                0x000011fe       0x5c D:\Programy Arduino\Drukarka3D\3D-Printer\3D Printer\3D Printer\ArduinoCore\Debug\libArduinoCore.a(Stream.o)
                0x000011fe                _ZN6Stream9timedReadEv
 .text._ZN6Stream10readStringEv
                0x0000125a       0x2e D:\Programy Arduino\Drukarka3D\3D-Printer\3D Printer\3D Printer\ArduinoCore\Debug\libArduinoCore.a(Stream.o)
                0x0000125a                _ZN6Stream10readStringEv
 .text.__vector_23
                0x00001288       0x94 D:\Programy Arduino\Drukarka3D\3D-Printer\3D Printer\3D Printer\ArduinoCore\Debug\libArduinoCore.a(wiring.o)
                0x00001288                __vector_23
 .text.millis   0x0000131c       0x18 D:\Programy Arduino\Drukarka3D\3D-Printer\3D Printer\3D Printer\ArduinoCore\Debug\libArduinoCore.a(wiring.o)
                0x0000131c                millis
 .text.delayMicroseconds
                0x00001334       0x16 D:\Programy Arduino\Drukarka3D\3D-Printer\3D Printer\3D Printer\ArduinoCore\Debug\libArduinoCore.a(wiring.o)
                0x00001334                delayMicroseconds
 .text.init     0x0000134a       0xc4 D:\Programy Arduino\Drukarka3D\3D-Printer\3D Printer\3D Printer\ArduinoCore\Debug\libArduinoCore.a(wiring.o)
                0x0000134a                init
 .text.turnOffPWM
                0x0000140e       0xaa D:\Programy Arduino\Drukarka3D\3D-Printer\3D Printer\3D Printer\ArduinoCore\Debug\libArduinoCore.a(wiring_digital.o)
 .text.pinMode  0x000014b8       0x78 D:\Programy Arduino\Drukarka3D\3D-Printer\3D Printer\3D Printer\ArduinoCore\Debug\libArduinoCore.a(wiring_digital.o)
                0x000014b8                pinMode
 .text.digitalWrite
                0x00001530       0x5c D:\Programy Arduino\Drukarka3D\3D-Printer\3D Printer\3D Printer\ArduinoCore\Debug\libArduinoCore.a(wiring_digital.o)
                0x00001530                digitalWrite
 .text.digitalRead
                0x0000158c       0x50 D:\Programy Arduino\Drukarka3D\3D-Printer\3D Printer\3D Printer\ArduinoCore\Debug\libArduinoCore.a(wiring_digital.o)
                0x0000158c                digitalRead
 .text._ZN6StringD2Ev
                0x000015dc        0x8 D:\Programy Arduino\Drukarka3D\3D-Printer\3D Printer\3D Printer\ArduinoCore\Debug\libArduinoCore.a(WString.o)
                0x000015dc                _ZN6StringD2Ev
                0x000015dc                _ZN6StringD1Ev
 .text._ZN6String10invalidateEv
                0x000015e4       0x22 D:\Programy Arduino\Drukarka3D\3D-Printer\3D Printer\3D Printer\ArduinoCore\Debug\libArduinoCore.a(WString.o)
                0x000015e4                _ZN6String10invalidateEv
 .text._ZN6String12changeBufferEj
                0x00001606       0x32 D:\Programy Arduino\Drukarka3D\3D-Printer\3D Printer\3D Printer\ArduinoCore\Debug\libArduinoCore.a(WString.o)
                0x00001606                _ZN6String12changeBufferEj
 .text._ZN6String7reserveEj
                0x00001638       0x36 D:\Programy Arduino\Drukarka3D\3D-Printer\3D Printer\3D Printer\ArduinoCore\Debug\libArduinoCore.a(WString.o)
                0x00001638                _ZN6String7reserveEj
 .text._ZN6String4copyEPKcj
                0x0000166e       0x3c D:\Programy Arduino\Drukarka3D\3D-Printer\3D Printer\3D Printer\ArduinoCore\Debug\libArduinoCore.a(WString.o)
                0x0000166e                _ZN6String4copyEPKcj
 .text._ZN6StringC2EPKc
                0x000016aa       0x28 D:\Programy Arduino\Drukarka3D\3D-Printer\3D Printer\3D Printer\ArduinoCore\Debug\libArduinoCore.a(WString.o)
                0x000016aa                _ZN6StringC2EPKc
                0x000016aa                _ZN6StringC1EPKc
 .text._ZN6String6concatEPKcj
                0x000016d2       0x58 D:\Programy Arduino\Drukarka3D\3D-Printer\3D Printer\3D Printer\ArduinoCore\Debug\libArduinoCore.a(WString.o)
                0x000016d2                _ZN6String6concatEPKcj
 .text._ZN6String6concatEc
                0x0000172a       0x26 D:\Programy Arduino\Drukarka3D\3D-Printer\3D Printer\3D Printer\ArduinoCore\Debug\libArduinoCore.a(WString.o)
                0x0000172a                _ZN6String6concatEc
 .text._ZNK6String8getBytesEPhjj
                0x00001750       0x5c D:\Programy Arduino\Drukarka3D\3D-Printer\3D Printer\3D Printer\ArduinoCore\Debug\libArduinoCore.a(WString.o)
                0x00001750                _ZNK6String8getBytesEPhjj
 .text.avr-libc.fplib
                0x000017ac        0x8 d:/atmel studio/7.0/toolchain/avr8/avr8-gnu-toolchain/bin/../lib/gcc/avr/5.4.0/../../../../avr/lib/avr6\libm.a(cmpsf2.o)
                0x000017ac                __nesf2
                0x000017ac                __eqsf2
                0x000017ac                __cmpsf2
                0x000017ac                __ltsf2
                0x000017ac                __lesf2
 .text.avr-libc.fplib
                0x000017b4        0x4 d:/atmel studio/7.0/toolchain/avr8/avr8-gnu-toolchain/bin/../lib/gcc/avr/5.4.0/../../../../avr/lib/avr6\libm.a(divsf3.o)
                0x000017b4                __divsf3
 .text.avr-libc.fplib
                0x000017b8       0xcc d:/atmel studio/7.0/toolchain/avr8/avr8-gnu-toolchain/bin/../lib/gcc/avr/5.4.0/../../../../avr/lib/avr6\libm.a(divsf3x.o)
                0x000017ce                __divsf3x
                0x000017d2                __divsf3_pse
 .text.avr-libc.fplib
                0x00001884        0x4 d:/atmel studio/7.0/toolchain/avr8/avr8-gnu-toolchain/bin/../lib/gcc/avr/5.4.0/../../../../avr/lib/avr6\libm.a(mulsf3.o)
                0x00001884                __mulsf3
 .text.avr-libc.fplib
                0x00001888       0xc2 d:/atmel studio/7.0/toolchain/avr8/avr8-gnu-toolchain/bin/../lib/gcc/avr/5.4.0/../../../../avr/lib/avr6\libm.a(mulsf3x.o)
                0x0000189c                __mulsf3x
                0x000018a0                __mulsf3_pse
 .text.avr-libc.fplib
                0x0000194a        0x8 d:/atmel studio/7.0/toolchain/avr8/avr8-gnu-toolchain/bin/../lib/gcc/avr/5.4.0/../../../../avr/lib/avr6\libm.a(unordsf2.o)
                0x0000194a                __unordsf2
 .text.libgcc.div
                0x00001952       0x44 d:/atmel studio/7.0/toolchain/avr8/avr8-gnu-toolchain/bin/../lib/gcc/avr/5.4.0/avr6\libgcc.a(_udivmodsi4.o)
                0x00001952                __udivmodsi4
 .text.libgcc   0x00001996       0x10 d:/atmel studio/7.0/toolchain/avr8/avr8-gnu-toolchain/bin/../lib/gcc/avr/5.4.0/avr6\libgcc.a(_tablejump2.o)
                0x00001996                __tablejump2__
 .text.libgcc.mul
                0x000019a6       0x14 d:/atmel studio/7.0/toolchain/avr8/avr8-gnu-toolchain/bin/../lib/gcc/avr/5.4.0/avr6\libgcc.a(_muluhisi3.o)
                0x000019a6                __muluhisi3
 .text.libgcc.mul
                0x000019ba       0x1e d:/atmel studio/7.0/toolchain/avr8/avr8-gnu-toolchain/bin/../lib/gcc/avr/5.4.0/avr6\libgcc.a(_umulhisi3.o)
                0x000019ba                __umulhisi3
 .text.avr-libc
                0x000019d8      0x242 d:/atmel studio/7.0/toolchain/avr8/avr8-gnu-toolchain/bin/../lib/gcc/avr/5.4.0/../../../../avr/lib/avr6\libc.a(malloc.o)
                0x000019d8                malloc
                0x00001b08                free
 .text.avr-libc
                0x00001c1a      0x1c0 d:/atmel studio/7.0/toolchain/avr8/avr8-gnu-toolchain/bin/../lib/gcc/avr/5.4.0/../../../../avr/lib/avr6\libc.a(realloc.o)
                0x00001c1a                realloc
 .text.avr-libc
                0x00001dda      0x2a8 d:/atmel studio/7.0/toolchain/avr8/avr8-gnu-toolchain/bin/../lib/gcc/avr/5.4.0/../../../../avr/lib/avr6\libc.a(strtod.o)
                0x00001dda                strtod
 .text.avr-libc
                0x00002082       0x10 d:/atmel studio/7.0/toolchain/avr8/avr8-gnu-toolchain/bin/../lib/gcc/avr/5.4.0/../../../../avr/lib/avr6\libc.a(isspace.o)
                0x00002082                isspace
 .text.avr-libc
                0x00002092       0x30 d:/atmel studio/7.0/toolchain/avr8/avr8-gnu-toolchain/bin/../lib/gcc/avr/5.4.0/../../../../avr/lib/avr6\libc.a(strncasecmp_P.o)
                0x00002092                strncasecmp_P
 .text.avr-libc
                0x000020c2       0x12 d:/atmel studio/7.0/toolchain/avr8/avr8-gnu-toolchain/bin/../lib/gcc/avr/5.4.0/../../../../avr/lib/avr6\libc.a(memcpy.o)
                0x000020c2                memcpy
 .text.avr-libc
                0x000020d4        0xe d:/atmel studio/7.0/toolchain/avr8/avr8-gnu-toolchain/bin/../lib/gcc/avr/5.4.0/../../../../avr/lib/avr6\libc.a(strcpy.o)
                0x000020d4                strcpy
 .text.avr-libc
                0x000020e2       0x14 d:/atmel studio/7.0/toolchain/avr8/avr8-gnu-toolchain/bin/../lib/gcc/avr/5.4.0/../../../../avr/lib/avr6\libc.a(strlwr.o)
                0x000020e2                strlwr
 .text.avr-libc
                0x000020f6       0x1e d:/atmel studio/7.0/toolchain/avr8/avr8-gnu-toolchain/bin/../lib/gcc/avr/5.4.0/../../../../avr/lib/avr6\libc.a(strncpy.o)
                0x000020f6                strncpy
 .text.avr-libc
                0x00002114        0x6 d:/atmel studio/7.0/toolchain/avr8/avr8-gnu-toolchain/bin/../lib/gcc/avr/5.4.0/../../../../avr/lib/avr6\libc.a(cty_isfalse.o)
                0x00002114                __ctype_isfalse
                0x00002118                __ctype_istrue
                0x0000211a                . = ALIGN (0x2)
 *(.fini9)
 .fini9         0x0000211a        0x0 d:/atmel studio/7.0/toolchain/avr8/avr8-gnu-toolchain/bin/../lib/gcc/avr/5.4.0/avr6\libgcc.a(_exit.o)
                0x0000211a                _exit
                0x0000211a                exit
 *(.fini9)
 *(.fini8)
 *(.fini8)
 *(.fini7)
 *(.fini7)
 *(.fini6)
 *(.fini6)
 *(.fini5)
 *(.fini5)
 *(.fini4)
 *(.fini4)
 *(.fini3)
 *(.fini3)
 *(.fini2)
 *(.fini2)
 *(.fini1)
 *(.fini1)
 *(.fini0)
 .fini0         0x0000211a        0x4 d:/atmel studio/7.0/toolchain/avr8/avr8-gnu-toolchain/bin/../lib/gcc/avr/5.4.0/avr6\libgcc.a(_exit.o)
 *(.fini0)
                0x0000211e                _etext = .

.data           0x00800200       0x32 load address 0x0000211e
                0x00800200                PROVIDE (__data_start, .)
 *(.data)
 .data          0x00800200        0x6 d:/atmel studio/7.0/toolchain/avr8/avr8-gnu-toolchain/bin/../lib/gcc/avr/5.4.0/../../../../avr/lib/avr6\libc.a(malloc.o)
                0x00800200                __malloc_heap_end
                0x00800202                __malloc_heap_start
                0x00800204                __malloc_margin
 *(.data*)
 *(.rodata)
 *(.rodata*)
 .rodata.str1.1
                0x00800206        0xb Sketch.o
 .rodata._ZTV14HardwareSerial
                0x00800211       0x12 D:\Programy Arduino\Drukarka3D\3D-Printer\3D Printer\3D Printer\ArduinoCore\Debug\libArduinoCore.a(HardwareSerial.o)
                0x00800211                _ZTV14HardwareSerial
 .rodata.str1.1
                0x00800223        0xf D:\Programy Arduino\Drukarka3D\3D-Printer\3D Printer\3D Printer\ArduinoCore\Debug\libArduinoCore.a(Print.o)
 .rodata.str1.1
                0x00800232        0xf D:\Programy Arduino\Drukarka3D\3D-Printer\3D Printer\3D Printer\ArduinoCore\Debug\libArduinoCore.a(Stream.o)
                                  0x1 (size before relaxing)
 *(.gnu.linkonce.d*)
                0x00800242                . = ALIGN (0x2)
                0x00800242                _edata = .
                0x00800242                PROVIDE (__data_end, .)

.bss            0x00800232       0xb8
                0x00800232                PROVIDE (__bss_start, .)
 *(.bss)
 *(.bss*)
 .bss.steps     0x00800232        0xc Sketch.o
                0x00800232                steps
 .bss.Serial    0x0080023e       0x9d D:\Programy Arduino\Drukarka3D\3D-Printer\3D Printer\3D Printer\ArduinoCore\Debug\libArduinoCore.a(HardwareSerial0.o)
                0x0080023e                Serial
 .bss.timer0_fract
                0x008002db        0x1 D:\Programy Arduino\Drukarka3D\3D-Printer\3D Printer\3D Printer\ArduinoCore\Debug\libArduinoCore.a(wiring.o)
 .bss.timer0_millis
                0x008002dc        0x4 D:\Programy Arduino\Drukarka3D\3D-Printer\3D Printer\3D Printer\ArduinoCore\Debug\libArduinoCore.a(wiring.o)
                0x008002dc                timer0_millis
 .bss.timer0_overflow_count
                0x008002e0        0x4 D:\Programy Arduino\Drukarka3D\3D-Printer\3D Printer\3D Printer\ArduinoCore\Debug\libArduinoCore.a(wiring.o)
                0x008002e0                timer0_overflow_count
 *(COMMON)
 COMMON         0x008002e4        0x4 d:/atmel studio/7.0/toolchain/avr8/avr8-gnu-toolchain/bin/../lib/gcc/avr/5.4.0/../../../../avr/lib/avr6\libc.a(malloc.o)
                0x008002e4                __brkval
                0x008002e6                __flp
 COMMON         0x008002e8        0x2 d:/atmel studio/7.0/toolchain/avr8/avr8-gnu-toolchain/bin/../lib/gcc/avr/5.4.0/../../../../avr/lib/avr6\libc.a(errno.o)
                0x008002e8                errno
                0x008002ea                PROVIDE (__bss_end, .)
                0x0000211e                __data_load_start = LOADADDR (.data)
                0x00002150                __data_load_end = (__data_load_start + SIZEOF (.data))

.noinit         0x008002ea        0x0
                [!provide]                PROVIDE (__noinit_start, .)
 *(.noinit*)
                [!provide]                PROVIDE (__noinit_end, .)
                0x008002ea                _end = .
                0x008002ea                PROVIDE (__heap_start, .)

.eeprom         0x00810000        0x0
 *(.eeprom*)
                0x00810000                __eeprom_end = .

.fuse
 *(.fuse)
 *(.lfuse)
 *(.hfuse)
 *(.efuse)

.lock
 *(.lock*)

.signature
 *(.signature*)

.user_signatures
 *(.user_signatures*)

.stab
 *(.stab)

.stabstr
 *(.stabstr)

.stab.excl
 *(.stab.excl)

.stab.exclstr
 *(.stab.exclstr)

.stab.index
 *(.stab.index)

.stab.indexstr
 *(.stab.indexstr)

.comment        0x00000000       0x5c
 *(.comment)
 .comment       0x00000000       0x30 Sketch.o
                                 0x31 (size before relaxing)
 .comment       0x00000030       0x31 Source files/LimitSwitch.o
 .comment       0x00000030       0x31 Source files/SerialDecoder.o
 .comment       0x00000030       0x31 Source files/StepperMotor.o
 .comment       0x00000030       0x31 D:\Programy Arduino\Drukarka3D\3D-Printer\3D Printer\3D Printer\ArduinoCore\Debug\libArduinoCore.a(HardwareSerial.o)
 .comment       0x00000030       0x31 D:\Programy Arduino\Drukarka3D\3D-Printer\3D Printer\3D Printer\ArduinoCore\Debug\libArduinoCore.a(HardwareSerial0.o)
 .comment       0x00000030       0x31 D:\Programy Arduino\Drukarka3D\3D-Printer\3D Printer\3D Printer\ArduinoCore\Debug\libArduinoCore.a(main.o)
 .comment       0x00000030       0x31 D:\Programy Arduino\Drukarka3D\3D-Printer\3D Printer\3D Printer\ArduinoCore\Debug\libArduinoCore.a(Print.o)
 .comment       0x00000030       0x31 D:\Programy Arduino\Drukarka3D\3D-Printer\3D Printer\3D Printer\ArduinoCore\Debug\libArduinoCore.a(Stream.o)
 .comment       0x00000030       0x31 D:\Programy Arduino\Drukarka3D\3D-Printer\3D Printer\3D Printer\ArduinoCore\Debug\libArduinoCore.a(wiring.o)
 .comment       0x00000030       0x31 D:\Programy Arduino\Drukarka3D\3D-Printer\3D Printer\3D Printer\ArduinoCore\Debug\libArduinoCore.a(wiring_digital.o)
 .comment       0x00000030       0x31 D:\Programy Arduino\Drukarka3D\3D-Printer\3D Printer\3D Printer\ArduinoCore\Debug\libArduinoCore.a(WString.o)
 .comment       0x00000030       0x31 d:/atmel studio/7.0/toolchain/avr8/avr8-gnu-toolchain/bin/../lib/gcc/avr/5.4.0/../../../../avr/lib/avr6\libc.a(malloc.o)
 .comment       0x00000030       0x31 d:/atmel studio/7.0/toolchain/avr8/avr8-gnu-toolchain/bin/../lib/gcc/avr/5.4.0/../../../../avr/lib/avr6\libc.a(realloc.o)
 .comment       0x00000030       0x31 d:/atmel studio/7.0/toolchain/avr8/avr8-gnu-toolchain/bin/../lib/gcc/avr/5.4.0/../../../../avr/lib/avr6\libc.a(strtod.o)
 .comment       0x00000030       0x2c d:/atmel studio/7.0/toolchain/avr8/avr8-gnu-toolchain/bin/../lib/gcc/avr/5.4.0/../../../../avr/lib/avr6\libc.a(errno.o)
                                 0x2d (size before relaxing)

.note.gnu.avr.deviceinfo
                0x00000000       0x40
 .note.gnu.avr.deviceinfo
                0x00000000       0x40 D:/Atmel Studio/7.0/Packs/atmel/ATmega_DFP/1.2.132/gcc/dev/atmega2560/avr6/crtatmega2560.o

.note.gnu.build-id
 *(.note.gnu.build-id)

.debug
 *(.debug)

.line
 *(.line)

.debug_srcinfo
 *(.debug_srcinfo)

.debug_sfnames
 *(.debug_sfnames)

.debug_aranges  0x00000000      0x680
 *(.debug_aranges)
 .debug_aranges
                0x00000000       0x28 Sketch.o
 .debug_aranges
                0x00000028       0x20 Source files/LimitSwitch.o
 .debug_aranges
                0x00000048       0x30 Source files/SerialDecoder.o
 .debug_aranges
                0x00000078       0x58 Source files/StepperMotor.o
 .debug_aranges
                0x000000d0       0x68 D:\Programy Arduino\Drukarka3D\3D-Printer\3D Printer\3D Printer\ArduinoCore\Debug\libArduinoCore.a(HardwareSerial.o)
 .debug_aranges
                0x00000138       0x48 D:\Programy Arduino\Drukarka3D\3D-Printer\3D Printer\3D Printer\ArduinoCore\Debug\libArduinoCore.a(HardwareSerial0.o)
 .debug_aranges
                0x00000180       0x30 D:\Programy Arduino\Drukarka3D\3D-Printer\3D Printer\3D Printer\ArduinoCore\Debug\libArduinoCore.a(main.o)
 .debug_aranges
                0x000001b0      0x100 D:\Programy Arduino\Drukarka3D\3D-Printer\3D Printer\3D Printer\ArduinoCore\Debug\libArduinoCore.a(Print.o)
 .debug_aranges
                0x000002b0       0x98 D:\Programy Arduino\Drukarka3D\3D-Printer\3D Printer\3D Printer\ArduinoCore\Debug\libArduinoCore.a(Stream.o)
 .debug_aranges
                0x00000348       0x48 D:\Programy Arduino\Drukarka3D\3D-Printer\3D Printer\3D Printer\ArduinoCore\Debug\libArduinoCore.a(wiring.o)
 .debug_aranges
                0x00000390       0x38 D:\Programy Arduino\Drukarka3D\3D-Printer\3D Printer\3D Printer\ArduinoCore\Debug\libArduinoCore.a(wiring_digital.o)
 .debug_aranges
                0x000003c8      0x2b8 D:\Programy Arduino\Drukarka3D\3D-Printer\3D Printer\3D Printer\ArduinoCore\Debug\libArduinoCore.a(WString.o)

.debug_pubnames
 *(.debug_pubnames)

.debug_info     0x00000000    0x11a6b
 *(.debug_info .gnu.linkonce.wi.*)
 .debug_info    0x00000000      0xbbc D:/Atmel Studio/7.0/Packs/atmel/ATmega_DFP/1.2.132/gcc/dev/atmega2560/avr6/crtatmega2560.o
 .debug_info    0x00000bbc     0x19db Sketch.o
 .debug_info    0x00002597      0x286 Source files/LimitSwitch.o
 .debug_info    0x0000281d     0x14a2 Source files/SerialDecoder.o
 .debug_info    0x00003cbf      0x86c Source files/StepperMotor.o
 .debug_info    0x0000452b     0x1f83 D:\Programy Arduino\Drukarka3D\3D-Printer\3D Printer\3D Printer\ArduinoCore\Debug\libArduinoCore.a(HardwareSerial.o)
 .debug_info    0x000064ae     0x1b74 D:\Programy Arduino\Drukarka3D\3D-Printer\3D Printer\3D Printer\ArduinoCore\Debug\libArduinoCore.a(HardwareSerial0.o)
 .debug_info    0x00008022      0x295 D:\Programy Arduino\Drukarka3D\3D-Printer\3D Printer\3D Printer\ArduinoCore\Debug\libArduinoCore.a(main.o)
 .debug_info    0x000082b7     0x295d D:\Programy Arduino\Drukarka3D\3D-Printer\3D Printer\3D Printer\ArduinoCore\Debug\libArduinoCore.a(Print.o)
 .debug_info    0x0000ac14     0x21bc D:\Programy Arduino\Drukarka3D\3D-Printer\3D Printer\3D Printer\ArduinoCore\Debug\libArduinoCore.a(Stream.o)
 .debug_info    0x0000cdd0      0x329 D:\Programy Arduino\Drukarka3D\3D-Printer\3D Printer\3D Printer\ArduinoCore\Debug\libArduinoCore.a(wiring.o)
 .debug_info    0x0000d0f9      0x63a D:\Programy Arduino\Drukarka3D\3D-Printer\3D Printer\3D Printer\ArduinoCore\Debug\libArduinoCore.a(wiring_digital.o)
 .debug_info    0x0000d733     0x4338 D:\Programy Arduino\Drukarka3D\3D-Printer\3D Printer\3D Printer\ArduinoCore\Debug\libArduinoCore.a(WString.o)

.debug_abbrev   0x00000000     0x2dfa
 *(.debug_abbrev)
 .debug_abbrev  0x00000000      0xb1a D:/Atmel Studio/7.0/Packs/atmel/ATmega_DFP/1.2.132/gcc/dev/atmega2560/avr6/crtatmega2560.o
 .debug_abbrev  0x00000b1a      0x355 Sketch.o
 .debug_abbrev  0x00000e6f       0xd3 Source files/LimitSwitch.o
 .debug_abbrev  0x00000f42      0x330 Source files/SerialDecoder.o
 .debug_abbrev  0x00001272      0x1f8 Source files/StepperMotor.o
 .debug_abbrev  0x0000146a      0x432 D:\Programy Arduino\Drukarka3D\3D-Printer\3D Printer\3D Printer\ArduinoCore\Debug\libArduinoCore.a(HardwareSerial.o)
 .debug_abbrev  0x0000189c      0x3ce D:\Programy Arduino\Drukarka3D\3D-Printer\3D Printer\3D Printer\ArduinoCore\Debug\libArduinoCore.a(HardwareSerial0.o)
 .debug_abbrev  0x00001c6a      0x12d D:\Programy Arduino\Drukarka3D\3D-Printer\3D Printer\3D Printer\ArduinoCore\Debug\libArduinoCore.a(main.o)
 .debug_abbrev  0x00001d97      0x47a D:\Programy Arduino\Drukarka3D\3D-Printer\3D Printer\3D Printer\ArduinoCore\Debug\libArduinoCore.a(Print.o)
 .debug_abbrev  0x00002211      0x487 D:\Programy Arduino\Drukarka3D\3D-Printer\3D Printer\3D Printer\ArduinoCore\Debug\libArduinoCore.a(Stream.o)
 .debug_abbrev  0x00002698      0x146 D:\Programy Arduino\Drukarka3D\3D-Printer\3D Printer\3D Printer\ArduinoCore\Debug\libArduinoCore.a(wiring.o)
 .debug_abbrev  0x000027de      0x15a D:\Programy Arduino\Drukarka3D\3D-Printer\3D Printer\3D Printer\ArduinoCore\Debug\libArduinoCore.a(wiring_digital.o)
 .debug_abbrev  0x00002938      0x4c2 D:\Programy Arduino\Drukarka3D\3D-Printer\3D Printer\3D Printer\ArduinoCore\Debug\libArduinoCore.a(WString.o)

.debug_line     0x00000000     0x37d7
 *(.debug_line .debug_line.* .debug_line_end)
 .debug_line    0x00000000      0x1f9 D:/Atmel Studio/7.0/Packs/atmel/ATmega_DFP/1.2.132/gcc/dev/atmega2560/avr6/crtatmega2560.o
 .debug_line    0x000001f9      0x24b Sketch.o
 .debug_line    0x00000444      0x133 Source files/LimitSwitch.o
 .debug_line    0x00000577      0x1f5 Source files/SerialDecoder.o
 .debug_line    0x0000076c      0x3f9 Source files/StepperMotor.o
 .debug_line    0x00000b65      0x461 D:\Programy Arduino\Drukarka3D\3D-Printer\3D Printer\3D Printer\ArduinoCore\Debug\libArduinoCore.a(HardwareSerial.o)
 .debug_line    0x00000fc6      0x260 D:\Programy Arduino\Drukarka3D\3D-Printer\3D Printer\3D Printer\ArduinoCore\Debug\libArduinoCore.a(HardwareSerial0.o)
 .debug_line    0x00001226      0x14d D:\Programy Arduino\Drukarka3D\3D-Printer\3D Printer\3D Printer\ArduinoCore\Debug\libArduinoCore.a(main.o)
 .debug_line    0x00001373      0x659 D:\Programy Arduino\Drukarka3D\3D-Printer\3D Printer\3D Printer\ArduinoCore\Debug\libArduinoCore.a(Print.o)
 .debug_line    0x000019cc      0x5cb D:\Programy Arduino\Drukarka3D\3D-Printer\3D Printer\3D Printer\ArduinoCore\Debug\libArduinoCore.a(Stream.o)
 .debug_line    0x00001f97      0x2b7 D:\Programy Arduino\Drukarka3D\3D-Printer\3D Printer\3D Printer\ArduinoCore\Debug\libArduinoCore.a(wiring.o)
 .debug_line    0x0000224e      0x270 D:\Programy Arduino\Drukarka3D\3D-Printer\3D Printer\3D Printer\ArduinoCore\Debug\libArduinoCore.a(wiring_digital.o)
 .debug_line    0x000024be     0x1319 D:\Programy Arduino\Drukarka3D\3D-Printer\3D Printer\3D Printer\ArduinoCore\Debug\libArduinoCore.a(WString.o)

.debug_frame    0x00000000     0x163c
 *(.debug_frame)
 .debug_frame   0x00000000       0x44 Sketch.o
 .debug_frame   0x00000044       0x24 Source files/LimitSwitch.o
 .debug_frame   0x00000068       0x70 Source files/SerialDecoder.o
 .debug_frame   0x000000d8       0xf0 Source files/StepperMotor.o
 .debug_frame   0x000001c8      0x110 D:\Programy Arduino\Drukarka3D\3D-Printer\3D Printer\3D Printer\ArduinoCore\Debug\libArduinoCore.a(HardwareSerial.o)
 .debug_frame   0x000002d8       0xe0 D:\Programy Arduino\Drukarka3D\3D-Printer\3D Printer\3D Printer\ArduinoCore\Debug\libArduinoCore.a(HardwareSerial0.o)
 .debug_frame   0x000003b8       0x54 D:\Programy Arduino\Drukarka3D\3D-Printer\3D Printer\3D Printer\ArduinoCore\Debug\libArduinoCore.a(main.o)
 .debug_frame   0x0000040c      0x3ac D:\Programy Arduino\Drukarka3D\3D-Printer\3D Printer\3D Printer\ArduinoCore\Debug\libArduinoCore.a(Print.o)
 .debug_frame   0x000007b8      0x2e4 D:\Programy Arduino\Drukarka3D\3D-Printer\3D Printer\3D Printer\ArduinoCore\Debug\libArduinoCore.a(Stream.o)
 .debug_frame   0x00000a9c       0xc4 D:\Programy Arduino\Drukarka3D\3D-Printer\3D Printer\3D Printer\ArduinoCore\Debug\libArduinoCore.a(wiring.o)
 .debug_frame   0x00000b60       0x7c D:\Programy Arduino\Drukarka3D\3D-Printer\3D Printer\3D Printer\ArduinoCore\Debug\libArduinoCore.a(wiring_digital.o)
 .debug_frame   0x00000bdc      0xa60 D:\Programy Arduino\Drukarka3D\3D-Printer\3D Printer\3D Printer\ArduinoCore\Debug\libArduinoCore.a(WString.o)

.debug_str      0x00000000     0x2901
 *(.debug_str)
 .debug_str     0x00000000      0x3e6 D:/Atmel Studio/7.0/Packs/atmel/ATmega_DFP/1.2.132/gcc/dev/atmega2560/avr6/crtatmega2560.o
 .debug_str     0x000003e6     0x125c Sketch.o
                               0x130f (size before relaxing)
 .debug_str     0x00001642       0x60 Source files/LimitSwitch.o
                                0x2ae (size before relaxing)
 .debug_str     0x000016a2       0xbc Source files/SerialDecoder.o
                                0xeab (size before relaxing)
 .debug_str     0x0000175e      0x159 Source files/StepperMotor.o
                                0x462 (size before relaxing)
 .debug_str     0x000018b7      0x4eb D:\Programy Arduino\Drukarka3D\3D-Printer\3D Printer\3D Printer\ArduinoCore\Debug\libArduinoCore.a(HardwareSerial.o)
                               0x16c9 (size before relaxing)
 .debug_str     0x00001da2       0xca D:\Programy Arduino\Drukarka3D\3D-Printer\3D Printer\3D Printer\ArduinoCore\Debug\libArduinoCore.a(HardwareSerial0.o)
                               0x140d (size before relaxing)
 .debug_str     0x00001e6c       0x37 D:\Programy Arduino\Drukarka3D\3D-Printer\3D Printer\3D Printer\ArduinoCore\Debug\libArduinoCore.a(main.o)
                                0x2b9 (size before relaxing)
 .debug_str     0x00001ea3      0x3b9 D:\Programy Arduino\Drukarka3D\3D-Printer\3D Printer\3D Printer\ArduinoCore\Debug\libArduinoCore.a(Print.o)
                               0x1247 (size before relaxing)
 .debug_str     0x0000225c       0x9d D:\Programy Arduino\Drukarka3D\3D-Printer\3D Printer\3D Printer\ArduinoCore\Debug\libArduinoCore.a(Stream.o)
                               0x126b (size before relaxing)
 .debug_str     0x000022f9      0x158 D:\Programy Arduino\Drukarka3D\3D-Printer\3D Printer\3D Printer\ArduinoCore\Debug\libArduinoCore.a(wiring.o)
                                0x24f (size before relaxing)
 .debug_str     0x00002451       0xbb D:\Programy Arduino\Drukarka3D\3D-Printer\3D Printer\3D Printer\ArduinoCore\Debug\libArduinoCore.a(wiring_digital.o)
                                0x2b4 (size before relaxing)
 .debug_str     0x0000250c      0x3f5 D:\Programy Arduino\Drukarka3D\3D-Printer\3D Printer\3D Printer\ArduinoCore\Debug\libArduinoCore.a(WString.o)
                               0x119a (size before relaxing)

.debug_loc      0x00000000     0x87db
 *(.debug_loc)
 .debug_loc     0x00000000       0x5d Sketch.o
 .debug_loc     0x0000005d      0x2b3 Source files/SerialDecoder.o
 .debug_loc     0x00000310      0x33f Source files/StepperMotor.o
 .debug_loc     0x0000064f      0x482 D:\Programy Arduino\Drukarka3D\3D-Printer\3D Printer\3D Printer\ArduinoCore\Debug\libArduinoCore.a(HardwareSerial.o)
 .debug_loc     0x00000ad1      0x1b0 D:\Programy Arduino\Drukarka3D\3D-Printer\3D Printer\3D Printer\ArduinoCore\Debug\libArduinoCore.a(HardwareSerial0.o)
 .debug_loc     0x00000c81     0x1c87 D:\Programy Arduino\Drukarka3D\3D-Printer\3D Printer\3D Printer\ArduinoCore\Debug\libArduinoCore.a(Print.o)
 .debug_loc     0x00002908     0x14ae D:\Programy Arduino\Drukarka3D\3D-Printer\3D Printer\3D Printer\ArduinoCore\Debug\libArduinoCore.a(Stream.o)
 .debug_loc     0x00003db6      0x28d D:\Programy Arduino\Drukarka3D\3D-Printer\3D Printer\3D Printer\ArduinoCore\Debug\libArduinoCore.a(wiring.o)
 .debug_loc     0x00004043      0x56b D:\Programy Arduino\Drukarka3D\3D-Printer\3D Printer\3D Printer\ArduinoCore\Debug\libArduinoCore.a(wiring_digital.o)
 .debug_loc     0x000045ae     0x422d D:\Programy Arduino\Drukarka3D\3D-Printer\3D Printer\3D Printer\ArduinoCore\Debug\libArduinoCore.a(WString.o)

.debug_macinfo
 *(.debug_macinfo)

.debug_weaknames
 *(.debug_weaknames)

.debug_funcnames
 *(.debug_funcnames)

.debug_typenames
 *(.debug_typenames)

.debug_varnames
 *(.debug_varnames)

.debug_pubtypes
 *(.debug_pubtypes)

.debug_ranges   0x00000000      0x670
 *(.debug_ranges)
 .debug_ranges  0x00000000       0x18 Sketch.o
 .debug_ranges  0x00000018       0x10 Source files/LimitSwitch.o
 .debug_ranges  0x00000028       0x20 Source files/SerialDecoder.o
 .debug_ranges  0x00000048       0x48 Source files/StepperMotor.o
 .debug_ranges  0x00000090       0x58 D:\Programy Arduino\Drukarka3D\3D-Printer\3D Printer\3D Printer\ArduinoCore\Debug\libArduinoCore.a(HardwareSerial.o)
 .debug_ranges  0x000000e8       0x38 D:\Programy Arduino\Drukarka3D\3D-Printer\3D Printer\3D Printer\ArduinoCore\Debug\libArduinoCore.a(HardwareSerial0.o)
 .debug_ranges  0x00000120       0x20 D:\Programy Arduino\Drukarka3D\3D-Printer\3D Printer\3D Printer\ArduinoCore\Debug\libArduinoCore.a(main.o)
 .debug_ranges  0x00000140      0x120 D:\Programy Arduino\Drukarka3D\3D-Printer\3D Printer\3D Printer\ArduinoCore\Debug\libArduinoCore.a(Print.o)
 .debug_ranges  0x00000260       0xb8 D:\Programy Arduino\Drukarka3D\3D-Printer\3D Printer\3D Printer\ArduinoCore\Debug\libArduinoCore.a(Stream.o)
 .debug_ranges  0x00000318       0x38 D:\Programy Arduino\Drukarka3D\3D-Printer\3D Printer\3D Printer\ArduinoCore\Debug\libArduinoCore.a(wiring.o)
 .debug_ranges  0x00000350       0x28 D:\Programy Arduino\Drukarka3D\3D-Printer\3D Printer\3D Printer\ArduinoCore\Debug\libArduinoCore.a(wiring_digital.o)
 .debug_ranges  0x00000378      0x2f8 D:\Programy Arduino\Drukarka3D\3D-Printer\3D Printer\3D Printer\ArduinoCore\Debug\libArduinoCore.a(WString.o)

.debug_macro
 *(.debug_macro)
OUTPUT(3D-Printer.elf elf32-avr)
LOAD linker stubs
