Archive member included to satisfy reference by file (symbol)

d:/atmel studio/7.0/toolchain/avr8/avr8-gnu-toolchain/bin/../lib/gcc/avr/5.4.0/../../../../avr/lib/avr6\libm.a(addsf3.o)
                              Source files/StepperMotor.o (__subsf3)
d:/atmel studio/7.0/toolchain/avr8/avr8-gnu-toolchain/bin/../lib/gcc/avr/5.4.0/../../../../avr/lib/avr6\libm.a(addsf3x.o)
                              d:/atmel studio/7.0/toolchain/avr8/avr8-gnu-toolchain/bin/../lib/gcc/avr/5.4.0/../../../../avr/lib/avr6\libm.a(addsf3.o) (__addsf3x)
d:/atmel studio/7.0/toolchain/avr8/avr8-gnu-toolchain/bin/../lib/gcc/avr/5.4.0/../../../../avr/lib/avr6\libm.a(cmpsf2.o)
                              Sketch.o (__eqsf2)
d:/atmel studio/7.0/toolchain/avr8/avr8-gnu-toolchain/bin/../lib/gcc/avr/5.4.0/../../../../avr/lib/avr6\libm.a(fixsfsi.o)
                              Source files/SerialDecoder.o (__fixsfsi)
d:/atmel studio/7.0/toolchain/avr8/avr8-gnu-toolchain/bin/../lib/gcc/avr/5.4.0/../../../../avr/lib/avr6\libm.a(fixunssfsi.o)
                              Source files/StepperMotor.o (__fixunssfsi)
d:/atmel studio/7.0/toolchain/avr8/avr8-gnu-toolchain/bin/../lib/gcc/avr/5.4.0/../../../../avr/lib/avr6\libm.a(floatsisf.o)
                              Source files/SerialDecoder.o (__floatsisf)
d:/atmel studio/7.0/toolchain/avr8/avr8-gnu-toolchain/bin/../lib/gcc/avr/5.4.0/../../../../avr/lib/avr6\libm.a(fp_cmp.o)
                              d:/atmel studio/7.0/toolchain/avr8/avr8-gnu-toolchain/bin/../lib/gcc/avr/5.4.0/../../../../avr/lib/avr6\libm.a(cmpsf2.o) (__fp_cmp)
d:/atmel studio/7.0/toolchain/avr8/avr8-gnu-toolchain/bin/../lib/gcc/avr/5.4.0/../../../../avr/lib/avr6\libm.a(fp_inf.o)
                              d:/atmel studio/7.0/toolchain/avr8/avr8-gnu-toolchain/bin/../lib/gcc/avr/5.4.0/../../../../avr/lib/avr6\libm.a(addsf3x.o) (__fp_inf)
d:/atmel studio/7.0/toolchain/avr8/avr8-gnu-toolchain/bin/../lib/gcc/avr/5.4.0/../../../../avr/lib/avr6\libm.a(fp_nan.o)
                              d:/atmel studio/7.0/toolchain/avr8/avr8-gnu-toolchain/bin/../lib/gcc/avr/5.4.0/../../../../avr/lib/avr6\libm.a(addsf3x.o) (__fp_nan)
d:/atmel studio/7.0/toolchain/avr8/avr8-gnu-toolchain/bin/../lib/gcc/avr/5.4.0/../../../../avr/lib/avr6\libm.a(fp_pscA.o)
                              d:/atmel studio/7.0/toolchain/avr8/avr8-gnu-toolchain/bin/../lib/gcc/avr/5.4.0/../../../../avr/lib/avr6\libm.a(addsf3x.o) (__fp_pscA)
d:/atmel studio/7.0/toolchain/avr8/avr8-gnu-toolchain/bin/../lib/gcc/avr/5.4.0/../../../../avr/lib/avr6\libm.a(fp_pscB.o)
                              d:/atmel studio/7.0/toolchain/avr8/avr8-gnu-toolchain/bin/../lib/gcc/avr/5.4.0/../../../../avr/lib/avr6\libm.a(addsf3x.o) (__fp_pscB)
d:/atmel studio/7.0/toolchain/avr8/avr8-gnu-toolchain/bin/../lib/gcc/avr/5.4.0/../../../../avr/lib/avr6\libm.a(fp_round.o)
                              d:/atmel studio/7.0/toolchain/avr8/avr8-gnu-toolchain/bin/../lib/gcc/avr/5.4.0/../../../../avr/lib/avr6\libm.a(addsf3.o) (__fp_round)
d:/atmel studio/7.0/toolchain/avr8/avr8-gnu-toolchain/bin/../lib/gcc/avr/5.4.0/../../../../avr/lib/avr6\libm.a(fp_split3.o)
                              d:/atmel studio/7.0/toolchain/avr8/avr8-gnu-toolchain/bin/../lib/gcc/avr/5.4.0/../../../../avr/lib/avr6\libm.a(addsf3x.o) (__fp_split3)
d:/atmel studio/7.0/toolchain/avr8/avr8-gnu-toolchain/bin/../lib/gcc/avr/5.4.0/../../../../avr/lib/avr6\libm.a(fp_zero.o)
                              d:/atmel studio/7.0/toolchain/avr8/avr8-gnu-toolchain/bin/../lib/gcc/avr/5.4.0/../../../../avr/lib/avr6\libm.a(addsf3x.o) (__fp_zero)
d:/atmel studio/7.0/toolchain/avr8/avr8-gnu-toolchain/bin/../lib/gcc/avr/5.4.0/../../../../avr/lib/avr6\libm.a(gesf2.o)
                              Source files/StepperMotor.o (__gtsf2)
D:\Programy Arduino\Drukarka3D\3D-Printer\3D Printer\3D Printer\ArduinoCore\Debug\libArduinoCore.a(HardwareSerial.o)
                              Sketch.o (_ZN14HardwareSerial9availableEv)
D:\Programy Arduino\Drukarka3D\3D-Printer\3D Printer\3D Printer\ArduinoCore\Debug\libArduinoCore.a(HardwareSerial0.o)
                              Sketch.o (Serial)
D:\Programy Arduino\Drukarka3D\3D-Printer\3D Printer\3D Printer\ArduinoCore\Debug\libArduinoCore.a(main.o)
                              D:/Atmel Studio/7.0/Packs/atmel/ATmega_DFP/1.2.132/gcc/dev/atmega2560/avr6/crtatmega2560.o (main)
D:\Programy Arduino\Drukarka3D\3D-Printer\3D Printer\3D Printer\ArduinoCore\Debug\libArduinoCore.a(Print.o)
                              D:\Programy Arduino\Drukarka3D\3D-Printer\3D Printer\3D Printer\ArduinoCore\Debug\libArduinoCore.a(HardwareSerial.o) (_ZN5Print5writeEPKhj)
D:\Programy Arduino\Drukarka3D\3D-Printer\3D Printer\3D Printer\ArduinoCore\Debug\libArduinoCore.a(Stream.o)
                              Sketch.o (_ZN6Stream15readStringUntilEc)
D:\Programy Arduino\Drukarka3D\3D-Printer\3D Printer\3D Printer\ArduinoCore\Debug\libArduinoCore.a(wiring.o)
[...]
Memory Configuration

Name             Origin             Length             Attributes
text             0x00000000         0x00100000         xr
data             0x00800200         0x0000fe00         rw !x
eeprom           0x00810000         0x00010000         rw !x
fuse             0x00820000         0x00000003         rw !x
lock             0x00830000         0x00000400         rw !x
signature        0x00840000         0x00000400         rw !x
user_signatures  0x00850000         0x00000400         rw !x
*default*        0x00000000         0xffffffff

Linker script and memory map

Address of section .data set to 0x800200
LOAD D:/Atmel Studio/7.0/Packs/atmel/ATmega_DFP/1.2.132/gcc/dev/atmega2560/avr6/crtatmega2560.o
LOAD Sketch.o
LOAD Source files/LimitSwitch.o
LOAD Source files/SerialDecoder.o
LOAD Source files/StepperMotor.o
START GROUP
LOAD d:/atmel studio/7.0/toolchain/avr8/avr8-gnu-toolchain/bin/../lib/gcc/avr/5.4.0/../../../../avr/lib/avr6\libm.a
LOAD D:\Programy Arduino\Drukarka3D\3D-Printer\3D Printer\3D Printer\ArduinoCore\Debug\libArduinoCore.a
END GROUP
LOAD d:/atmel studio/7.0/toolchain/avr8/avr8-gnu-toolchain/bin/../lib/gcc/avr/5.4.0/avr6\libgcc.a
LOAD d:/atmel studio/7.0/toolchain/avr8/avr8-gnu-toolchain/bin/../lib/gcc/avr/5.4.0/../../../../avr/lib/avr6\libm.a
START GROUP
LOAD d:/atmel studio/7.0/toolchain/avr8/avr8-gnu-toolchain/bin/../lib/gcc/avr/5.4.0/avr6\libgcc.a
LOAD d:/atmel studio/7.0/toolchain/avr8/avr8-gnu-toolchain/bin/../lib/gcc/avr/5.4.0/../../../../avr/lib/avr6\libm.a
LOAD d:/atmel studio/7.0/toolchain/avr8/avr8-gnu-toolchain/bin/../lib/gcc/avr/5.4.0/../../../../avr/lib/avr6\libc.a
LOAD D:/Atmel Studio/7.0/Packs/atmel/ATmega_DFP/1.2.132/gcc/dev/atmega2560/avr6\libatmega2560.a
END GROUP
                0x00100000                __TEXT_REGION_LENGTH__ = DEFINED (__TEXT_REGION_LENGTH__)?__TEXT_REGION_LENGTH__:0x100000
                0x0000fe00                __DATA_REGION_LENGTH__ = DEFINED (__DATA_REGION_LENGTH__)?__DATA_REGION_LENGTH__:0xfe00
                0x00010000                __EEPROM_REGION_LENGTH__ = DEFINED (__EEPROM_REGION_LENGTH__)?__EEPROM_REGION_LENGTH__:0x10000
                [0x00000003]                __FUSE_REGION_LENGTH__ = DEFINED (__FUSE_REGION_LENGTH__)?__FUSE_REGION_LENGTH__:0x400
                0x00000400                __LOCK_REGION_LENGTH__ = DEFINED (__LOCK_REGION_LENGTH__)?__LOCK_REGION_LENGTH__:0x400
                0x00000400                __SIGNATURE_REGION_LENGTH__ = DEFINED (__SIGNATURE_REGION_LENGTH__)?__SIGNATURE_REGION_LENGTH__:0x400
                0x00000400                __USER_SIGNATURE_REGION_LENGTH__ = DEFINED (__USER_SIGNATURE_REGION_LENGTH__)?__USER_SIGNATURE_REGION_LENGTH__:0x400

.hash
 *(.hash)

.dynsym
 *(.dynsym)

.dynstr
 *(.dynstr)

.gnu.version
 *(.gnu.version)

.gnu.version_d
 *(.gnu.version_d)

.gnu.version_r
 *(.gnu.version_r)

.rel.init
 *(.rel.init)

.rela.init
 *(.rela.init)

.rel.text
 *(.rel.text)
 *(.rel.text.*)
 *(.rel.gnu.linkonce.t*)

.rela.text
 *(.rela.text)
 *(.rela.text.*)
 *(.rela.gnu.linkonce.t*)

.rel.fini
 *(.rel.fini)

.rela.fini
 *(.rela.fini)

.rel.rodata
 *(.rel.rodata)
 *(.rel.rodata.*)
 *(.rel.gnu.linkonce.r*)

.rela.rodata
 *(.rela.rodata)
 *(.rela.rodata.*)
 *(.rela.gnu.linkonce.r*)

.rel.data
 *(.rel.data)
 *(.rel.data.*)
 *(.rel.gnu.linkonce.d*)

.rela.data
 *(.rela.data)
 *(.rela.data.*)
 *(.rela.gnu.linkonce.d*)

.rel.ctors
 *(.rel.ctors)

.rela.ctors
 *(.rela.ctors)

.rel.dtors
 *(.rel.dtors)

.rela.dtors
 *(.rela.dtors)

.rel.got
 *(.rel.got)

.rela.got
 *(.rela.got)

.rel.bss
 *(.rel.bss)

.rela.bss
 *(.rela.bss)

.rel.plt
 *(.rel.plt)

.rela.plt
 *(.rela.plt)

.text           0x00000000     0x1f04
 *(.vectors)
 .vectors       0x00000000       0xe4 D:/Atmel Studio/7.0/Packs/atmel/ATmega_DFP/1.2.132/gcc/dev/atmega2560/avr6/crtatmega2560.o
                0x00000000                __vector_default
                0x00000000                __vectors
 *(.vectors)
 *(.progmem.gcc*)
 .progmem.gcc_sw_table.turnOffPWM
                0x000000e4       0x24 D:\Programy Arduino\Drukarka3D\3D-Printer\3D Printer\3D Printer\ArduinoCore\Debug\libArduinoCore.a(wiring_digital.o)
                0x00000108                . = ALIGN (0x2)
                0x00000108                __trampolines_start = .
 *(.trampolines)
 .trampolines   0x00000108        0x0 linker stubs
 *(.trampolines*)
                0x00000108                __trampolines_end = .
 *libprintf_flt.a:*(.progmem.data)
 *libc.a:*(.progmem.data)
 .progmem.data  0x00000108       0x3b d:/atmel studio/7.0/toolchain/avr8/avr8-gnu-toolchain/bin/../lib/gcc/avr/5.4.0/../../../../avr/lib/avr6\libc.a(strtod.o)
 *(.progmem*)
 .progmem.data.digital_pin_to_timer_PGM
                0x00000143       0x46 D:\Programy Arduino\Drukarka3D\3D-Printer\3D Printer\3D Printer\ArduinoCore\Debug\libArduinoCore.a(wiring_digital.o)
                0x00000143                digital_pin_to_timer_PGM
 .progmem.data.digital_pin_to_bit_mask_PGM
                0x00000189       0x46 D:\Programy Arduino\Drukarka3D\3D-Printer\3D Printer\3D Printer\ArduinoCore\Debug\libArduinoCore.a(wiring_digital.o)
                0x00000189                digital_pin_to_bit_mask_PGM
 .progmem.data.digital_pin_to_port_PGM
                0x000001cf       0x46 D:\Programy Arduino\Drukarka3D\3D-Printer\3D Printer\3D Printer\ArduinoCore\Debug\libArduinoCore.a(wiring_digital.o)
                0x000001cf                digital_pin_to_port_PGM
 .progmem.data.port_to_input_PGM
                0x00000215       0x1a D:\Programy Arduino\Drukarka3D\3D-Printer\3D Printer\3D Printer\ArduinoCore\Debug\libArduinoCore.a(wiring_digital.o)
                0x00000215                port_to_input_PGM
 .progmem.data.port_to_output_PGM
                0x0000022f       0x1a D:\Programy Arduino\Drukarka3D\3D-Printer\3D Printer\3D Printer\ArduinoCore\Debug\libArduinoCore.a(wiring_digital.o)
                0x0000022f                port_to_output_PGM
 .progmem.data.port_to_mode_PGM
                0x00000249       0x1a D:\Programy Arduino\Drukarka3D\3D-Printer\3D Printer\3D Printer\ArduinoCore\Debug\libArduinoCore.a(wiring_digital.o)
                0x00000249                port_to_mode_PGM
                0x00000264                . = ALIGN (0x2)
 *fill*         0x00000263        0x1 
 *(.jumptables)
 *(.jumptables*)
 *(.lowtext)
 *(.lowtext*)
                0x00000264                __ctors_start = .
 *(.ctors)
 .ctors         0x00000264        0x2 Sketch.o
 .ctors         0x00000266        0x2 D:\Programy Arduino\Drukarka3D\3D-Printer\3D Printer\3D Printer\ArduinoCore\Debug\libArduinoCore.a(HardwareSerial0.o)
                0x00000268                __ctors_end = .
                0x00000268                __dtors_start = .
 *(.dtors)
 .dtors         0x00000268        0x2 Sketch.o
                0x0000026a                __dtors_end = .
 SORT(*)(.ctors)
 SORT(*)(.dtors)
 *(.init0)
 .init0         0x0000026a        0x0 D:/Atmel Studio/7.0/Packs/atmel/ATmega_DFP/1.2.132/gcc/dev/atmega2560/avr6/crtatmega2560.o
                0x0000026a                __init
 *(.init0)
 *(.init1)
 *(.init1)
 *(.init2)
 .init2         0x0000026a       0x10 D:/Atmel Studio/7.0/Packs/atmel/ATmega_DFP/1.2.132/gcc/dev/atmega2560/avr6/crtatmega2560.o
 *(.init2)
 *(.init3)
 *(.init3)
 *(.init4)
 .init4         0x0000027a       0x1a d:/atmel studio/7.0/toolchain/avr8/avr8-gnu-toolchain/bin/../lib/gcc/avr/5.4.0/avr6\libgcc.a(_copy_data.o)
                0x0000027a                __do_copy_data
 .init4         0x00000294       0x10 d:/atmel studio/7.0/toolchain/avr8/avr8-gnu-toolchain/bin/../lib/gcc/avr/5.4.0/avr6\libgcc.a(_clear_bss.o)
                0x00000294                __do_clear_bss
 *(.init4)
 *(.init5)
 *(.init5)
 *(.init6)
 .init6         0x000002a4       0x20 d:/atmel studio/7.0/toolchain/avr8/avr8-gnu-toolchain/bin/../lib/gcc/avr/5.4.0/avr6\libgcc.a(_ctors.o)
                0x000002a4                __do_global_ctors
 *(.init6)
 *(.init7)
 *(.init7)
 *(.init8)
 *(.init8)
 *(.init9)
 .init9         0x000002c4        0x6 D:/Atmel Studio/7.0/Packs/atmel/ATmega_DFP/1.2.132/gcc/dev/atmega2560/avr6/crtatmega2560.o
 *(.init9)
 *(.text)
 .text          0x000002ca        0x2 D:/Atmel Studio/7.0/Packs/atmel/ATmega_DFP/1.2.132/gcc/dev/atmega2560/avr6/crtatmega2560.o
                0x000002ca                __vector_38
                0x000002ca                __vector_22
                0x000002ca                __vector_28
                0x000002ca                __vector_1
                0x000002ca                __vector_32
                0x000002ca                __vector_34
                0x000002ca                __vector_24
                0x000002ca                __vector_12
                0x000002ca                __vector_55
                0x000002ca                __vector_46
                0x000002ca                __bad_interrupt
                0x000002ca                __vector_6
                0x000002ca                __vector_31
                0x000002ca                __vector_35
                0x000002ca                __vector_39
                0x000002ca                __vector_3
                0x000002ca                __vector_30
                0x000002ca                __vector_45
                0x000002ca                __vector_11
                0x000002ca                __vector_54
                0x000002ca                __vector_13
                0x000002ca                __vector_17
                0x000002ca                __vector_19
                0x000002ca                __vector_56
                0x000002ca                __vector_7
                0x000002ca                __vector_49
                0x000002ca                __vector_41
                0x000002ca                __vector_43
                0x000002ca                __vector_27
                0x000002ca                __vector_5
                0x000002ca                __vector_33
                0x000002ca                __vector_47
                0x000002ca                __vector_52
                0x000002ca                __vector_37
                0x000002ca                __vector_4
                0x000002ca                __vector_44
                0x000002ca                __vector_51
                0x000002ca                __vector_9
                0x000002ca                __vector_2
                0x000002ca                __vector_21
                0x000002ca                __vector_15
                0x000002ca                __vector_36
                0x000002ca                __vector_29
                0x000002ca                __vector_40
                0x000002ca                __vector_8
                0x000002ca                __vector_48
                0x000002ca                __vector_14
                0x000002ca                __vector_53
                0x000002ca                __vector_10
                0x000002ca                __vector_50
                0x000002ca                __vector_16
                0x000002ca                __vector_18
                0x000002ca                __vector_20
                0x000002ca                __vector_42
                0x000002cc                . = ALIGN (0x2)
 *(.text.*)
 .text.setup    0x000002cc       0x12 Sketch.o
                0x000002cc                setup
 .text.startup._GLOBAL__sub_I_steps
                0x000002de        0xc Sketch.o
 .text.exit._GLOBAL__sub_D_steps
                0x000002ea        0x8 Sketch.o
 .text.loop     0x000002f2       0xe0 Sketch.o
                0x000002f2                loop
 .text._Z18LimitSwitchPinInitv
                0x000003d2       0x24 Source files/LimitSwitch.o
                0x000003d2                _Z18LimitSwitchPinInitv
 .text._Z12RemoveSpacesPc
                0x000003f6       0x1a Source files/SerialDecoder.o
                0x000003f6                _Z12RemoveSpacesPc
 .text._Z23GetNumberAfterCharacterPcc
                0x00000410       0x1e Source files/SerialDecoder.o
                0x00000410                _Z23GetNumberAfterCharacterPcc
 .text._Z7GetCodePc
                0x0000042e       0x34 Source files/SerialDecoder.o
                0x0000042e                _Z7GetCodePc
 .text._Z11DecodeFrame6String
                0x00000462      0x14c Source files/SerialDecoder.o
                0x00000462                _Z11DecodeFrame6String
 .text._Z11StepperInitv
                0x000005ae       0x4a Source files/StepperMotor.o
                0x000005ae                _Z11StepperInitv
 .text._Z15ReadLimitSwitchPbS_S_
                0x000005f8       0x4e Source files/StepperMotor.o
                0x000005f8                _Z15ReadLimitSwitchPbS_S_
 .text._Z17ChangeStepperXDirb
                0x00000646        0xe Source files/StepperMotor.o
                0x00000646                _Z17ChangeStepperXDirb
 .text._Z17ChangeStepperYDirb
                0x00000654        0xe Source files/StepperMotor.o
                0x00000654                _Z17ChangeStepperYDirb
 .text._Z17ChangeStepperZDirb
                0x00000662        0xe Source files/StepperMotor.o
                0x00000662                _Z17ChangeStepperZDirb
 .text._Z17ChangeSteppersDirP5Steps
                0x00000670       0xfe Source files/StepperMotor.o
                0x00000670                _Z17ChangeSteppersDirP5Steps
 .text._Z11MovementXYZP5Steps
                0x0000076e      0x1cc Source files/StepperMotor.o
                0x0000076e                _Z11MovementXYZP5Steps
 .text._Z8SetSpeedi
                0x0000093a        0x6 Source files/StepperMotor.o
                0x0000093a                _Z8SetSpeedi
 .text.avr-libc.fplib
                0x00000940        0xa d:/atmel studio/7.0/toolchain/avr8/avr8-gnu-toolchain/bin/../lib/gcc/avr/5.4.0/../../../../avr/lib/avr6\libm.a(addsf3.o)
                0x00000940                __subsf3
                0x00000942                __addsf3
 .text.avr-libc.fplib
                0x0000094a       0xc0 d:/atmel studio/7.0/toolchain/avr8/avr8-gnu-toolchain/bin/../lib/gcc/avr/5.4.0/../../../../avr/lib/avr6\libm.a(addsf3x.o)
                0x00000964                __addsf3x
 .text.avr-libc.fplib
                0x00000a0a        0x8 d:/atmel studio/7.0/toolchain/avr8/avr8-gnu-toolchain/bin/../lib/gcc/avr/5.4.0/../../../../avr/lib/avr6\libm.a(cmpsf2.o)
                0x00000a0a                __nesf2
                0x00000a0a                __eqsf2
                0x00000a0a                __cmpsf2
                0x00000a0a                __ltsf2
                0x00000a0a                __lesf2
 .text.avr-libc.fplib
                0x00000a12        0xa d:/atmel studio/7.0/toolchain/avr8/avr8-gnu-toolchain/bin/../lib/gcc/avr/5.4.0/../../../../avr/lib/avr6\libm.a(fixsfsi.o)
                0x00000a12                __fixsfsi
 .text.avr-libc.fplib
                0x00000a1c       0x58 d:/atmel studio/7.0/toolchain/avr8/avr8-gnu-toolchain/bin/../lib/gcc/avr/5.4.0/../../../../avr/lib/avr6\libm.a(fixunssfsi.o)
                0x00000a1c                __fixunssfsi
 .text.avr-libc.fplib
                0x00000a74       0x7a d:/atmel studio/7.0/toolchain/avr8/avr8-gnu-toolchain/bin/../lib/gcc/avr/5.4.0/../../../../avr/lib/avr6\libm.a(floatsisf.o)
                0x00000a74                __floatunsisf
                0x00000a78                __floatsisf
 .text.avr-libc.fplib
                0x00000aee       0x48 d:/atmel studio/7.0/toolchain/avr8/avr8-gnu-toolchain/bin/../lib/gcc/avr/5.4.0/../../../../avr/lib/avr6\libm.a(fp_cmp.o)
                0x00000aee                __fp_cmp
 .text.avr-libc.fplib
                0x00000b36        0xc d:/atmel studio/7.0/toolchain/avr8/avr8-gnu-toolchain/bin/../lib/gcc/avr/5.4.0/../../../../avr/lib/avr6\libm.a(fp_inf.o)
                0x00000b36                __fp_inf
 .text.avr-libc.fplib
                0x00000b42        0x6 d:/atmel studio/7.0/toolchain/avr8/avr8-gnu-toolchain/bin/../lib/gcc/avr/5.4.0/../../../../avr/lib/avr6\libm.a(fp_nan.o)
                0x00000b42                __fp_nan
 .text.avr-libc.fplib
                0x00000b48        0xe d:/atmel studio/7.0/toolchain/avr8/avr8-gnu-toolchain/bin/../lib/gcc/avr/5.4.0/../../../../avr/lib/avr6\libm.a(fp_pscA.o)
                0x00000b48                __fp_pscA
 .text.avr-libc.fplib
                0x00000b56        0xe d:/atmel studio/7.0/toolchain/avr8/avr8-gnu-toolchain/bin/../lib/gcc/avr/5.4.0/../../../../avr/lib/avr6\libm.a(fp_pscB.o)
                0x00000b56                __fp_pscB
 .text.avr-libc.fplib
                0x00000b64       0x22 d:/atmel studio/7.0/toolchain/avr8/avr8-gnu-toolchain/bin/../lib/gcc/avr/5.4.0/../../../../avr/lib/avr6\libm.a(fp_round.o)
                0x00000b64                __fp_round
 .text.avr-libc.fplib
                0x00000b86       0x44 d:/atmel studio/7.0/toolchain/avr8/avr8-gnu-toolchain/bin/../lib/gcc/avr/5.4.0/../../../../avr/lib/avr6\libm.a(fp_split3.o)
                0x00000b86                __fp_split3
                0x00000b96                __fp_splitA
 .text.avr-libc.fplib
                0x00000bca        0xe d:/atmel studio/7.0/toolchain/avr8/avr8-gnu-toolchain/bin/../lib/gcc/avr/5.4.0/../../../../avr/lib/avr6\libm.a(fp_zero.o)
                0x00000bca                __fp_zero
                0x00000bcc                __fp_szero
 .text.avr-libc.fplib
                0x00000bd8        0x8 d:/atmel studio/7.0/toolchain/avr8/avr8-gnu-toolchain/bin/../lib/gcc/avr/5.4.0/../../../../avr/lib/avr6\libm.a(gesf2.o)
                0x00000bd8                __gesf2
                0x00000bd8                __gtsf2
 .text._ZN14HardwareSerial9availableEv
                0x00000be0       0x18 D:\Programy Arduino\Drukarka3D\3D-Printer\3D Printer\3D Printer\ArduinoCore\Debug\libArduinoCore.a(HardwareSerial.o)
                0x00000be0                _ZN14HardwareSerial9availableEv
 .text._ZN14HardwareSerial4peekEv
                0x00000bf8       0x1c D:\Programy Arduino\Drukarka3D\3D-Printer\3D Printer\3D Printer\ArduinoCore\Debug\libArduinoCore.a(HardwareSerial.o)
                0x00000bf8                _ZN14HardwareSerial4peekEv
 .text._ZN14HardwareSerial4readEv
                0x00000c14       0x28 D:\Programy Arduino\Drukarka3D\3D-Printer\3D Printer\3D Printer\ArduinoCore\Debug\libArduinoCore.a(HardwareSerial.o)
                0x00000c14                _ZN14HardwareSerial4readEv
 .text._ZN14HardwareSerial17availableForWriteEv
                0x00000c3c       0x1e D:\Programy Arduino\Drukarka3D\3D-Printer\3D Printer\3D Printer\ArduinoCore\Debug\libArduinoCore.a(HardwareSerial.o)
                0x00000c3c                _ZN14HardwareSerial17availableForWriteEv
 .text._Z14serialEventRunv
                0x00000c5a       0x78 D:\Programy Arduino\Drukarka3D\3D-Printer\3D Printer\3D Printer\ArduinoCore\Debug\libArduinoCore.a(HardwareSerial.o)
                0x00000c5a                _Z14serialEventRunv
 .text._ZN14HardwareSerial17_tx_udr_empty_irqEv
                0x00000cd2       0x42 D:\Programy Arduino\Drukarka3D\3D-Printer\3D Printer\3D Printer\ArduinoCore\Debug\libArduinoCore.a(HardwareSerial.o)
                0x00000cd2                _ZN14HardwareSerial17_tx_udr_empty_irqEv
 .text._ZN14HardwareSerial5writeEh
                0x00000d14       0x8c D:\Programy Arduino\Drukarka3D\3D-Printer\3D Printer\3D Printer\ArduinoCore\Debug\libArduinoCore.a(HardwareSerial.o)
                0x00000d14                _ZN14HardwareSerial5writeEh
 .text._ZN14HardwareSerial5flushEv
                0x00000da0       0x42 D:\Programy Arduino\Drukarka3D\3D-Printer\3D Printer\3D Printer\ArduinoCore\Debug\libArduinoCore.a(HardwareSerial.o)
                0x00000da0                _ZN14HardwareSerial5flushEv
 .text._ZN14HardwareSerial5beginEmh
                0x00000de2       0xc6 D:\Programy Arduino\Drukarka3D\3D-Printer\3D Printer\3D Printer\ArduinoCore\Debug\libArduinoCore.a(HardwareSerial.o)
                0x00000de2                _ZN14HardwareSerial5beginEmh
 .text.__vector_25
                0x00000ea8       0x6c D:\Programy Arduino\Drukarka3D\3D-Printer\3D Printer\3D Printer\ArduinoCore\Debug\libArduinoCore.a(HardwareSerial0.o)
                0x00000ea8                __vector_25
 .text.__vector_26
                0x00000f14       0x52 D:\Programy Arduino\Drukarka3D\3D-Printer\3D Printer\3D Printer\ArduinoCore\Debug\libArduinoCore.a(HardwareSerial0.o)
                0x00000f14                __vector_26
 .text._Z17Serial0_availablev
                0x00000f66       0x12 D:\Programy Arduino\Drukarka3D\3D-Printer\3D Printer\3D Printer\ArduinoCore\Debug\libArduinoCore.a(HardwareSerial0.o)
                0x00000f66                _Z17Serial0_availablev
 .text.startup._GLOBAL__sub_I___vector_25
                0x00000f78       0x5a D:\Programy Arduino\Drukarka3D\3D-Printer\3D Printer\3D Printer\ArduinoCore\Debug\libArduinoCore.a(HardwareSerial0.o)
 .text.initVariant
                0x00000fd2        0x2 D:\Programy Arduino\Drukarka3D\3D-Printer\3D Printer\3D Printer\ArduinoCore\Debug\libArduinoCore.a(main.o)
                0x00000fd2                initVariant
 .text.startup.main
                0x00000fd4       0x14 D:\Programy Arduino\Drukarka3D\3D-Printer\3D Printer\3D Printer\ArduinoCore\Debug\libArduinoCore.a(main.o)
                0x00000fd4                main
 .text._ZN5Print5writeEPKhj
                0x00000fe8       0x54 D:\Programy Arduino\Drukarka3D\3D-Printer\3D Printer\3D Printer\ArduinoCore\Debug\libArduinoCore.a(Print.o)
                0x00000fe8                _ZN5Print5writeEPKhj
 .text._ZN5Print5writeEPKc
                0x0000103c       0x2a D:\Programy Arduino\Drukarka3D\3D-Printer\3D Printer\3D Printer\ArduinoCore\Debug\libArduinoCore.a(Print.o)
                0x0000103c                _ZN5Print5writeEPKc
 .text._ZN5Print7printlnEv
                0x00001066        0x6 D:\Programy Arduino\Drukarka3D\3D-Printer\3D Printer\3D Printer\ArduinoCore\Debug\libArduinoCore.a(Print.o)
                0x00001066                _ZN5Print7printlnEv
 .text._ZN5Print7printlnEPKc
                0x0000106c       0x20 D:\Programy Arduino\Drukarka3D\3D-Printer\3D Printer\3D Printer\ArduinoCore\Debug\libArduinoCore.a(Print.o)
                0x0000106c                _ZN5Print7printlnEPKc
 .text._ZN6Stream9timedReadEv
                0x0000108c       0x5c D:\Programy Arduino\Drukarka3D\3D-Printer\3D Printer\3D Printer\ArduinoCore\Debug\libArduinoCore.a(Stream.o)
                0x0000108c                _ZN6Stream9timedReadEv
 .text._ZN6Stream15readStringUntilEc
                0x000010e8       0x44 D:\Programy Arduino\Drukarka3D\3D-Printer\3D Printer\3D Printer\ArduinoCore\Debug\libArduinoCore.a(Stream.o)
                0x000010e8                _ZN6Stream15readStringUntilEc
 .text.__vector_23
                0x0000112c       0x94 D:\Programy Arduino\Drukarka3D\3D-Printer\3D Printer\3D Printer\ArduinoCore\Debug\libArduinoCore.a(wiring.o)
                0x0000112c                __vector_23
 .text.millis   0x000011c0       0x18 D:\Programy Arduino\Drukarka3D\3D-Printer\3D Printer\3D Printer\ArduinoCore\Debug\libArduinoCore.a(wiring.o)
                0x000011c0                millis
 .text.delayMicroseconds
                0x000011d8       0x16 D:\Programy Arduino\Drukarka3D\3D-Printer\3D Printer\3D Printer\ArduinoCore\Debug\libArduinoCore.a(wiring.o)
                0x000011d8                delayMicroseconds
 .text.init     0x000011ee       0xc4 D:\Programy Arduino\Drukarka3D\3D-Printer\3D Printer\3D Printer\ArduinoCore\Debug\libArduinoCore.a(wiring.o)
                0x000011ee                init
 .text.turnOffPWM
                0x000012b2       0xaa D:\Programy Arduino\Drukarka3D\3D-Printer\3D Printer\3D Printer\ArduinoCore\Debug\libArduinoCore.a(wiring_digital.o)
 .text.pinMode  0x0000135c       0x78 D:\Programy Arduino\Drukarka3D\3D-Printer\3D Printer\3D Printer\ArduinoCore\Debug\libArduinoCore.a(wiring_digital.o)
                0x0000135c                pinMode
 .text.digitalWrite
                0x000013d4       0x5c D:\Programy Arduino\Drukarka3D\3D-Printer\3D Printer\3D Printer\ArduinoCore\Debug\libArduinoCore.a(wiring_digital.o)
                0x000013d4                digitalWrite
 .text.digitalRead
                0x00001430       0x50 D:\Programy Arduino\Drukarka3D\3D-Printer\3D Printer\3D Printer\ArduinoCore\Debug\libArduinoCore.a(wiring_digital.o)
                0x00001430                digitalRead
 .text._ZN6StringD2Ev
                0x00001480        0x8 D:\Programy Arduino\Drukarka3D\3D-Printer\3D Printer\3D Printer\ArduinoCore\Debug\libArduinoCore.a(WString.o)
                0x00001480                _ZN6StringD2Ev
                0x00001480                _ZN6StringD1Ev
 .text._ZN6String10invalidateEv
                0x00001488       0x22 D:\Programy Arduino\Drukarka3D\3D-Printer\3D Printer\3D Printer\ArduinoCore\Debug\libArduinoCore.a(WString.o)
                0x00001488                _ZN6String10invalidateEv
 .text._ZN6String12changeBufferEj
                0x000014aa       0x32 D:\Programy Arduino\Drukarka3D\3D-Printer\3D Printer\3D Printer\ArduinoCore\Debug\libArduinoCore.a(WString.o)
                0x000014aa                _ZN6String12changeBufferEj
 .text._ZN6String7reserveEj
                0x000014dc       0x36 D:\Programy Arduino\Drukarka3D\3D-Printer\3D Printer\3D Printer\ArduinoCore\Debug\libArduinoCore.a(WString.o)
                0x000014dc                _ZN6String7reserveEj
 .text._ZN6String4copyEPKcj
                0x00001512       0x3c D:\Programy Arduino\Drukarka3D\3D-Printer\3D Printer\3D Printer\ArduinoCore\Debug\libArduinoCore.a(WString.o)
                0x00001512                _ZN6String4copyEPKcj
 .text._ZN6StringC2EPKc
                0x0000154e       0x28 D:\Programy Arduino\Drukarka3D\3D-Printer\3D Printer\3D Printer\ArduinoCore\Debug\libArduinoCore.a(WString.o)
                0x0000154e                _ZN6StringC2EPKc
                0x0000154e                _ZN6StringC1EPKc
 .text._ZN6String6concatEPKcj
                0x00001576       0x58 D:\Programy Arduino\Drukarka3D\3D-Printer\3D Printer\3D Printer\ArduinoCore\Debug\libArduinoCore.a(WString.o)
                0x00001576                _ZN6String6concatEPKcj
 .text._ZN6String6concatEc
                0x000015ce       0x26 D:\Programy Arduino\Drukarka3D\3D-Printer\3D Printer\3D Printer\ArduinoCore\Debug\libArduinoCore.a(WString.o)
                0x000015ce                _ZN6String6concatEc
 .text._ZNK6String8getBytesEPhjj
                0x000015f4       0x5c D:\Programy Arduino\Drukarka3D\3D-Printer\3D Printer\3D Printer\ArduinoCore\Debug\libArduinoCore.a(WString.o)
                0x000015f4                _ZNK6String8getBytesEPhjj
 .text.avr-libc.fplib
                0x00001650        0x4 d:/atmel studio/7.0/toolchain/avr8/avr8-gnu-toolchain/bin/../lib/gcc/avr/5.4.0/../../../../avr/lib/avr6\libm.a(mulsf3.o)
                0x00001650                __mulsf3
 .text.avr-libc.fplib
                0x00001654       0xc2 d:/atmel studio/7.0/toolchain/avr8/avr8-gnu-toolchain/bin/../lib/gcc/avr/5.4.0/../../../../avr/lib/avr6\libm.a(mulsf3x.o)
                0x00001668                __mulsf3x
                0x0000166c                __mulsf3_pse
 .text.libgcc.div
                0x00001716       0x44 d:/atmel studio/7.0/toolchain/avr8/avr8-gnu-toolchain/bin/../lib/gcc/avr/5.4.0/avr6\libgcc.a(_udivmodsi4.o)
                0x00001716                __udivmodsi4
 .text.libgcc   0x0000175a       0x10 d:/atmel studio/7.0/toolchain/avr8/avr8-gnu-toolchain/bin/../lib/gcc/avr/5.4.0/avr6\libgcc.a(_tablejump2.o)
                0x0000175a                __tablejump2__
 .text.libgcc.mul
                0x0000176a       0x14 d:/atmel studio/7.0/toolchain/avr8/avr8-gnu-toolchain/bin/../lib/gcc/avr/5.4.0/avr6\libgcc.a(_muluhisi3.o)
                0x0000176a                __muluhisi3
 .text.libgcc.mul
                0x0000177e       0x1e d:/atmel studio/7.0/toolchain/avr8/avr8-gnu-toolchain/bin/../lib/gcc/avr/5.4.0/avr6\libgcc.a(_umulhisi3.o)
                0x0000177e                __umulhisi3
 .text.avr-libc
                0x0000179c      0x242 d:/atmel studio/7.0/toolchain/avr8/avr8-gnu-toolchain/bin/../lib/gcc/avr/5.4.0/../../../../avr/lib/avr6\libc.a(malloc.o)
                0x0000179c                malloc
                0x000018cc                free
 .text.avr-libc
                0x000019de      0x1c0 d:/atmel studio/7.0/toolchain/avr8/avr8-gnu-toolchain/bin/../lib/gcc/avr/5.4.0/../../../../avr/lib/avr6\libc.a(realloc.o)
                0x000019de                realloc
 .text.avr-libc
                0x00001b9e      0x2ac d:/atmel studio/7.0/toolchain/avr8/avr8-gnu-toolchain/bin/../lib/gcc/avr/5.4.0/../../../../avr/lib/avr6\libc.a(strtod.o)
                0x00001b9e                strtod
 .text.avr-libc
                0x00001e4a       0x10 d:/atmel studio/7.0/toolchain/avr8/avr8-gnu-toolchain/bin/../lib/gcc/avr/5.4.0/../../../../avr/lib/avr6\libc.a(isspace.o)
                0x00001e4a                isspace
 .text.avr-libc
                0x00001e5a       0x30 d:/atmel studio/7.0/toolchain/avr8/avr8-gnu-toolchain/bin/../lib/gcc/avr/5.4.0/../../../../avr/lib/avr6\libc.a(strncasecmp_P.o)
                0x00001e5a                strncasecmp_P
 .text.avr-libc
                0x00001e8a       0x12 d:/atmel studio/7.0/toolchain/avr8/avr8-gnu-toolchain/bin/../lib/gcc/avr/5.4.0/../../../../avr/lib/avr6\libc.a(memcpy.o)
                0x00001e8a                memcpy
 .text.avr-libc
                0x00001e9c        0xe d:/atmel studio/7.0/toolchain/avr8/avr8-gnu-toolchain/bin/../lib/gcc/avr/5.4.0/../../../../avr/lib/avr6\libc.a(strcpy.o)
                0x00001e9c                strcpy
 .text.avr-libc
                0x00001eaa       0x14 d:/atmel studio/7.0/toolchain/avr8/avr8-gnu-toolchain/bin/../lib/gcc/avr/5.4.0/../../../../avr/lib/avr6\libc.a(strlwr.o)
                0x00001eaa                strlwr
 .text.avr-libc
                0x00001ebe       0x1e d:/atmel studio/7.0/toolchain/avr8/avr8-gnu-toolchain/bin/../lib/gcc/avr/5.4.0/../../../../avr/lib/avr6\libc.a(strncpy.o)
                0x00001ebe                strncpy
 .text.avr-libc
                0x00001edc        0x6 d:/atmel studio/7.0/toolchain/avr8/avr8-gnu-toolchain/bin/../lib/gcc/avr/5.4.0/../../../../avr/lib/avr6\libc.a(cty_isfalse.o)
                0x00001edc                __ctype_isfalse
                0x00001ee0                __ctype_istrue
                0x00001ee2                . = ALIGN (0x2)
 *(.fini9)
 .fini9         0x00001ee2        0x0 d:/atmel studio/7.0/toolchain/avr8/avr8-gnu-toolchain/bin/../lib/gcc/avr/5.4.0/avr6\libgcc.a(_exit.o)
                0x00001ee2                _exit
                0x00001ee2                exit
 *(.fini9)
 *(.fini8)
 *(.fini8)
 *(.fini7)
 *(.fini7)
 *(.fini6)
 .fini6         0x00001ee2       0x1e d:/atmel studio/7.0/toolchain/avr8/avr8-gnu-toolchain/bin/../lib/gcc/avr/5.4.0/avr6\libgcc.a(_dtors.o)
                0x00001ee2                __do_global_dtors
 *(.fini6)
 *(.fini5)
 *(.fini5)
 *(.fini4)
 *(.fini4)
 *(.fini3)
 *(.fini3)
 *(.fini2)
 *(.fini2)
 *(.fini1)
 *(.fini1)
 *(.fini0)
 .fini0         0x00001f00        0x4 d:/atmel studio/7.0/toolchain/avr8/avr8-gnu-toolchain/bin/../lib/gcc/avr/5.4.0/avr6\libgcc.a(_exit.o)
 *(.fini0)
                0x00001f04                _etext = .

.data           0x00800200       0x2a load address 0x00001f04
                0x00800200                PROVIDE (__data_start, .)
 *(.data)
 .data          0x00800200        0x6 d:/atmel studio/7.0/toolchain/avr8/avr8-gnu-toolchain/bin/../lib/gcc/avr/5.4.0/../../../../avr/lib/avr6\libc.a(malloc.o)
                0x00800200                __malloc_heap_end
                0x00800202                __malloc_heap_start
                0x00800204                __malloc_margin
 *(.data*)
 *(.rodata)
 *(.rodata*)
 .rodata.str1.1
                0x00800206        0x2 Sketch.o
                                  0x3 (size before relaxing)
 .rodata._ZTV14HardwareSerial
                0x00800208       0x12 D:\Programy Arduino\Drukarka3D\3D-Printer\3D Printer\3D Printer\ArduinoCore\Debug\libArduinoCore.a(HardwareSerial.o)
                0x00800208                _ZTV14HardwareSerial
 .rodata.str1.1
                0x0080021a        0xf D:\Programy Arduino\Drukarka3D\3D-Printer\3D Printer\3D Printer\ArduinoCore\Debug\libArduinoCore.a(Print.o)
 .rodata.str1.1
                0x00800229        0x1 D:\Programy Arduino\Drukarka3D\3D-Printer\3D Printer\3D Printer\ArduinoCore\Debug\libArduinoCore.a(Stream.o)
 *(.gnu.linkonce.d*)
                0x0080022a                . = ALIGN (0x2)
 *fill*         0x00800229        0x1 
                0x0080022a                _edata = .
                0x0080022a                PROVIDE (__data_end, .)

.bss            0x0080022a       0xc3
                0x0080022a                PROVIDE (__bss_start, .)
 *(.bss)
 *(.bss*)
 .bss.flagaok   0x0080022a        0x1 Sketch.o
                0x0080022a                flagaok
 .bss.readBuffer
                0x0080022b        0x6 Sketch.o
                0x0080022b                readBuffer
 .bss.steps     0x00800231       0x10 Sketch.o
                0x00800231                steps
 .bss.Serial    0x00800241       0x9d D:\Programy Arduino\Drukarka3D\3D-Printer\3D Printer\3D Printer\ArduinoCore\Debug\libArduinoCore.a(HardwareSerial0.o)
                0x00800241                Serial
 .bss.timer0_fract
                0x008002de        0x1 D:\Programy Arduino\Drukarka3D\3D-Printer\3D Printer\3D Printer\ArduinoCore\Debug\libArduinoCore.a(wiring.o)
 .bss.timer0_millis
                0x008002df        0x4 D:\Programy Arduino\Drukarka3D\3D-Printer\3D Printer\3D Printer\ArduinoCore\Debug\libArduinoCore.a(wiring.o)
                0x008002df                timer0_millis
 .bss.timer0_overflow_count
                0x008002e3        0x4 D:\Programy Arduino\Drukarka3D\3D-Printer\3D Printer\3D Printer\ArduinoCore\Debug\libArduinoCore.a(wiring.o)
                0x008002e3                timer0_overflow_count
 *(COMMON)
 COMMON         0x008002e7        0x4 d:/atmel studio/7.0/toolchain/avr8/avr8-gnu-toolchain/bin/../lib/gcc/avr/5.4.0/../../../../avr/lib/avr6\libc.a(malloc.o)
                0x008002e7                __brkval
                0x008002e9                __flp
 COMMON         0x008002eb        0x2 d:/atmel studio/7.0/toolchain/avr8/avr8-gnu-toolchain/bin/../lib/gcc/avr/5.4.0/../../../../avr/lib/avr6\libc.a(errno.o)
                0x008002eb                errno
                0x008002ed                PROVIDE (__bss_end, .)
                0x00001f04                __data_load_start = LOADADDR (.data)
                0x00001f2e                __data_load_end = (__data_load_start + SIZEOF (.data))

.noinit         0x008002ed        0x0
                [!provide]                PROVIDE (__noinit_start, .)
 *(.noinit*)
                [!provide]                PROVIDE (__noinit_end, .)
                0x008002ed                _end = .
                0x008002ed                PROVIDE (__heap_start, .)

.eeprom         0x00810000        0x0
 *(.eeprom*)
                0x00810000                __eeprom_end = .

.fuse
 *(.fuse)
 *(.lfuse)
 *(.hfuse)
 *(.efuse)

.lock
 *(.lock*)

.signature
 *(.signature*)

.user_signatures
 *(.user_signatures*)

.stab
 *(.stab)

.stabstr
 *(.stabstr)

.stab.excl
 *(.stab.excl)

.stab.exclstr
 *(.stab.exclstr)

.stab.index
 *(.stab.index)

.stab.indexstr
 *(.stab.indexstr)

.comment        0x00000000       0x5c
 *(.comment)
 .comment       0x00000000       0x30 Sketch.o
                                 0x31 (size before relaxing)
 .comment       0x00000030       0x31 Source files/LimitSwitch.o
 .comment       0x00000030       0x31 Source files/SerialDecoder.o
 .comment       0x00000030       0x31 Source files/StepperMotor.o
 .comment       0x00000030       0x31 D:\Programy Arduino\Drukarka3D\3D-Printer\3D Printer\3D Printer\ArduinoCore\Debug\libArduinoCore.a(HardwareSerial.o)
 .comment       0x00000030       0x31 D:\Programy Arduino\Drukarka3D\3D-Printer\3D Printer\3D Printer\ArduinoCore\Debug\libArduinoCore.a(HardwareSerial0.o)
 .comment       0x00000030       0x31 D:\Programy Arduino\Drukarka3D\3D-Printer\3D Printer\3D Printer\ArduinoCore\Debug\libArduinoCore.a(main.o)
 .comment       0x00000030       0x31 D:\Programy Arduino\Drukarka3D\3D-Printer\3D Printer\3D Printer\ArduinoCore\Debug\libArduinoCore.a(Print.o)
 .comment       0x00000030       0x31 D:\Programy Arduino\Drukarka3D\3D-Printer\3D Printer\3D Printer\ArduinoCore\Debug\libArduinoCore.a(Stream.o)
 .comment       0x00000030       0x31 D:\Programy Arduino\Drukarka3D\3D-Printer\3D Printer\3D Printer\ArduinoCore\Debug\libArduinoCore.a(wiring.o)
 .comment       0x00000030       0x31 D:\Programy Arduino\Drukarka3D\3D-Printer\3D Printer\3D Printer\ArduinoCore\Debug\libArduinoCore.a(wiring_digital.o)
 .comment       0x00000030       0x31 D:\Programy Arduino\Drukarka3D\3D-Printer\3D Printer\3D Printer\ArduinoCore\Debug\libArduinoCore.a(WString.o)
 .comment       0x00000030       0x31 d:/atmel studio/7.0/toolchain/avr8/avr8-gnu-toolchain/bin/../lib/gcc/avr/5.4.0/../../../../avr/lib/avr6\libc.a(malloc.o)
 .comment       0x00000030       0x31 d:/atmel studio/7.0/toolchain/avr8/avr8-gnu-toolchain/bin/../lib/gcc/avr/5.4.0/../../../../avr/lib/avr6\libc.a(realloc.o)
 .comment       0x00000030       0x31 d:/atmel studio/7.0/toolchain/avr8/avr8-gnu-toolchain/bin/../lib/gcc/avr/5.4.0/../../../../avr/lib/avr6\libc.a(strtod.o)
 .comment       0x00000030       0x2c d:/atmel studio/7.0/toolchain/avr8/avr8-gnu-toolchain/bin/../lib/gcc/avr/5.4.0/../../../../avr/lib/avr6\libc.a(errno.o)
                                 0x2d (size before relaxing)

.note.gnu.avr.deviceinfo
                0x00000000       0x40
 .note.gnu.avr.deviceinfo
                0x00000000       0x40 D:/Atmel Studio/7.0/Packs/atmel/ATmega_DFP/1.2.132/gcc/dev/atmega2560/avr6/crtatmega2560.o

.note.gnu.build-id
 *(.note.gnu.build-id)

.debug
 *(.debug)

.line
 *(.line)

.debug_srcinfo
 *(.debug_srcinfo)

.debug_sfnames
 *(.debug_sfnames)

.debug_aranges  0x00000000      0x698
 *(.debug_aranges)
 .debug_aranges
                0x00000000       0x38 Sketch.o
 .debug_aranges
                0x00000038       0x20 Source files/LimitSwitch.o
 .debug_aranges
                0x00000058       0x38 Source files/SerialDecoder.o
 .debug_aranges
                0x00000090       0x58 Source files/StepperMotor.o
 .debug_aranges
                0x000000e8       0x68 D:\Programy Arduino\Drukarka3D\3D-Printer\3D Printer\3D Printer\ArduinoCore\Debug\libArduinoCore.a(HardwareSerial.o)
 .debug_aranges
                0x00000150       0x48 D:\Programy Arduino\Drukarka3D\3D-Printer\3D Printer\3D Printer\ArduinoCore\Debug\libArduinoCore.a(HardwareSerial0.o)
 .debug_aranges
                0x00000198       0x30 D:\Programy Arduino\Drukarka3D\3D-Printer\3D Printer\3D Printer\ArduinoCore\Debug\libArduinoCore.a(main.o)
 .debug_aranges
                0x000001c8      0x100 D:\Programy Arduino\Drukarka3D\3D-Printer\3D Printer\3D Printer\ArduinoCore\Debug\libArduinoCore.a(Print.o)
 .debug_aranges
                0x000002c8       0x98 D:\Programy Arduino\Drukarka3D\3D-Printer\3D Printer\3D Printer\ArduinoCore\Debug\libArduinoCore.a(Stream.o)
 .debug_aranges
                0x00000360       0x48 D:\Programy Arduino\Drukarka3D\3D-Printer\3D Printer\3D Printer\ArduinoCore\Debug\libArduinoCore.a(wiring.o)
 .debug_aranges
                0x000003a8       0x38 D:\Programy Arduino\Drukarka3D\3D-Printer\3D Printer\3D Printer\ArduinoCore\Debug\libArduinoCore.a(wiring_digital.o)
 .debug_aranges
                0x000003e0      0x2b8 D:\Programy Arduino\Drukarka3D\3D-Printer\3D Printer\3D Printer\ArduinoCore\Debug\libArduinoCore.a(WString.o)

.debug_pubnames
 *(.debug_pubnames)

.debug_info     0x00000000    0x11bc9
 *(.debug_info .gnu.linkonce.wi.*)
 .debug_info    0x00000000      0xbbc D:/Atmel Studio/7.0/Packs/atmel/ATmega_DFP/1.2.132/gcc/dev/atmega2560/avr6/crtatmega2560.o
 .debug_info    0x00000bbc     0x1a93 Sketch.o
 .debug_info    0x0000264f      0x286 Source files/LimitSwitch.o
 .debug_info    0x000028d5     0x1553 Source files/SerialDecoder.o
 .debug_info    0x00003e28      0x861 Source files/StepperMotor.o
 .debug_info    0x00004689     0x1f83 D:\Programy Arduino\Drukarka3D\3D-Printer\3D Printer\3D Printer\ArduinoCore\Debug\libArduinoCore.a(HardwareSerial.o)
 .debug_info    0x0000660c     0x1b74 D:\Programy Arduino\Drukarka3D\3D-Printer\3D Printer\3D Printer\ArduinoCore\Debug\libArduinoCore.a(HardwareSerial0.o)
 .debug_info    0x00008180      0x295 D:\Programy Arduino\Drukarka3D\3D-Printer\3D Printer\3D Printer\ArduinoCore\Debug\libArduinoCore.a(main.o)
 .debug_info    0x00008415     0x295d D:\Programy Arduino\Drukarka3D\3D-Printer\3D Printer\3D Printer\ArduinoCore\Debug\libArduinoCore.a(Print.o)
 .debug_info    0x0000ad72     0x21bc D:\Programy Arduino\Drukarka3D\3D-Printer\3D Printer\3D Printer\ArduinoCore\Debug\libArduinoCore.a(Stream.o)
 .debug_info    0x0000cf2e      0x329 D:\Programy Arduino\Drukarka3D\3D-Printer\3D Printer\3D Printer\ArduinoCore\Debug\libArduinoCore.a(wiring.o)
 .debug_info    0x0000d257      0x63a D:\Programy Arduino\Drukarka3D\3D-Printer\3D Printer\3D Printer\ArduinoCore\Debug\libArduinoCore.a(wiring_digital.o)
 .debug_info    0x0000d891     0x4338 D:\Programy Arduino\Drukarka3D\3D-Printer\3D Printer\3D Printer\ArduinoCore\Debug\libArduinoCore.a(WString.o)

.debug_abbrev   0x00000000     0x2e82
 *(.debug_abbrev)
 .debug_abbrev  0x00000000      0xb1a D:/Atmel Studio/7.0/Packs/atmel/ATmega_DFP/1.2.132/gcc/dev/atmega2560/avr6/crtatmega2560.o
 .debug_abbrev  0x00000b1a      0x3ac Sketch.o
 .debug_abbrev  0x00000ec6       0xd3 Source files/LimitSwitch.o
 .debug_abbrev  0x00000f99      0x350 Source files/SerialDecoder.o
 .debug_abbrev  0x000012e9      0x209 Source files/StepperMotor.o
 .debug_abbrev  0x000014f2      0x432 D:\Programy Arduino\Drukarka3D\3D-Printer\3D Printer\3D Printer\ArduinoCore\Debug\libArduinoCore.a(HardwareSerial.o)
 .debug_abbrev  0x00001924      0x3ce D:\Programy Arduino\Drukarka3D\3D-Printer\3D Printer\3D Printer\ArduinoCore\Debug\libArduinoCore.a(HardwareSerial0.o)
 .debug_abbrev  0x00001cf2      0x12d D:\Programy Arduino\Drukarka3D\3D-Printer\3D Printer\3D Printer\ArduinoCore\Debug\libArduinoCore.a(main.o)
 .debug_abbrev  0x00001e1f      0x47a D:\Programy Arduino\Drukarka3D\3D-Printer\3D Printer\3D Printer\ArduinoCore\Debug\libArduinoCore.a(Print.o)
 .debug_abbrev  0x00002299      0x487 D:\Programy Arduino\Drukarka3D\3D-Printer\3D Printer\3D Printer\ArduinoCore\Debug\libArduinoCore.a(Stream.o)
 .debug_abbrev  0x00002720      0x146 D:\Programy Arduino\Drukarka3D\3D-Printer\3D Printer\3D Printer\ArduinoCore\Debug\libArduinoCore.a(wiring.o)
 .debug_abbrev  0x00002866      0x15a D:\Programy Arduino\Drukarka3D\3D-Printer\3D Printer\3D Printer\ArduinoCore\Debug\libArduinoCore.a(wiring_digital.o)
 .debug_abbrev  0x000029c0      0x4c2 D:\Programy Arduino\Drukarka3D\3D-Printer\3D Printer\3D Printer\ArduinoCore\Debug\libArduinoCore.a(WString.o)

.debug_line     0x00000000     0x38b7
 *(.debug_line .debug_line.* .debug_line_end)
 .debug_line    0x00000000      0x1f9 D:/Atmel Studio/7.0/Packs/atmel/ATmega_DFP/1.2.132/gcc/dev/atmega2560/avr6/crtatmega2560.o
 .debug_line    0x000001f9      0x294 Sketch.o
 .debug_line    0x0000048d      0x133 Source files/LimitSwitch.o
 .debug_line    0x000005c0      0x28c Source files/SerialDecoder.o
 .debug_line    0x0000084c      0x3f9 Source files/StepperMotor.o
 .debug_line    0x00000c45      0x461 D:\Programy Arduino\Drukarka3D\3D-Printer\3D Printer\3D Printer\ArduinoCore\Debug\libArduinoCore.a(HardwareSerial.o)
 .debug_line    0x000010a6      0x260 D:\Programy Arduino\Drukarka3D\3D-Printer\3D Printer\3D Printer\ArduinoCore\Debug\libArduinoCore.a(HardwareSerial0.o)
 .debug_line    0x00001306      0x14d D:\Programy Arduino\Drukarka3D\3D-Printer\3D Printer\3D Printer\ArduinoCore\Debug\libArduinoCore.a(main.o)
 .debug_line    0x00001453      0x659 D:\Programy Arduino\Drukarka3D\3D-Printer\3D Printer\3D Printer\ArduinoCore\Debug\libArduinoCore.a(Print.o)
 .debug_line    0x00001aac      0x5cb D:\Programy Arduino\Drukarka3D\3D-Printer\3D Printer\3D Printer\ArduinoCore\Debug\libArduinoCore.a(Stream.o)
 .debug_line    0x00002077      0x2b7 D:\Programy Arduino\Drukarka3D\3D-Printer\3D Printer\3D Printer\ArduinoCore\Debug\libArduinoCore.a(wiring.o)
 .debug_line    0x0000232e      0x270 D:\Programy Arduino\Drukarka3D\3D-Printer\3D Printer\3D Printer\ArduinoCore\Debug\libArduinoCore.a(wiring_digital.o)
 .debug_line    0x0000259e     0x1319 D:\Programy Arduino\Drukarka3D\3D-Printer\3D Printer\3D Printer\ArduinoCore\Debug\libArduinoCore.a(WString.o)

.debug_frame    0x00000000     0x1678
 *(.debug_frame)
 .debug_frame   0x00000000       0x64 Sketch.o
 .debug_frame   0x00000064       0x24 Source files/LimitSwitch.o
 .debug_frame   0x00000088       0x8c Source files/SerialDecoder.o
 .debug_frame   0x00000114       0xf0 Source files/StepperMotor.o
 .debug_frame   0x00000204      0x110 D:\Programy Arduino\Drukarka3D\3D-Printer\3D Printer\3D Printer\ArduinoCore\Debug\libArduinoCore.a(HardwareSerial.o)
 .debug_frame   0x00000314       0xe0 D:\Programy Arduino\Drukarka3D\3D-Printer\3D Printer\3D Printer\ArduinoCore\Debug\libArduinoCore.a(HardwareSerial0.o)
 .debug_frame   0x000003f4       0x54 D:\Programy Arduino\Drukarka3D\3D-Printer\3D Printer\3D Printer\ArduinoCore\Debug\libArduinoCore.a(main.o)
 .debug_frame   0x00000448      0x3ac D:\Programy Arduino\Drukarka3D\3D-Printer\3D Printer\3D Printer\ArduinoCore\Debug\libArduinoCore.a(Print.o)
 .debug_frame   0x000007f4      0x2e4 D:\Programy Arduino\Drukarka3D\3D-Printer\3D Printer\3D Printer\ArduinoCore\Debug\libArduinoCore.a(Stream.o)
 .debug_frame   0x00000ad8       0xc4 D:\Programy Arduino\Drukarka3D\3D-Printer\3D Printer\3D Printer\ArduinoCore\Debug\libArduinoCore.a(wiring.o)
 .debug_frame   0x00000b9c       0x7c D:\Programy Arduino\Drukarka3D\3D-Printer\3D Printer\3D Printer\ArduinoCore\Debug\libArduinoCore.a(wiring_digital.o)
 .debug_frame   0x00000c18      0xa60 D:\Programy Arduino\Drukarka3D\3D-Printer\3D Printer\3D Printer\ArduinoCore\Debug\libArduinoCore.a(WString.o)

.debug_str      0x00000000     0x2942
 *(.debug_str)
 .debug_str     0x00000000      0x3e6 D:/Atmel Studio/7.0/Packs/atmel/ATmega_DFP/1.2.132/gcc/dev/atmega2560/avr6/crtatmega2560.o
 .debug_str     0x000003e6     0x12c8 Sketch.o
                               0x1381 (size before relaxing)
 .debug_str     0x000016ae       0x60 Source files/LimitSwitch.o
                                0x2ae (size before relaxing)
 .debug_str     0x0000170e       0xe7 Source files/SerialDecoder.o
                                0xee7 (size before relaxing)
 .debug_str     0x000017f5      0x132 Source files/StepperMotor.o
                                0x457 (size before relaxing)
 .debug_str     0x00001927      0x4eb D:\Programy Arduino\Drukarka3D\3D-Printer\3D Printer\3D Printer\ArduinoCore\Debug\libArduinoCore.a(HardwareSerial.o)
                               0x16c9 (size before relaxing)
 .debug_str     0x00001e12       0x86 D:\Programy Arduino\Drukarka3D\3D-Printer\3D Printer\3D Printer\ArduinoCore\Debug\libArduinoCore.a(HardwareSerial0.o)
                               0x140d (size before relaxing)
 .debug_str     0x00001e98       0x37 D:\Programy Arduino\Drukarka3D\3D-Printer\3D Printer\3D Printer\ArduinoCore\Debug\libArduinoCore.a(main.o)
                                0x2b9 (size before relaxing)
 .debug_str     0x00001ecf      0x3ce D:\Programy Arduino\Drukarka3D\3D-Printer\3D Printer\3D Printer\ArduinoCore\Debug\libArduinoCore.a(Print.o)
                               0x1247 (size before relaxing)
 .debug_str     0x0000229d       0x9d D:\Programy Arduino\Drukarka3D\3D-Printer\3D Printer\3D Printer\ArduinoCore\Debug\libArduinoCore.a(Stream.o)
                               0x126b (size before relaxing)
 .debug_str     0x0000233a      0x158 D:\Programy Arduino\Drukarka3D\3D-Printer\3D Printer\3D Printer\ArduinoCore\Debug\libArduinoCore.a(wiring.o)
                                0x24f (size before relaxing)
 .debug_str     0x00002492       0xbb D:\Programy Arduino\Drukarka3D\3D-Printer\3D Printer\3D Printer\ArduinoCore\Debug\libArduinoCore.a(wiring_digital.o)
                                0x2b4 (size before relaxing)
 .debug_str     0x0000254d      0x3f5 D:\Programy Arduino\Drukarka3D\3D-Printer\3D Printer\3D Printer\ArduinoCore\Debug\libArduinoCore.a(WString.o)
                               0x119a (size before relaxing)

.debug_loc      0x00000000     0x8803
 *(.debug_loc)
 .debug_loc     0x00000000       0x47 Sketch.o
 .debug_loc     0x00000047      0x2cb Source files/SerialDecoder.o
 .debug_loc     0x00000312      0x365 Source files/StepperMotor.o
 .debug_loc     0x00000677      0x482 D:\Programy Arduino\Drukarka3D\3D-Printer\3D Printer\3D Printer\ArduinoCore\Debug\libArduinoCore.a(HardwareSerial.o)
 .debug_loc     0x00000af9      0x1b0 D:\Programy Arduino\Drukarka3D\3D-Printer\3D Printer\3D Printer\ArduinoCore\Debug\libArduinoCore.a(HardwareSerial0.o)
 .debug_loc     0x00000ca9     0x1c87 D:\Programy Arduino\Drukarka3D\3D-Printer\3D Printer\3D Printer\ArduinoCore\Debug\libArduinoCore.a(Print.o)
 .debug_loc     0x00002930     0x14ae D:\Programy Arduino\Drukarka3D\3D-Printer\3D Printer\3D Printer\ArduinoCore\Debug\libArduinoCore.a(Stream.o)
 .debug_loc     0x00003dde      0x28d D:\Programy Arduino\Drukarka3D\3D-Printer\3D Printer\3D Printer\ArduinoCore\Debug\libArduinoCore.a(wiring.o)
 .debug_loc     0x0000406b      0x56b D:\Programy Arduino\Drukarka3D\3D-Printer\3D Printer\3D Printer\ArduinoCore\Debug\libArduinoCore.a(wiring_digital.o)
 .debug_loc     0x000045d6     0x422d D:\Programy Arduino\Drukarka3D\3D-Printer\3D Printer\3D Printer\ArduinoCore\Debug\libArduinoCore.a(WString.o)

.debug_macinfo
 *(.debug_macinfo)

.debug_weaknames
 *(.debug_weaknames)

.debug_funcnames
 *(.debug_funcnames)

.debug_typenames
 *(.debug_typenames)

.debug_varnames
 *(.debug_varnames)

.debug_pubtypes
 *(.debug_pubtypes)

.debug_ranges   0x00000000      0x688
 *(.debug_ranges)
 .debug_ranges  0x00000000       0x28 Sketch.o
 .debug_ranges  0x00000028       0x10 Source files/LimitSwitch.o
 .debug_ranges  0x00000038       0x28 Source files/SerialDecoder.o
 .debug_ranges  0x00000060       0x48 Source files/StepperMotor.o
 .debug_ranges  0x000000a8       0x58 D:\Programy Arduino\Drukarka3D\3D-Printer\3D Printer\3D Printer\ArduinoCore\Debug\libArduinoCore.a(HardwareSerial.o)
 .debug_ranges  0x00000100       0x38 D:\Programy Arduino\Drukarka3D\3D-Printer\3D Printer\3D Printer\ArduinoCore\Debug\libArduinoCore.a(HardwareSerial0.o)
 .debug_ranges  0x00000138       0x20 D:\Programy Arduino\Drukarka3D\3D-Printer\3D Printer\3D Printer\ArduinoCore\Debug\libArduinoCore.a(main.o)
 .debug_ranges  0x00000158      0x120 D:\Programy Arduino\Drukarka3D\3D-Printer\3D Printer\3D Printer\ArduinoCore\Debug\libArduinoCore.a(Print.o)
 .debug_ranges  0x00000278       0xb8 D:\Programy Arduino\Drukarka3D\3D-Printer\3D Printer\3D Printer\ArduinoCore\Debug\libArduinoCore.a(Stream.o)
 .debug_ranges  0x00000330       0x38 D:\Programy Arduino\Drukarka3D\3D-Printer\3D Printer\3D Printer\ArduinoCore\Debug\libArduinoCore.a(wiring.o)
 .debug_ranges  0x00000368       0x28 D:\Programy Arduino\Drukarka3D\3D-Printer\3D Printer\3D Printer\ArduinoCore\Debug\libArduinoCore.a(wiring_digital.o)
 .debug_ranges  0x00000390      0x2f8 D:\Programy Arduino\Drukarka3D\3D-Printer\3D Printer\3D Printer\ArduinoCore\Debug\libArduinoCore.a(WString.o)

.debug_macro
 *(.debug_macro)
OUTPUT(3D-Printer.elf elf32-avr)
LOAD linker stubs
