Archive member included to satisfy reference by file (symbol)

c:/program files (x86)/atmel/studio/7.0/toolchain/avr8/avr8-gnu-toolchain/bin/../lib/gcc/avr/5.4.0/../../../../avr/lib/avr6\libm.a(addsf3.o)
                              Source files/StepperMotor.o (__subsf3)
c:/program files (x86)/atmel/studio/7.0/toolchain/avr8/avr8-gnu-toolchain/bin/../lib/gcc/avr/5.4.0/../../../../avr/lib/avr6\libm.a(addsf3x.o)
                              c:/program files (x86)/atmel/studio/7.0/toolchain/avr8/avr8-gnu-toolchain/bin/../lib/gcc/avr/5.4.0/../../../../avr/lib/avr6\libm.a(addsf3.o) (__addsf3x)
c:/program files (x86)/atmel/studio/7.0/toolchain/avr8/avr8-gnu-toolchain/bin/../lib/gcc/avr/5.4.0/../../../../avr/lib/avr6\libm.a(cmpsf2.o)
                              Sketch.o (__eqsf2)
c:/program files (x86)/atmel/studio/7.0/toolchain/avr8/avr8-gnu-toolchain/bin/../lib/gcc/avr/5.4.0/../../../../avr/lib/avr6\libm.a(fixsfsi.o)
                              Source files/SerialDecoder.o (__fixsfsi)
c:/program files (x86)/atmel/studio/7.0/toolchain/avr8/avr8-gnu-toolchain/bin/../lib/gcc/avr/5.4.0/../../../../avr/lib/avr6\libm.a(fixunssfsi.o)
                              Source files/StepperMotor.o (__fixunssfsi)
c:/program files (x86)/atmel/studio/7.0/toolchain/avr8/avr8-gnu-toolchain/bin/../lib/gcc/avr/5.4.0/../../../../avr/lib/avr6\libm.a(floatsisf.o)
                              Sketch.o (__floatsisf)
c:/program files (x86)/atmel/studio/7.0/toolchain/avr8/avr8-gnu-toolchain/bin/../lib/gcc/avr/5.4.0/../../../../avr/lib/avr6\libm.a(fp_cmp.o)
                              c:/program files (x86)/atmel/studio/7.0/toolchain/avr8/avr8-gnu-toolchain/bin/../lib/gcc/avr/5.4.0/../../../../avr/lib/avr6\libm.a(cmpsf2.o) (__fp_cmp)
c:/program files (x86)/atmel/studio/7.0/toolchain/avr8/avr8-gnu-toolchain/bin/../lib/gcc/avr/5.4.0/../../../../avr/lib/avr6\libm.a(fp_inf.o)
                              c:/program files (x86)/atmel/studio/7.0/toolchain/avr8/avr8-gnu-toolchain/bin/../lib/gcc/avr/5.4.0/../../../../avr/lib/avr6\libm.a(addsf3x.o) (__fp_inf)
c:/program files (x86)/atmel/studio/7.0/toolchain/avr8/avr8-gnu-toolchain/bin/../lib/gcc/avr/5.4.0/../../../../avr/lib/avr6\libm.a(fp_nan.o)
                              c:/program files (x86)/atmel/studio/7.0/toolchain/avr8/avr8-gnu-toolchain/bin/../lib/gcc/avr/5.4.0/../../../../avr/lib/avr6\libm.a(addsf3x.o) (__fp_nan)
c:/program files (x86)/atmel/studio/7.0/toolchain/avr8/avr8-gnu-toolchain/bin/../lib/gcc/avr/5.4.0/../../../../avr/lib/avr6\libm.a(fp_pscA.o)
                              c:/program files (x86)/atmel/studio/7.0/toolchain/avr8/avr8-gnu-toolchain/bin/../lib/gcc/avr/5.4.0/../../../../avr/lib/avr6\libm.a(addsf3x.o) (__fp_pscA)
c:/program files (x86)/atmel/studio/7.0/toolchain/avr8/avr8-gnu-toolchain/bin/../lib/gcc/avr/5.4.0/../../../../avr/lib/avr6\libm.a(fp_pscB.o)
                              c:/program files (x86)/atmel/studio/7.0/toolchain/avr8/avr8-gnu-toolchain/bin/../lib/gcc/avr/5.4.0/../../../../avr/lib/avr6\libm.a(addsf3x.o) (__fp_pscB)
c:/program files (x86)/atmel/studio/7.0/toolchain/avr8/avr8-gnu-toolchain/bin/../lib/gcc/avr/5.4.0/../../../../avr/lib/avr6\libm.a(fp_round.o)
                              c:/program files (x86)/atmel/studio/7.0/toolchain/avr8/avr8-gnu-toolchain/bin/../lib/gcc/avr/5.4.0/../../../../avr/lib/avr6\libm.a(addsf3.o) (__fp_round)
c:/program files (x86)/atmel/studio/7.0/toolchain/avr8/avr8-gnu-toolchain/bin/../lib/gcc/avr/5.4.0/../../../../avr/lib/avr6\libm.a(fp_split3.o)
                              c:/program files (x86)/atmel/studio/7.0/toolchain/avr8/avr8-gnu-toolchain/bin/../lib/gcc/avr/5.4.0/../../../../avr/lib/avr6\libm.a(addsf3x.o) (__fp_split3)
c:/program files (x86)/atmel/studio/7.0/toolchain/avr8/avr8-gnu-toolchain/bin/../lib/gcc/avr/5.4.0/../../../../avr/lib/avr6\libm.a(fp_zero.o)
                              c:/program files (x86)/atmel/studio/7.0/toolchain/avr8/avr8-gnu-toolchain/bin/../lib/gcc/avr/5.4.0/../../../../avr/lib/avr6\libm.a(addsf3x.o) (__fp_zero)
c:/program files (x86)/atmel/studio/7.0/toolchain/avr8/avr8-gnu-toolchain/bin/../lib/gcc/avr/5.4.0/../../../../avr/lib/avr6\libm.a(gesf2.o)
                              Source files/StepperMotor.o (__gtsf2)
C:\Users\Adam\Documents\GitHub\3D-Printer\3D Printer\3D Printer\ArduinoCore\Debug\libArduinoCore.a(HardwareSerial.o)
                              Sketch.o (_ZN14HardwareSerial9availableEv)
C:\Users\Adam\Documents\GitHub\3D-Printer\3D Printer\3D Printer\ArduinoCore\Debug\libArduinoCore.a(HardwareSerial0.o)
                              Sketch.o (Serial)
C:\Users\Adam\Documents\GitHub\3D-Printer\3D Printer\3D Printer\ArduinoCore\Debug\libArduinoCore.a(main.o)
                              C:/Program Files (x86)/Atmel/Studio/7.0/Packs/atmel/ATmega_DFP/1.2.132/gcc/dev/atmega2560/avr6/crtatmega2560.o (main)
C:\Users\Adam\Documents\GitHub\3D-Printer\3D Printer\3D Printer\ArduinoCore\Debug\libArduinoCore.a(Print.o)
[...]
Memory Configuration

Name             Origin             Length             Attributes
text             0x00000000         0x00100000         xr
data             0x00800200         0x0000fe00         rw !x
eeprom           0x00810000         0x00010000         rw !x
fuse             0x00820000         0x00000003         rw !x
lock             0x00830000         0x00000400         rw !x
signature        0x00840000         0x00000400         rw !x
user_signatures  0x00850000         0x00000400         rw !x
*default*        0x00000000         0xffffffff

Linker script and memory map

Address of section .data set to 0x800200
LOAD C:/Program Files (x86)/Atmel/Studio/7.0/Packs/atmel/ATmega_DFP/1.2.132/gcc/dev/atmega2560/avr6/crtatmega2560.o
LOAD Sketch.o
LOAD Source files/LimitSwitch.o
LOAD Source files/SerialDecoder.o
LOAD Source files/StepperMotor.o
START GROUP
LOAD c:/program files (x86)/atmel/studio/7.0/toolchain/avr8/avr8-gnu-toolchain/bin/../lib/gcc/avr/5.4.0/../../../../avr/lib/avr6\libm.a
LOAD C:\Users\Adam\Documents\GitHub\3D-Printer\3D Printer\3D Printer\ArduinoCore\Debug\libArduinoCore.a
END GROUP
LOAD c:/program files (x86)/atmel/studio/7.0/toolchain/avr8/avr8-gnu-toolchain/bin/../lib/gcc/avr/5.4.0/avr6\libgcc.a
LOAD c:/program files (x86)/atmel/studio/7.0/toolchain/avr8/avr8-gnu-toolchain/bin/../lib/gcc/avr/5.4.0/../../../../avr/lib/avr6\libm.a
START GROUP
LOAD c:/program files (x86)/atmel/studio/7.0/toolchain/avr8/avr8-gnu-toolchain/bin/../lib/gcc/avr/5.4.0/avr6\libgcc.a
LOAD c:/program files (x86)/atmel/studio/7.0/toolchain/avr8/avr8-gnu-toolchain/bin/../lib/gcc/avr/5.4.0/../../../../avr/lib/avr6\libm.a
LOAD c:/program files (x86)/atmel/studio/7.0/toolchain/avr8/avr8-gnu-toolchain/bin/../lib/gcc/avr/5.4.0/../../../../avr/lib/avr6\libc.a
LOAD C:/Program Files (x86)/Atmel/Studio/7.0/Packs/atmel/ATmega_DFP/1.2.132/gcc/dev/atmega2560/avr6\libatmega2560.a
END GROUP
                0x00100000                __TEXT_REGION_LENGTH__ = DEFINED (__TEXT_REGION_LENGTH__)?__TEXT_REGION_LENGTH__:0x100000
                0x0000fe00                __DATA_REGION_LENGTH__ = DEFINED (__DATA_REGION_LENGTH__)?__DATA_REGION_LENGTH__:0xfe00
                0x00010000                __EEPROM_REGION_LENGTH__ = DEFINED (__EEPROM_REGION_LENGTH__)?__EEPROM_REGION_LENGTH__:0x10000
                [0x00000003]                __FUSE_REGION_LENGTH__ = DEFINED (__FUSE_REGION_LENGTH__)?__FUSE_REGION_LENGTH__:0x400
                0x00000400                __LOCK_REGION_LENGTH__ = DEFINED (__LOCK_REGION_LENGTH__)?__LOCK_REGION_LENGTH__:0x400
                0x00000400                __SIGNATURE_REGION_LENGTH__ = DEFINED (__SIGNATURE_REGION_LENGTH__)?__SIGNATURE_REGION_LENGTH__:0x400
                0x00000400                __USER_SIGNATURE_REGION_LENGTH__ = DEFINED (__USER_SIGNATURE_REGION_LENGTH__)?__USER_SIGNATURE_REGION_LENGTH__:0x400

.hash
 *(.hash)

.dynsym
 *(.dynsym)

.dynstr
 *(.dynstr)

.gnu.version
 *(.gnu.version)

.gnu.version_d
 *(.gnu.version_d)

.gnu.version_r
 *(.gnu.version_r)

.rel.init
 *(.rel.init)

.rela.init
 *(.rela.init)

.rel.text
 *(.rel.text)
 *(.rel.text.*)
 *(.rel.gnu.linkonce.t*)

.rela.text
 *(.rela.text)
 *(.rela.text.*)
 *(.rela.gnu.linkonce.t*)

.rel.fini
 *(.rel.fini)

.rela.fini
 *(.rela.fini)

.rel.rodata
 *(.rel.rodata)
 *(.rel.rodata.*)
 *(.rel.gnu.linkonce.r*)

.rela.rodata
 *(.rela.rodata)
 *(.rela.rodata.*)
 *(.rela.gnu.linkonce.r*)

.rel.data
 *(.rel.data)
 *(.rel.data.*)
 *(.rel.gnu.linkonce.d*)

.rela.data
 *(.rela.data)
 *(.rela.data.*)
 *(.rela.gnu.linkonce.d*)

.rel.ctors
 *(.rel.ctors)

.rela.ctors
 *(.rela.ctors)

.rel.dtors
 *(.rel.dtors)

.rela.dtors
 *(.rela.dtors)

.rel.got
 *(.rel.got)

.rela.got
 *(.rela.got)

.rel.bss
 *(.rel.bss)

.rela.bss
 *(.rela.bss)

.rel.plt
 *(.rel.plt)

.rela.plt
 *(.rela.plt)

.text           0x00000000     0x1ffe
 *(.vectors)
 .vectors       0x00000000       0xe4 C:/Program Files (x86)/Atmel/Studio/7.0/Packs/atmel/ATmega_DFP/1.2.132/gcc/dev/atmega2560/avr6/crtatmega2560.o
                0x00000000                __vector_default
                0x00000000                __vectors
 *(.vectors)
 *(.progmem.gcc*)
 .progmem.gcc_sw_table.turnOffPWM
                0x000000e4       0x24 C:\Users\Adam\Documents\GitHub\3D-Printer\3D Printer\3D Printer\ArduinoCore\Debug\libArduinoCore.a(wiring_digital.o)
                0x00000108                . = ALIGN (0x2)
                0x00000108                __trampolines_start = .
 *(.trampolines)
 .trampolines   0x00000108        0x0 linker stubs
 *(.trampolines*)
                0x00000108                __trampolines_end = .
 *libprintf_flt.a:*(.progmem.data)
 *libc.a:*(.progmem.data)
 .progmem.data  0x00000108       0x3b c:/program files (x86)/atmel/studio/7.0/toolchain/avr8/avr8-gnu-toolchain/bin/../lib/gcc/avr/5.4.0/../../../../avr/lib/avr6\libc.a(strtod.o)
 *(.progmem*)
 .progmem.data.digital_pin_to_timer_PGM
                0x00000143       0x46 C:\Users\Adam\Documents\GitHub\3D-Printer\3D Printer\3D Printer\ArduinoCore\Debug\libArduinoCore.a(wiring_digital.o)
                0x00000143                digital_pin_to_timer_PGM
 .progmem.data.digital_pin_to_bit_mask_PGM
                0x00000189       0x46 C:\Users\Adam\Documents\GitHub\3D-Printer\3D Printer\3D Printer\ArduinoCore\Debug\libArduinoCore.a(wiring_digital.o)
                0x00000189                digital_pin_to_bit_mask_PGM
 .progmem.data.digital_pin_to_port_PGM
                0x000001cf       0x46 C:\Users\Adam\Documents\GitHub\3D-Printer\3D Printer\3D Printer\ArduinoCore\Debug\libArduinoCore.a(wiring_digital.o)
                0x000001cf                digital_pin_to_port_PGM
 .progmem.data.port_to_input_PGM
                0x00000215       0x1a C:\Users\Adam\Documents\GitHub\3D-Printer\3D Printer\3D Printer\ArduinoCore\Debug\libArduinoCore.a(wiring_digital.o)
                0x00000215                port_to_input_PGM
 .progmem.data.port_to_output_PGM
                0x0000022f       0x1a C:\Users\Adam\Documents\GitHub\3D-Printer\3D Printer\3D Printer\ArduinoCore\Debug\libArduinoCore.a(wiring_digital.o)
                0x0000022f                port_to_output_PGM
 .progmem.data.port_to_mode_PGM
                0x00000249       0x1a C:\Users\Adam\Documents\GitHub\3D-Printer\3D Printer\3D Printer\ArduinoCore\Debug\libArduinoCore.a(wiring_digital.o)
                0x00000249                port_to_mode_PGM
                0x00000264                . = ALIGN (0x2)
 *fill*         0x00000263        0x1 
 *(.jumptables)
 *(.jumptables*)
 *(.lowtext)
 *(.lowtext*)
                0x00000264                __ctors_start = .
 *(.ctors)
 .ctors         0x00000264        0x2 Sketch.o
 .ctors         0x00000266        0x2 C:\Users\Adam\Documents\GitHub\3D-Printer\3D Printer\3D Printer\ArduinoCore\Debug\libArduinoCore.a(HardwareSerial0.o)
                0x00000268                __ctors_end = .
                0x00000268                __dtors_start = .
 *(.dtors)
                0x00000268                __dtors_end = .
 SORT(*)(.ctors)
 SORT(*)(.dtors)
 *(.init0)
 .init0         0x00000268        0x0 C:/Program Files (x86)/Atmel/Studio/7.0/Packs/atmel/ATmega_DFP/1.2.132/gcc/dev/atmega2560/avr6/crtatmega2560.o
                0x00000268                __init
 *(.init0)
 *(.init1)
 *(.init1)
 *(.init2)
 .init2         0x00000268       0x10 C:/Program Files (x86)/Atmel/Studio/7.0/Packs/atmel/ATmega_DFP/1.2.132/gcc/dev/atmega2560/avr6/crtatmega2560.o
 *(.init2)
 *(.init3)
 *(.init3)
 *(.init4)
 .init4         0x00000278       0x1a c:/program files (x86)/atmel/studio/7.0/toolchain/avr8/avr8-gnu-toolchain/bin/../lib/gcc/avr/5.4.0/avr6\libgcc.a(_copy_data.o)
                0x00000278                __do_copy_data
 .init4         0x00000292       0x10 c:/program files (x86)/atmel/studio/7.0/toolchain/avr8/avr8-gnu-toolchain/bin/../lib/gcc/avr/5.4.0/avr6\libgcc.a(_clear_bss.o)
                0x00000292                __do_clear_bss
 *(.init4)
 *(.init5)
 *(.init5)
 *(.init6)
 .init6         0x000002a2       0x20 c:/program files (x86)/atmel/studio/7.0/toolchain/avr8/avr8-gnu-toolchain/bin/../lib/gcc/avr/5.4.0/avr6\libgcc.a(_ctors.o)
                0x000002a2                __do_global_ctors
 *(.init6)
 *(.init7)
 *(.init7)
 *(.init8)
 *(.init8)
 *(.init9)
 .init9         0x000002c2        0x6 C:/Program Files (x86)/Atmel/Studio/7.0/Packs/atmel/ATmega_DFP/1.2.132/gcc/dev/atmega2560/avr6/crtatmega2560.o
 *(.init9)
 *(.text)
 .text          0x000002c8        0x2 C:/Program Files (x86)/Atmel/Studio/7.0/Packs/atmel/ATmega_DFP/1.2.132/gcc/dev/atmega2560/avr6/crtatmega2560.o
                0x000002c8                __vector_38
                0x000002c8                __vector_22
                0x000002c8                __vector_28
                0x000002c8                __vector_1
                0x000002c8                __vector_32
                0x000002c8                __vector_34
                0x000002c8                __vector_24
                0x000002c8                __vector_12
                0x000002c8                __vector_55
                0x000002c8                __vector_46
                0x000002c8                __bad_interrupt
                0x000002c8                __vector_6
                0x000002c8                __vector_31
                0x000002c8                __vector_35
                0x000002c8                __vector_39
                0x000002c8                __vector_3
                0x000002c8                __vector_30
                0x000002c8                __vector_45
                0x000002c8                __vector_11
                0x000002c8                __vector_54
                0x000002c8                __vector_13
                0x000002c8                __vector_17
                0x000002c8                __vector_19
                0x000002c8                __vector_56
                0x000002c8                __vector_7
                0x000002c8                __vector_49
                0x000002c8                __vector_41
                0x000002c8                __vector_43
                0x000002c8                __vector_27
                0x000002c8                __vector_5
                0x000002c8                __vector_33
                0x000002c8                __vector_47
                0x000002c8                __vector_52
                0x000002c8                __vector_37
                0x000002c8                __vector_4
                0x000002c8                __vector_44
                0x000002c8                __vector_51
                0x000002c8                __vector_9
                0x000002c8                __vector_2
                0x000002c8                __vector_21
                0x000002c8                __vector_15
                0x000002c8                __vector_36
                0x000002c8                __vector_29
                0x000002c8                __vector_40
                0x000002c8                __vector_8
                0x000002c8                __vector_48
                0x000002c8                __vector_14
                0x000002c8                __vector_53
                0x000002c8                __vector_10
                0x000002c8                __vector_50
                0x000002c8                __vector_16
                0x000002c8                __vector_18
                0x000002c8                __vector_20
                0x000002c8                __vector_42
                0x000002ca                . = ALIGN (0x2)
 *(.text.*)
 .text.setup    0x000002ca       0x12 Sketch.o
                0x000002ca                setup
 .text.startup._GLOBAL__sub_I_steps
                0x000002dc       0x22 Sketch.o
 .text.loop     0x000002fe       0xcc Sketch.o
                0x000002fe                loop
 .text._Z18LimitSwitchPinInitv
                0x000003ca       0x2a Source files/LimitSwitch.o
                0x000003ca                _Z18LimitSwitchPinInitv
 .text._Z12RemoveSpacesPc
                0x000003f4       0x1a Source files/SerialDecoder.o
                0x000003f4                _Z12RemoveSpacesPc
 .text._Z23GetNumberAfterCharacterPcc
                0x0000040e       0x1e Source files/SerialDecoder.o
                0x0000040e                _Z23GetNumberAfterCharacterPcc
 .text._Z7GetCodePc
                0x0000042c       0x34 Source files/SerialDecoder.o
                0x0000042c                _Z7GetCodePc
 .text._Z11DecodeFrame6StringP5Steps
                0x00000460      0x124 Source files/SerialDecoder.o
                0x00000460                _Z11DecodeFrame6StringP5Steps
 .text._Z11StepperInitv
                0x00000584       0x4a Source files/StepperMotor.o
                0x00000584                _Z11StepperInitv
 .text._Z15ReadLimitSwitchPbS_S_
                0x000005ce       0x4e Source files/StepperMotor.o
                0x000005ce                _Z15ReadLimitSwitchPbS_S_
 .text._Z17ChangeStepperXDirb
                0x0000061c        0xe Source files/StepperMotor.o
                0x0000061c                _Z17ChangeStepperXDirb
 .text._Z17ChangeStepperYDirb
                0x0000062a        0xe Source files/StepperMotor.o
                0x0000062a                _Z17ChangeStepperYDirb
 .text._Z17ChangeStepperZDirb
                0x00000638        0xe Source files/StepperMotor.o
                0x00000638                _Z17ChangeStepperZDirb
 .text._Z17ChangeSteppersDirP5Steps
                0x00000646       0xfe Source files/StepperMotor.o
                0x00000646                _Z17ChangeSteppersDirP5Steps
 .text._Z11MovementXYZP5Steps
                0x00000744      0x1cc Source files/StepperMotor.o
                0x00000744                _Z11MovementXYZP5Steps
 .text._Z8SetSpeedi
                0x00000910       0x74 Source files/StepperMotor.o
                0x00000910                _Z8SetSpeedi
 .text.avr-libc.fplib
                0x00000984        0xa c:/program files (x86)/atmel/studio/7.0/toolchain/avr8/avr8-gnu-toolchain/bin/../lib/gcc/avr/5.4.0/../../../../avr/lib/avr6\libm.a(addsf3.o)
                0x00000984                __subsf3
                0x00000986                __addsf3
 .text.avr-libc.fplib
                0x0000098e       0xc0 c:/program files (x86)/atmel/studio/7.0/toolchain/avr8/avr8-gnu-toolchain/bin/../lib/gcc/avr/5.4.0/../../../../avr/lib/avr6\libm.a(addsf3x.o)
                0x000009a8                __addsf3x
 .text.avr-libc.fplib
                0x00000a4e        0x8 c:/program files (x86)/atmel/studio/7.0/toolchain/avr8/avr8-gnu-toolchain/bin/../lib/gcc/avr/5.4.0/../../../../avr/lib/avr6\libm.a(cmpsf2.o)
                0x00000a4e                __nesf2
                0x00000a4e                __eqsf2
                0x00000a4e                __cmpsf2
                0x00000a4e                __ltsf2
                0x00000a4e                __lesf2
 .text.avr-libc.fplib
                0x00000a56        0xa c:/program files (x86)/atmel/studio/7.0/toolchain/avr8/avr8-gnu-toolchain/bin/../lib/gcc/avr/5.4.0/../../../../avr/lib/avr6\libm.a(fixsfsi.o)
                0x00000a56                __fixsfsi
 .text.avr-libc.fplib
                0x00000a60       0x58 c:/program files (x86)/atmel/studio/7.0/toolchain/avr8/avr8-gnu-toolchain/bin/../lib/gcc/avr/5.4.0/../../../../avr/lib/avr6\libm.a(fixunssfsi.o)
                0x00000a60                __fixunssfsi
 .text.avr-libc.fplib
                0x00000ab8       0x7a c:/program files (x86)/atmel/studio/7.0/toolchain/avr8/avr8-gnu-toolchain/bin/../lib/gcc/avr/5.4.0/../../../../avr/lib/avr6\libm.a(floatsisf.o)
                0x00000ab8                __floatunsisf
                0x00000abc                __floatsisf
 .text.avr-libc.fplib
                0x00000b32       0x48 c:/program files (x86)/atmel/studio/7.0/toolchain/avr8/avr8-gnu-toolchain/bin/../lib/gcc/avr/5.4.0/../../../../avr/lib/avr6\libm.a(fp_cmp.o)
                0x00000b32                __fp_cmp
 .text.avr-libc.fplib
                0x00000b7a        0xc c:/program files (x86)/atmel/studio/7.0/toolchain/avr8/avr8-gnu-toolchain/bin/../lib/gcc/avr/5.4.0/../../../../avr/lib/avr6\libm.a(fp_inf.o)
                0x00000b7a                __fp_inf
 .text.avr-libc.fplib
                0x00000b86        0x6 c:/program files (x86)/atmel/studio/7.0/toolchain/avr8/avr8-gnu-toolchain/bin/../lib/gcc/avr/5.4.0/../../../../avr/lib/avr6\libm.a(fp_nan.o)
                0x00000b86                __fp_nan
 .text.avr-libc.fplib
                0x00000b8c        0xe c:/program files (x86)/atmel/studio/7.0/toolchain/avr8/avr8-gnu-toolchain/bin/../lib/gcc/avr/5.4.0/../../../../avr/lib/avr6\libm.a(fp_pscA.o)
                0x00000b8c                __fp_pscA
 .text.avr-libc.fplib
                0x00000b9a        0xe c:/program files (x86)/atmel/studio/7.0/toolchain/avr8/avr8-gnu-toolchain/bin/../lib/gcc/avr/5.4.0/../../../../avr/lib/avr6\libm.a(fp_pscB.o)
                0x00000b9a                __fp_pscB
 .text.avr-libc.fplib
                0x00000ba8       0x22 c:/program files (x86)/atmel/studio/7.0/toolchain/avr8/avr8-gnu-toolchain/bin/../lib/gcc/avr/5.4.0/../../../../avr/lib/avr6\libm.a(fp_round.o)
                0x00000ba8                __fp_round
 .text.avr-libc.fplib
                0x00000bca       0x44 c:/program files (x86)/atmel/studio/7.0/toolchain/avr8/avr8-gnu-toolchain/bin/../lib/gcc/avr/5.4.0/../../../../avr/lib/avr6\libm.a(fp_split3.o)
                0x00000bca                __fp_split3
                0x00000bda                __fp_splitA
 .text.avr-libc.fplib
                0x00000c0e        0xe c:/program files (x86)/atmel/studio/7.0/toolchain/avr8/avr8-gnu-toolchain/bin/../lib/gcc/avr/5.4.0/../../../../avr/lib/avr6\libm.a(fp_zero.o)
                0x00000c0e                __fp_zero
                0x00000c10                __fp_szero
 .text.avr-libc.fplib
                0x00000c1c        0x8 c:/program files (x86)/atmel/studio/7.0/toolchain/avr8/avr8-gnu-toolchain/bin/../lib/gcc/avr/5.4.0/../../../../avr/lib/avr6\libm.a(gesf2.o)
                0x00000c1c                __gesf2
                0x00000c1c                __gtsf2
 .text._ZN14HardwareSerial9availableEv
                0x00000c24       0x18 C:\Users\Adam\Documents\GitHub\3D-Printer\3D Printer\3D Printer\ArduinoCore\Debug\libArduinoCore.a(HardwareSerial.o)
                0x00000c24                _ZN14HardwareSerial9availableEv
 .text._ZN14HardwareSerial4peekEv
                0x00000c3c       0x1c C:\Users\Adam\Documents\GitHub\3D-Printer\3D Printer\3D Printer\ArduinoCore\Debug\libArduinoCore.a(HardwareSerial.o)
                0x00000c3c                _ZN14HardwareSerial4peekEv
 .text._ZN14HardwareSerial4readEv
                0x00000c58       0x28 C:\Users\Adam\Documents\GitHub\3D-Printer\3D Printer\3D Printer\ArduinoCore\Debug\libArduinoCore.a(HardwareSerial.o)
                0x00000c58                _ZN14HardwareSerial4readEv
 .text._ZN14HardwareSerial17availableForWriteEv
                0x00000c80       0x1e C:\Users\Adam\Documents\GitHub\3D-Printer\3D Printer\3D Printer\ArduinoCore\Debug\libArduinoCore.a(HardwareSerial.o)
                0x00000c80                _ZN14HardwareSerial17availableForWriteEv
 .text._Z14serialEventRunv
                0x00000c9e       0x78 C:\Users\Adam\Documents\GitHub\3D-Printer\3D Printer\3D Printer\ArduinoCore\Debug\libArduinoCore.a(HardwareSerial.o)
                0x00000c9e                _Z14serialEventRunv
 .text._ZN14HardwareSerial17_tx_udr_empty_irqEv
                0x00000d16       0x42 C:\Users\Adam\Documents\GitHub\3D-Printer\3D Printer\3D Printer\ArduinoCore\Debug\libArduinoCore.a(HardwareSerial.o)
                0x00000d16                _ZN14HardwareSerial17_tx_udr_empty_irqEv
 .text._ZN14HardwareSerial5writeEh
                0x00000d58       0x8c C:\Users\Adam\Documents\GitHub\3D-Printer\3D Printer\3D Printer\ArduinoCore\Debug\libArduinoCore.a(HardwareSerial.o)
                0x00000d58                _ZN14HardwareSerial5writeEh
 .text._ZN14HardwareSerial5flushEv
                0x00000de4       0x42 C:\Users\Adam\Documents\GitHub\3D-Printer\3D Printer\3D Printer\ArduinoCore\Debug\libArduinoCore.a(HardwareSerial.o)
                0x00000de4                _ZN14HardwareSerial5flushEv
 .text._ZN14HardwareSerial5beginEmh
                0x00000e26       0xc6 C:\Users\Adam\Documents\GitHub\3D-Printer\3D Printer\3D Printer\ArduinoCore\Debug\libArduinoCore.a(HardwareSerial.o)
                0x00000e26                _ZN14HardwareSerial5beginEmh
 .text.__vector_25
                0x00000eec       0x6c C:\Users\Adam\Documents\GitHub\3D-Printer\3D Printer\3D Printer\ArduinoCore\Debug\libArduinoCore.a(HardwareSerial0.o)
                0x00000eec                __vector_25
 .text.__vector_26
                0x00000f58       0x52 C:\Users\Adam\Documents\GitHub\3D-Printer\3D Printer\3D Printer\ArduinoCore\Debug\libArduinoCore.a(HardwareSerial0.o)
                0x00000f58                __vector_26
 .text._Z17Serial0_availablev
                0x00000faa       0x12 C:\Users\Adam\Documents\GitHub\3D-Printer\3D Printer\3D Printer\ArduinoCore\Debug\libArduinoCore.a(HardwareSerial0.o)
                0x00000faa                _Z17Serial0_availablev
 .text.startup._GLOBAL__sub_I___vector_25
                0x00000fbc       0x5a C:\Users\Adam\Documents\GitHub\3D-Printer\3D Printer\3D Printer\ArduinoCore\Debug\libArduinoCore.a(HardwareSerial0.o)
 .text.initVariant
                0x00001016        0x2 C:\Users\Adam\Documents\GitHub\3D-Printer\3D Printer\3D Printer\ArduinoCore\Debug\libArduinoCore.a(main.o)
                0x00001016                initVariant
 .text.startup.main
                0x00001018       0x14 C:\Users\Adam\Documents\GitHub\3D-Printer\3D Printer\3D Printer\ArduinoCore\Debug\libArduinoCore.a(main.o)
                0x00001018                main
 .text._ZN5Print5writeEPKhj
                0x0000102c       0x54 C:\Users\Adam\Documents\GitHub\3D-Printer\3D Printer\3D Printer\ArduinoCore\Debug\libArduinoCore.a(Print.o)
                0x0000102c                _ZN5Print5writeEPKhj
 .text._ZN5Print5writeEPKc
                0x00001080       0x2a C:\Users\Adam\Documents\GitHub\3D-Printer\3D Printer\3D Printer\ArduinoCore\Debug\libArduinoCore.a(Print.o)
                0x00001080                _ZN5Print5writeEPKc
 .text._ZN5Print7printlnEv
                0x000010aa        0x6 C:\Users\Adam\Documents\GitHub\3D-Printer\3D Printer\3D Printer\ArduinoCore\Debug\libArduinoCore.a(Print.o)
                0x000010aa                _ZN5Print7printlnEv
 .text._ZN5Print7printlnEPKc
                0x000010b0       0x20 C:\Users\Adam\Documents\GitHub\3D-Printer\3D Printer\3D Printer\ArduinoCore\Debug\libArduinoCore.a(Print.o)
                0x000010b0                _ZN5Print7printlnEPKc
 .text._ZN6Stream9timedReadEv
                0x000010d0       0x5c C:\Users\Adam\Documents\GitHub\3D-Printer\3D Printer\3D Printer\ArduinoCore\Debug\libArduinoCore.a(Stream.o)
                0x000010d0                _ZN6Stream9timedReadEv
 .text._ZN6Stream15readStringUntilEc
                0x0000112c       0x44 C:\Users\Adam\Documents\GitHub\3D-Printer\3D Printer\3D Printer\ArduinoCore\Debug\libArduinoCore.a(Stream.o)
                0x0000112c                _ZN6Stream15readStringUntilEc
 .text.__vector_23
                0x00001170       0x94 C:\Users\Adam\Documents\GitHub\3D-Printer\3D Printer\3D Printer\ArduinoCore\Debug\libArduinoCore.a(wiring.o)
                0x00001170                __vector_23
 .text.millis   0x00001204       0x18 C:\Users\Adam\Documents\GitHub\3D-Printer\3D Printer\3D Printer\ArduinoCore\Debug\libArduinoCore.a(wiring.o)
                0x00001204                millis
 .text.delayMicroseconds
                0x0000121c       0x16 C:\Users\Adam\Documents\GitHub\3D-Printer\3D Printer\3D Printer\ArduinoCore\Debug\libArduinoCore.a(wiring.o)
                0x0000121c                delayMicroseconds
 .text.init     0x00001232       0xc4 C:\Users\Adam\Documents\GitHub\3D-Printer\3D Printer\3D Printer\ArduinoCore\Debug\libArduinoCore.a(wiring.o)
                0x00001232                init
 .text.turnOffPWM
                0x000012f6       0xaa C:\Users\Adam\Documents\GitHub\3D-Printer\3D Printer\3D Printer\ArduinoCore\Debug\libArduinoCore.a(wiring_digital.o)
 .text.pinMode  0x000013a0       0x78 C:\Users\Adam\Documents\GitHub\3D-Printer\3D Printer\3D Printer\ArduinoCore\Debug\libArduinoCore.a(wiring_digital.o)
                0x000013a0                pinMode
 .text.digitalWrite
                0x00001418       0x5c C:\Users\Adam\Documents\GitHub\3D-Printer\3D Printer\3D Printer\ArduinoCore\Debug\libArduinoCore.a(wiring_digital.o)
                0x00001418                digitalWrite
 .text.digitalRead
                0x00001474       0x50 C:\Users\Adam\Documents\GitHub\3D-Printer\3D Printer\3D Printer\ArduinoCore\Debug\libArduinoCore.a(wiring_digital.o)
                0x00001474                digitalRead
 .text._Z3maplllll
                0x000014c4       0x7e C:\Users\Adam\Documents\GitHub\3D-Printer\3D Printer\3D Printer\ArduinoCore\Debug\libArduinoCore.a(WMath.o)
                0x000014c4                _Z3maplllll
 .text._ZN6StringD2Ev
                0x00001542        0x8 C:\Users\Adam\Documents\GitHub\3D-Printer\3D Printer\3D Printer\ArduinoCore\Debug\libArduinoCore.a(WString.o)
                0x00001542                _ZN6StringD2Ev
                0x00001542                _ZN6StringD1Ev
 .text._ZN6String10invalidateEv
                0x0000154a       0x22 C:\Users\Adam\Documents\GitHub\3D-Printer\3D Printer\3D Printer\ArduinoCore\Debug\libArduinoCore.a(WString.o)
                0x0000154a                _ZN6String10invalidateEv
 .text._ZN6String12changeBufferEj
                0x0000156c       0x32 C:\Users\Adam\Documents\GitHub\3D-Printer\3D Printer\3D Printer\ArduinoCore\Debug\libArduinoCore.a(WString.o)
                0x0000156c                _ZN6String12changeBufferEj
 .text._ZN6String7reserveEj
                0x0000159e       0x36 C:\Users\Adam\Documents\GitHub\3D-Printer\3D Printer\3D Printer\ArduinoCore\Debug\libArduinoCore.a(WString.o)
                0x0000159e                _ZN6String7reserveEj
 .text._ZN6String4copyEPKcj
                0x000015d4       0x3c C:\Users\Adam\Documents\GitHub\3D-Printer\3D Printer\3D Printer\ArduinoCore\Debug\libArduinoCore.a(WString.o)
                0x000015d4                _ZN6String4copyEPKcj
 .text._ZN6StringC2EPKc
                0x00001610       0x28 C:\Users\Adam\Documents\GitHub\3D-Printer\3D Printer\3D Printer\ArduinoCore\Debug\libArduinoCore.a(WString.o)
                0x00001610                _ZN6StringC2EPKc
                0x00001610                _ZN6StringC1EPKc
 .text._ZN6String6concatEPKcj
                0x00001638       0x58 C:\Users\Adam\Documents\GitHub\3D-Printer\3D Printer\3D Printer\ArduinoCore\Debug\libArduinoCore.a(WString.o)
                0x00001638                _ZN6String6concatEPKcj
 .text._ZN6String6concatEc
                0x00001690       0x26 C:\Users\Adam\Documents\GitHub\3D-Printer\3D Printer\3D Printer\ArduinoCore\Debug\libArduinoCore.a(WString.o)
                0x00001690                _ZN6String6concatEc
 .text._ZNK6String8getBytesEPhjj
                0x000016b6       0x5c C:\Users\Adam\Documents\GitHub\3D-Printer\3D Printer\3D Printer\ArduinoCore\Debug\libArduinoCore.a(WString.o)
                0x000016b6                _ZNK6String8getBytesEPhjj
 .text.avr-libc.fplib
                0x00001712        0x4 c:/program files (x86)/atmel/studio/7.0/toolchain/avr8/avr8-gnu-toolchain/bin/../lib/gcc/avr/5.4.0/../../../../avr/lib/avr6\libm.a(mulsf3.o)
                0x00001712                __mulsf3
 .text.avr-libc.fplib
                0x00001716       0xc2 c:/program files (x86)/atmel/studio/7.0/toolchain/avr8/avr8-gnu-toolchain/bin/../lib/gcc/avr/5.4.0/../../../../avr/lib/avr6\libm.a(mulsf3x.o)
                0x0000172a                __mulsf3x
                0x0000172e                __mulsf3_pse
 .text.libgcc.mul
                0x000017d8       0x1e c:/program files (x86)/atmel/studio/7.0/toolchain/avr8/avr8-gnu-toolchain/bin/../lib/gcc/avr/5.4.0/avr6\libgcc.a(_mulsi3.o)
                0x000017d8                __mulsi3
 .text.libgcc.div
                0x000017f6       0x44 c:/program files (x86)/atmel/studio/7.0/toolchain/avr8/avr8-gnu-toolchain/bin/../lib/gcc/avr/5.4.0/avr6\libgcc.a(_udivmodsi4.o)
                0x000017f6                __udivmodsi4
 .text.libgcc.div
                0x0000183a       0x28 c:/program files (x86)/atmel/studio/7.0/toolchain/avr8/avr8-gnu-toolchain/bin/../lib/gcc/avr/5.4.0/avr6\libgcc.a(_divmodsi4.o)
                0x0000183a                __divmodsi4
 .text.libgcc.div
                0x00001862       0x10 c:/program files (x86)/atmel/studio/7.0/toolchain/avr8/avr8-gnu-toolchain/bin/../lib/gcc/avr/5.4.0/avr6\libgcc.a(_negsi2.o)
                0x00001862                __negsi2
 .text.libgcc   0x00001872       0x10 c:/program files (x86)/atmel/studio/7.0/toolchain/avr8/avr8-gnu-toolchain/bin/../lib/gcc/avr/5.4.0/avr6\libgcc.a(_tablejump2.o)
                0x00001872                __tablejump2__
 .text.libgcc.mul
                0x00001882       0x14 c:/program files (x86)/atmel/studio/7.0/toolchain/avr8/avr8-gnu-toolchain/bin/../lib/gcc/avr/5.4.0/avr6\libgcc.a(_muluhisi3.o)
                0x00001882                __muluhisi3
 .text.libgcc.mul
                0x00001896       0x1e c:/program files (x86)/atmel/studio/7.0/toolchain/avr8/avr8-gnu-toolchain/bin/../lib/gcc/avr/5.4.0/avr6\libgcc.a(_umulhisi3.o)
                0x00001896                __umulhisi3
 .text.avr-libc
                0x000018b4      0x242 c:/program files (x86)/atmel/studio/7.0/toolchain/avr8/avr8-gnu-toolchain/bin/../lib/gcc/avr/5.4.0/../../../../avr/lib/avr6\libc.a(malloc.o)
                0x000018b4                malloc
                0x000019e4                free
 .text.avr-libc
                0x00001af6      0x1c0 c:/program files (x86)/atmel/studio/7.0/toolchain/avr8/avr8-gnu-toolchain/bin/../lib/gcc/avr/5.4.0/../../../../avr/lib/avr6\libc.a(realloc.o)
                0x00001af6                realloc
 .text.avr-libc
                0x00001cb6      0x2ac c:/program files (x86)/atmel/studio/7.0/toolchain/avr8/avr8-gnu-toolchain/bin/../lib/gcc/avr/5.4.0/../../../../avr/lib/avr6\libc.a(strtod.o)
                0x00001cb6                strtod
 .text.avr-libc
                0x00001f62       0x10 c:/program files (x86)/atmel/studio/7.0/toolchain/avr8/avr8-gnu-toolchain/bin/../lib/gcc/avr/5.4.0/../../../../avr/lib/avr6\libc.a(isspace.o)
                0x00001f62                isspace
 .text.avr-libc
                0x00001f72       0x30 c:/program files (x86)/atmel/studio/7.0/toolchain/avr8/avr8-gnu-toolchain/bin/../lib/gcc/avr/5.4.0/../../../../avr/lib/avr6\libc.a(strncasecmp_P.o)
                0x00001f72                strncasecmp_P
 .text.avr-libc
                0x00001fa2       0x12 c:/program files (x86)/atmel/studio/7.0/toolchain/avr8/avr8-gnu-toolchain/bin/../lib/gcc/avr/5.4.0/../../../../avr/lib/avr6\libc.a(memcpy.o)
                0x00001fa2                memcpy
 .text.avr-libc
                0x00001fb4        0xe c:/program files (x86)/atmel/studio/7.0/toolchain/avr8/avr8-gnu-toolchain/bin/../lib/gcc/avr/5.4.0/../../../../avr/lib/avr6\libc.a(strcpy.o)
                0x00001fb4                strcpy
 .text.avr-libc
                0x00001fc2       0x14 c:/program files (x86)/atmel/studio/7.0/toolchain/avr8/avr8-gnu-toolchain/bin/../lib/gcc/avr/5.4.0/../../../../avr/lib/avr6\libc.a(strlwr.o)
                0x00001fc2                strlwr
 .text.avr-libc
                0x00001fd6       0x1e c:/program files (x86)/atmel/studio/7.0/toolchain/avr8/avr8-gnu-toolchain/bin/../lib/gcc/avr/5.4.0/../../../../avr/lib/avr6\libc.a(strncpy.o)
                0x00001fd6                strncpy
 .text.avr-libc
                0x00001ff4        0x6 c:/program files (x86)/atmel/studio/7.0/toolchain/avr8/avr8-gnu-toolchain/bin/../lib/gcc/avr/5.4.0/../../../../avr/lib/avr6\libc.a(cty_isfalse.o)
                0x00001ff4                __ctype_isfalse
                0x00001ff8                __ctype_istrue
                0x00001ffa                . = ALIGN (0x2)
 *(.fini9)
 .fini9         0x00001ffa        0x0 c:/program files (x86)/atmel/studio/7.0/toolchain/avr8/avr8-gnu-toolchain/bin/../lib/gcc/avr/5.4.0/avr6\libgcc.a(_exit.o)
                0x00001ffa                _exit
                0x00001ffa                exit
 *(.fini9)
 *(.fini8)
 *(.fini8)
 *(.fini7)
 *(.fini7)
 *(.fini6)
 *(.fini6)
 *(.fini5)
 *(.fini5)
 *(.fini4)
 *(.fini4)
 *(.fini3)
 *(.fini3)
 *(.fini2)
 *(.fini2)
 *(.fini1)
 *(.fini1)
 *(.fini0)
 .fini0         0x00001ffa        0x4 c:/program files (x86)/atmel/studio/7.0/toolchain/avr8/avr8-gnu-toolchain/bin/../lib/gcc/avr/5.4.0/avr6\libgcc.a(_exit.o)
 *(.fini0)
                0x00001ffe                _etext = .

.data           0x00800200       0x2a load address 0x00001ffe
                0x00800200                PROVIDE (__data_start, .)
 *(.data)
 .data          0x00800200        0x6 c:/program files (x86)/atmel/studio/7.0/toolchain/avr8/avr8-gnu-toolchain/bin/../lib/gcc/avr/5.4.0/../../../../avr/lib/avr6\libc.a(malloc.o)
                0x00800200                __malloc_heap_end
                0x00800202                __malloc_heap_start
                0x00800204                __malloc_margin
 *(.data*)
 .data.okFlag   0x00800206        0x1 Sketch.o
                0x00800206                okFlag
 *(.rodata)
 *(.rodata*)
 .rodata.str1.1
                0x00800207        0x2 Sketch.o
 .rodata._ZTV14HardwareSerial
                0x00800209       0x12 C:\Users\Adam\Documents\GitHub\3D-Printer\3D Printer\3D Printer\ArduinoCore\Debug\libArduinoCore.a(HardwareSerial.o)
                0x00800209                _ZTV14HardwareSerial
 .rodata.str1.1
                0x0080021b        0xf C:\Users\Adam\Documents\GitHub\3D-Printer\3D Printer\3D Printer\ArduinoCore\Debug\libArduinoCore.a(Print.o)
 .rodata.str1.1
                0x0080022a        0xf C:\Users\Adam\Documents\GitHub\3D-Printer\3D Printer\3D Printer\ArduinoCore\Debug\libArduinoCore.a(Stream.o)
                                  0x1 (size before relaxing)
 *(.gnu.linkonce.d*)
                0x0080023a                . = ALIGN (0x2)
                0x0080023a                _edata = .
                0x0080023a                PROVIDE (__data_end, .)

.bss            0x0080022a       0xbc
                0x0080022a                PROVIDE (__bss_start, .)
 *(.bss)
 *(.bss*)
 .bss.steps     0x0080022a       0x10 Sketch.o
                0x0080022a                steps
 .bss.Serial    0x0080023a       0x9d C:\Users\Adam\Documents\GitHub\3D-Printer\3D Printer\3D Printer\ArduinoCore\Debug\libArduinoCore.a(HardwareSerial0.o)
                0x0080023a                Serial
 .bss.timer0_fract
                0x008002d7        0x1 C:\Users\Adam\Documents\GitHub\3D-Printer\3D Printer\3D Printer\ArduinoCore\Debug\libArduinoCore.a(wiring.o)
 .bss.timer0_millis
                0x008002d8        0x4 C:\Users\Adam\Documents\GitHub\3D-Printer\3D Printer\3D Printer\ArduinoCore\Debug\libArduinoCore.a(wiring.o)
                0x008002d8                timer0_millis
 .bss.timer0_overflow_count
                0x008002dc        0x4 C:\Users\Adam\Documents\GitHub\3D-Printer\3D Printer\3D Printer\ArduinoCore\Debug\libArduinoCore.a(wiring.o)
                0x008002dc                timer0_overflow_count
 *(COMMON)
 COMMON         0x008002e0        0x4 c:/program files (x86)/atmel/studio/7.0/toolchain/avr8/avr8-gnu-toolchain/bin/../lib/gcc/avr/5.4.0/../../../../avr/lib/avr6\libc.a(malloc.o)
                0x008002e0                __brkval
                0x008002e2                __flp
 COMMON         0x008002e4        0x2 c:/program files (x86)/atmel/studio/7.0/toolchain/avr8/avr8-gnu-toolchain/bin/../lib/gcc/avr/5.4.0/../../../../avr/lib/avr6\libc.a(errno.o)
                0x008002e4                errno
                0x008002e6                PROVIDE (__bss_end, .)
                0x00001ffe                __data_load_start = LOADADDR (.data)
                0x00002028                __data_load_end = (__data_load_start + SIZEOF (.data))

.noinit         0x008002e6        0x0
                [!provide]                PROVIDE (__noinit_start, .)
 *(.noinit*)
                [!provide]                PROVIDE (__noinit_end, .)
                0x008002e6                _end = .
                0x008002e6                PROVIDE (__heap_start, .)

.eeprom         0x00810000        0x0
 *(.eeprom*)
                0x00810000                __eeprom_end = .

.fuse
 *(.fuse)
 *(.lfuse)
 *(.hfuse)
 *(.efuse)

.lock
 *(.lock*)

.signature
 *(.signature*)

.user_signatures
 *(.user_signatures*)

.stab
 *(.stab)

.stabstr
 *(.stabstr)

.stab.excl
 *(.stab.excl)

.stab.exclstr
 *(.stab.exclstr)

.stab.index
 *(.stab.index)

.stab.indexstr
 *(.stab.indexstr)

.comment        0x00000000       0x5c
 *(.comment)
 .comment       0x00000000       0x30 Sketch.o
                                 0x31 (size before relaxing)
 .comment       0x00000030       0x31 Source files/LimitSwitch.o
 .comment       0x00000030       0x31 Source files/SerialDecoder.o
 .comment       0x00000030       0x31 Source files/StepperMotor.o
 .comment       0x00000030       0x31 C:\Users\Adam\Documents\GitHub\3D-Printer\3D Printer\3D Printer\ArduinoCore\Debug\libArduinoCore.a(HardwareSerial.o)
 .comment       0x00000030       0x31 C:\Users\Adam\Documents\GitHub\3D-Printer\3D Printer\3D Printer\ArduinoCore\Debug\libArduinoCore.a(HardwareSerial0.o)
 .comment       0x00000030       0x31 C:\Users\Adam\Documents\GitHub\3D-Printer\3D Printer\3D Printer\ArduinoCore\Debug\libArduinoCore.a(main.o)
 .comment       0x00000030       0x31 C:\Users\Adam\Documents\GitHub\3D-Printer\3D Printer\3D Printer\ArduinoCore\Debug\libArduinoCore.a(Print.o)
 .comment       0x00000030       0x31 C:\Users\Adam\Documents\GitHub\3D-Printer\3D Printer\3D Printer\ArduinoCore\Debug\libArduinoCore.a(Stream.o)
 .comment       0x00000030       0x31 C:\Users\Adam\Documents\GitHub\3D-Printer\3D Printer\3D Printer\ArduinoCore\Debug\libArduinoCore.a(wiring.o)
 .comment       0x00000030       0x31 C:\Users\Adam\Documents\GitHub\3D-Printer\3D Printer\3D Printer\ArduinoCore\Debug\libArduinoCore.a(wiring_digital.o)
 .comment       0x00000030       0x31 C:\Users\Adam\Documents\GitHub\3D-Printer\3D Printer\3D Printer\ArduinoCore\Debug\libArduinoCore.a(WMath.o)
 .comment       0x00000030       0x31 C:\Users\Adam\Documents\GitHub\3D-Printer\3D Printer\3D Printer\ArduinoCore\Debug\libArduinoCore.a(WString.o)
 .comment       0x00000030       0x31 c:/program files (x86)/atmel/studio/7.0/toolchain/avr8/avr8-gnu-toolchain/bin/../lib/gcc/avr/5.4.0/../../../../avr/lib/avr6\libc.a(malloc.o)
 .comment       0x00000030       0x31 c:/program files (x86)/atmel/studio/7.0/toolchain/avr8/avr8-gnu-toolchain/bin/../lib/gcc/avr/5.4.0/../../../../avr/lib/avr6\libc.a(realloc.o)
 .comment       0x00000030       0x31 c:/program files (x86)/atmel/studio/7.0/toolchain/avr8/avr8-gnu-toolchain/bin/../lib/gcc/avr/5.4.0/../../../../avr/lib/avr6\libc.a(strtod.o)
 .comment       0x00000030       0x2c c:/program files (x86)/atmel/studio/7.0/toolchain/avr8/avr8-gnu-toolchain/bin/../lib/gcc/avr/5.4.0/../../../../avr/lib/avr6\libc.a(errno.o)
                                 0x2d (size before relaxing)

.note.gnu.avr.deviceinfo
                0x00000000       0x40
 .note.gnu.avr.deviceinfo
                0x00000000       0x40 C:/Program Files (x86)/Atmel/Studio/7.0/Packs/atmel/ATmega_DFP/1.2.132/gcc/dev/atmega2560/avr6/crtatmega2560.o

.note.gnu.build-id
 *(.note.gnu.build-id)

.debug
 *(.debug)

.line
 *(.line)

.debug_srcinfo
 *(.debug_srcinfo)

.debug_sfnames
 *(.debug_sfnames)

.debug_aranges  0x00000000      0x6d8
 *(.debug_aranges)
 .debug_aranges
                0x00000000       0x30 Sketch.o
 .debug_aranges
                0x00000030       0x20 Source files/LimitSwitch.o
 .debug_aranges
                0x00000050       0x38 Source files/SerialDecoder.o
 .debug_aranges
                0x00000088       0x58 Source files/StepperMotor.o
 .debug_aranges
                0x000000e0       0x68 C:\Users\Adam\Documents\GitHub\3D-Printer\3D Printer\3D Printer\ArduinoCore\Debug\libArduinoCore.a(HardwareSerial.o)
 .debug_aranges
                0x00000148       0x48 C:\Users\Adam\Documents\GitHub\3D-Printer\3D Printer\3D Printer\ArduinoCore\Debug\libArduinoCore.a(HardwareSerial0.o)
 .debug_aranges
                0x00000190       0x30 C:\Users\Adam\Documents\GitHub\3D-Printer\3D Printer\3D Printer\ArduinoCore\Debug\libArduinoCore.a(main.o)
 .debug_aranges
                0x000001c0      0x100 C:\Users\Adam\Documents\GitHub\3D-Printer\3D Printer\3D Printer\ArduinoCore\Debug\libArduinoCore.a(Print.o)
 .debug_aranges
                0x000002c0       0x98 C:\Users\Adam\Documents\GitHub\3D-Printer\3D Printer\3D Printer\ArduinoCore\Debug\libArduinoCore.a(Stream.o)
 .debug_aranges
                0x00000358       0x48 C:\Users\Adam\Documents\GitHub\3D-Printer\3D Printer\3D Printer\ArduinoCore\Debug\libArduinoCore.a(wiring.o)
 .debug_aranges
                0x000003a0       0x38 C:\Users\Adam\Documents\GitHub\3D-Printer\3D Printer\3D Printer\ArduinoCore\Debug\libArduinoCore.a(wiring_digital.o)
 .debug_aranges
                0x000003d8       0x48 C:\Users\Adam\Documents\GitHub\3D-Printer\3D Printer\3D Printer\ArduinoCore\Debug\libArduinoCore.a(WMath.o)
 .debug_aranges
                0x00000420      0x2b8 C:\Users\Adam\Documents\GitHub\3D-Printer\3D Printer\3D Printer\ArduinoCore\Debug\libArduinoCore.a(WString.o)

.debug_pubnames
 *(.debug_pubnames)

.debug_info     0x00000000    0x11dcc
 *(.debug_info .gnu.linkonce.wi.*)
 .debug_info    0x00000000      0xbbc C:/Program Files (x86)/Atmel/Studio/7.0/Packs/atmel/ATmega_DFP/1.2.132/gcc/dev/atmega2560/avr6/crtatmega2560.o
 .debug_info    0x00000bbc     0x1a2d Sketch.o
 .debug_info    0x000025e9      0x286 Source files/LimitSwitch.o
 .debug_info    0x0000286f     0x153e Source files/SerialDecoder.o
 .debug_info    0x00003dad      0x8af Source files/StepperMotor.o
 .debug_info    0x0000465c     0x1f83 C:\Users\Adam\Documents\GitHub\3D-Printer\3D Printer\3D Printer\ArduinoCore\Debug\libArduinoCore.a(HardwareSerial.o)
 .debug_info    0x000065df     0x1b74 C:\Users\Adam\Documents\GitHub\3D-Printer\3D Printer\3D Printer\ArduinoCore\Debug\libArduinoCore.a(HardwareSerial0.o)
 .debug_info    0x00008153      0x295 C:\Users\Adam\Documents\GitHub\3D-Printer\3D Printer\3D Printer\ArduinoCore\Debug\libArduinoCore.a(main.o)
 .debug_info    0x000083e8     0x295d C:\Users\Adam\Documents\GitHub\3D-Printer\3D Printer\3D Printer\ArduinoCore\Debug\libArduinoCore.a(Print.o)
 .debug_info    0x0000ad45     0x21bc C:\Users\Adam\Documents\GitHub\3D-Printer\3D Printer\3D Printer\ArduinoCore\Debug\libArduinoCore.a(Stream.o)
 .debug_info    0x0000cf01      0x329 C:\Users\Adam\Documents\GitHub\3D-Printer\3D Printer\3D Printer\ArduinoCore\Debug\libArduinoCore.a(wiring.o)
 .debug_info    0x0000d22a      0x63a C:\Users\Adam\Documents\GitHub\3D-Printer\3D Printer\3D Printer\ArduinoCore\Debug\libArduinoCore.a(wiring_digital.o)
 .debug_info    0x0000d864      0x230 C:\Users\Adam\Documents\GitHub\3D-Printer\3D Printer\3D Printer\ArduinoCore\Debug\libArduinoCore.a(WMath.o)
 .debug_info    0x0000da94     0x4338 C:\Users\Adam\Documents\GitHub\3D-Printer\3D Printer\3D Printer\ArduinoCore\Debug\libArduinoCore.a(WString.o)

.debug_abbrev   0x00000000     0x2fa2
 *(.debug_abbrev)
 .debug_abbrev  0x00000000      0xb1a C:/Program Files (x86)/Atmel/Studio/7.0/Packs/atmel/ATmega_DFP/1.2.132/gcc/dev/atmega2560/avr6/crtatmega2560.o
 .debug_abbrev  0x00000b1a      0x38e Sketch.o
 .debug_abbrev  0x00000ea8       0xd3 Source files/LimitSwitch.o
 .debug_abbrev  0x00000f7b      0x34e Source files/SerialDecoder.o
 .debug_abbrev  0x000012c9      0x21e Source files/StepperMotor.o
 .debug_abbrev  0x000014e7      0x432 C:\Users\Adam\Documents\GitHub\3D-Printer\3D Printer\3D Printer\ArduinoCore\Debug\libArduinoCore.a(HardwareSerial.o)
 .debug_abbrev  0x00001919      0x3ce C:\Users\Adam\Documents\GitHub\3D-Printer\3D Printer\3D Printer\ArduinoCore\Debug\libArduinoCore.a(HardwareSerial0.o)
 .debug_abbrev  0x00001ce7      0x12d C:\Users\Adam\Documents\GitHub\3D-Printer\3D Printer\3D Printer\ArduinoCore\Debug\libArduinoCore.a(main.o)
 .debug_abbrev  0x00001e14      0x47a C:\Users\Adam\Documents\GitHub\3D-Printer\3D Printer\3D Printer\ArduinoCore\Debug\libArduinoCore.a(Print.o)
 .debug_abbrev  0x0000228e      0x487 C:\Users\Adam\Documents\GitHub\3D-Printer\3D Printer\3D Printer\ArduinoCore\Debug\libArduinoCore.a(Stream.o)
 .debug_abbrev  0x00002715      0x146 C:\Users\Adam\Documents\GitHub\3D-Printer\3D Printer\3D Printer\ArduinoCore\Debug\libArduinoCore.a(wiring.o)
 .debug_abbrev  0x0000285b      0x15a C:\Users\Adam\Documents\GitHub\3D-Printer\3D Printer\3D Printer\ArduinoCore\Debug\libArduinoCore.a(wiring_digital.o)
 .debug_abbrev  0x000029b5      0x12b C:\Users\Adam\Documents\GitHub\3D-Printer\3D Printer\3D Printer\ArduinoCore\Debug\libArduinoCore.a(WMath.o)
 .debug_abbrev  0x00002ae0      0x4c2 C:\Users\Adam\Documents\GitHub\3D-Printer\3D Printer\3D Printer\ArduinoCore\Debug\libArduinoCore.a(WString.o)

.debug_line     0x00000000     0x3b76
 *(.debug_line .debug_line.* .debug_line_end)
 .debug_line    0x00000000      0x1f9 C:/Program Files (x86)/Atmel/Studio/7.0/Packs/atmel/ATmega_DFP/1.2.132/gcc/dev/atmega2560/avr6/crtatmega2560.o
 .debug_line    0x000001f9      0x2b2 Sketch.o
 .debug_line    0x000004ab      0x147 Source files/LimitSwitch.o
 .debug_line    0x000005f2      0x2a4 Source files/SerialDecoder.o
 .debug_line    0x00000896      0x413 Source files/StepperMotor.o
 .debug_line    0x00000ca9      0x489 C:\Users\Adam\Documents\GitHub\3D-Printer\3D Printer\3D Printer\ArduinoCore\Debug\libArduinoCore.a(HardwareSerial.o)
 .debug_line    0x00001132      0x288 C:\Users\Adam\Documents\GitHub\3D-Printer\3D Printer\3D Printer\ArduinoCore\Debug\libArduinoCore.a(HardwareSerial0.o)
 .debug_line    0x000013ba      0x161 C:\Users\Adam\Documents\GitHub\3D-Printer\3D Printer\3D Printer\ArduinoCore\Debug\libArduinoCore.a(main.o)
 .debug_line    0x0000151b      0x681 C:\Users\Adam\Documents\GitHub\3D-Printer\3D Printer\3D Printer\ArduinoCore\Debug\libArduinoCore.a(Print.o)
 .debug_line    0x00001b9c      0x5f3 C:\Users\Adam\Documents\GitHub\3D-Printer\3D Printer\3D Printer\ArduinoCore\Debug\libArduinoCore.a(Stream.o)
 .debug_line    0x0000218f      0x2cb C:\Users\Adam\Documents\GitHub\3D-Printer\3D Printer\3D Printer\ArduinoCore\Debug\libArduinoCore.a(wiring.o)
 .debug_line    0x0000245a      0x284 C:\Users\Adam\Documents\GitHub\3D-Printer\3D Printer\3D Printer\ArduinoCore\Debug\libArduinoCore.a(wiring_digital.o)
 .debug_line    0x000026de      0x143 C:\Users\Adam\Documents\GitHub\3D-Printer\3D Printer\3D Printer\ArduinoCore\Debug\libArduinoCore.a(WMath.o)
 .debug_line    0x00002821     0x1355 C:\Users\Adam\Documents\GitHub\3D-Printer\3D Printer\3D Printer\ArduinoCore\Debug\libArduinoCore.a(WString.o)

.debug_frame    0x00000000     0x1788
 *(.debug_frame)
 .debug_frame   0x00000000       0x54 Sketch.o
 .debug_frame   0x00000054       0x24 Source files/LimitSwitch.o
 .debug_frame   0x00000078       0x80 Source files/SerialDecoder.o
 .debug_frame   0x000000f8      0x128 Source files/StepperMotor.o
 .debug_frame   0x00000220      0x110 C:\Users\Adam\Documents\GitHub\3D-Printer\3D Printer\3D Printer\ArduinoCore\Debug\libArduinoCore.a(HardwareSerial.o)
 .debug_frame   0x00000330       0xe0 C:\Users\Adam\Documents\GitHub\3D-Printer\3D Printer\3D Printer\ArduinoCore\Debug\libArduinoCore.a(HardwareSerial0.o)
 .debug_frame   0x00000410       0x54 C:\Users\Adam\Documents\GitHub\3D-Printer\3D Printer\3D Printer\ArduinoCore\Debug\libArduinoCore.a(main.o)
 .debug_frame   0x00000464      0x3ac C:\Users\Adam\Documents\GitHub\3D-Printer\3D Printer\3D Printer\ArduinoCore\Debug\libArduinoCore.a(Print.o)
 .debug_frame   0x00000810      0x2e4 C:\Users\Adam\Documents\GitHub\3D-Printer\3D Printer\3D Printer\ArduinoCore\Debug\libArduinoCore.a(Stream.o)
 .debug_frame   0x00000af4       0xc4 C:\Users\Adam\Documents\GitHub\3D-Printer\3D Printer\3D Printer\ArduinoCore\Debug\libArduinoCore.a(wiring.o)
 .debug_frame   0x00000bb8       0x7c C:\Users\Adam\Documents\GitHub\3D-Printer\3D Printer\3D Printer\ArduinoCore\Debug\libArduinoCore.a(wiring_digital.o)
 .debug_frame   0x00000c34       0xf4 C:\Users\Adam\Documents\GitHub\3D-Printer\3D Printer\3D Printer\ArduinoCore\Debug\libArduinoCore.a(WMath.o)
 .debug_frame   0x00000d28      0xa60 C:\Users\Adam\Documents\GitHub\3D-Printer\3D Printer\3D Printer\ArduinoCore\Debug\libArduinoCore.a(WString.o)

.debug_str      0x00000000     0x29e6
 *(.debug_str)
 .debug_str     0x00000000      0x3e6 C:/Program Files (x86)/Atmel/Studio/7.0/Packs/atmel/ATmega_DFP/1.2.132/gcc/dev/atmega2560/avr6/crtatmega2560.o
 .debug_str     0x000003e6     0x12c4 Sketch.o
                               0x137d (size before relaxing)
 .debug_str     0x000016aa       0x60 Source files/LimitSwitch.o
                                0x2ae (size before relaxing)
 .debug_str     0x0000170a       0xdc Source files/SerialDecoder.o
                                0xeee (size before relaxing)
 .debug_str     0x000017e6      0x13e Source files/StepperMotor.o
                                0x463 (size before relaxing)
 .debug_str     0x00001924      0x4eb C:\Users\Adam\Documents\GitHub\3D-Printer\3D Printer\3D Printer\ArduinoCore\Debug\libArduinoCore.a(HardwareSerial.o)
                               0x16c9 (size before relaxing)
 .debug_str     0x00001e0f       0x86 C:\Users\Adam\Documents\GitHub\3D-Printer\3D Printer\3D Printer\ArduinoCore\Debug\libArduinoCore.a(HardwareSerial0.o)
                               0x140d (size before relaxing)
 .debug_str     0x00001e95       0x37 C:\Users\Adam\Documents\GitHub\3D-Printer\3D Printer\3D Printer\ArduinoCore\Debug\libArduinoCore.a(main.o)
                                0x2b9 (size before relaxing)
 .debug_str     0x00001ecc      0x3ce C:\Users\Adam\Documents\GitHub\3D-Printer\3D Printer\3D Printer\ArduinoCore\Debug\libArduinoCore.a(Print.o)
                               0x1247 (size before relaxing)
 .debug_str     0x0000229a       0x9d C:\Users\Adam\Documents\GitHub\3D-Printer\3D Printer\3D Printer\ArduinoCore\Debug\libArduinoCore.a(Stream.o)
                               0x126b (size before relaxing)
 .debug_str     0x00002337      0x158 C:\Users\Adam\Documents\GitHub\3D-Printer\3D Printer\3D Printer\ArduinoCore\Debug\libArduinoCore.a(wiring.o)
                                0x24f (size before relaxing)
 .debug_str     0x0000248f       0xbb C:\Users\Adam\Documents\GitHub\3D-Printer\3D Printer\3D Printer\ArduinoCore\Debug\libArduinoCore.a(wiring_digital.o)
                                0x2b4 (size before relaxing)
 .debug_str     0x0000254a       0xa7 C:\Users\Adam\Documents\GitHub\3D-Printer\3D Printer\3D Printer\ArduinoCore\Debug\libArduinoCore.a(WMath.o)
                                0x252 (size before relaxing)
 .debug_str     0x000025f1      0x3f5 C:\Users\Adam\Documents\GitHub\3D-Printer\3D Printer\3D Printer\ArduinoCore\Debug\libArduinoCore.a(WString.o)
                               0x119a (size before relaxing)

.debug_loc      0x00000000     0x8cc2
 *(.debug_loc)
 .debug_loc     0x00000000       0x71 Sketch.o
 .debug_loc     0x00000071      0x2bf Source files/SerialDecoder.o
 .debug_loc     0x00000330      0x430 Source files/StepperMotor.o
 .debug_loc     0x00000760      0x482 C:\Users\Adam\Documents\GitHub\3D-Printer\3D Printer\3D Printer\ArduinoCore\Debug\libArduinoCore.a(HardwareSerial.o)
 .debug_loc     0x00000be2      0x1b0 C:\Users\Adam\Documents\GitHub\3D-Printer\3D Printer\3D Printer\ArduinoCore\Debug\libArduinoCore.a(HardwareSerial0.o)
 .debug_loc     0x00000d92     0x1c87 C:\Users\Adam\Documents\GitHub\3D-Printer\3D Printer\3D Printer\ArduinoCore\Debug\libArduinoCore.a(Print.o)
 .debug_loc     0x00002a19     0x14ae C:\Users\Adam\Documents\GitHub\3D-Printer\3D Printer\3D Printer\ArduinoCore\Debug\libArduinoCore.a(Stream.o)
 .debug_loc     0x00003ec7      0x28d C:\Users\Adam\Documents\GitHub\3D-Printer\3D Printer\3D Printer\ArduinoCore\Debug\libArduinoCore.a(wiring.o)
 .debug_loc     0x00004154      0x56b C:\Users\Adam\Documents\GitHub\3D-Printer\3D Printer\3D Printer\ArduinoCore\Debug\libArduinoCore.a(wiring_digital.o)
 .debug_loc     0x000046bf      0x3d6 C:\Users\Adam\Documents\GitHub\3D-Printer\3D Printer\3D Printer\ArduinoCore\Debug\libArduinoCore.a(WMath.o)
 .debug_loc     0x00004a95     0x422d C:\Users\Adam\Documents\GitHub\3D-Printer\3D Printer\3D Printer\ArduinoCore\Debug\libArduinoCore.a(WString.o)

.debug_macinfo
 *(.debug_macinfo)

.debug_weaknames
 *(.debug_weaknames)

.debug_funcnames
 *(.debug_funcnames)

.debug_typenames
 *(.debug_typenames)

.debug_varnames
 *(.debug_varnames)

.debug_pubtypes
 *(.debug_pubtypes)

.debug_ranges   0x00000000      0x6b8
 *(.debug_ranges)
 .debug_ranges  0x00000000       0x20 Sketch.o
 .debug_ranges  0x00000020       0x10 Source files/LimitSwitch.o
 .debug_ranges  0x00000030       0x28 Source files/SerialDecoder.o
 .debug_ranges  0x00000058       0x48 Source files/StepperMotor.o
 .debug_ranges  0x000000a0       0x58 C:\Users\Adam\Documents\GitHub\3D-Printer\3D Printer\3D Printer\ArduinoCore\Debug\libArduinoCore.a(HardwareSerial.o)
 .debug_ranges  0x000000f8       0x38 C:\Users\Adam\Documents\GitHub\3D-Printer\3D Printer\3D Printer\ArduinoCore\Debug\libArduinoCore.a(HardwareSerial0.o)
 .debug_ranges  0x00000130       0x20 C:\Users\Adam\Documents\GitHub\3D-Printer\3D Printer\3D Printer\ArduinoCore\Debug\libArduinoCore.a(main.o)
 .debug_ranges  0x00000150      0x120 C:\Users\Adam\Documents\GitHub\3D-Printer\3D Printer\3D Printer\ArduinoCore\Debug\libArduinoCore.a(Print.o)
 .debug_ranges  0x00000270       0xb8 C:\Users\Adam\Documents\GitHub\3D-Printer\3D Printer\3D Printer\ArduinoCore\Debug\libArduinoCore.a(Stream.o)
 .debug_ranges  0x00000328       0x38 C:\Users\Adam\Documents\GitHub\3D-Printer\3D Printer\3D Printer\ArduinoCore\Debug\libArduinoCore.a(wiring.o)
 .debug_ranges  0x00000360       0x28 C:\Users\Adam\Documents\GitHub\3D-Printer\3D Printer\3D Printer\ArduinoCore\Debug\libArduinoCore.a(wiring_digital.o)
 .debug_ranges  0x00000388       0x38 C:\Users\Adam\Documents\GitHub\3D-Printer\3D Printer\3D Printer\ArduinoCore\Debug\libArduinoCore.a(WMath.o)
 .debug_ranges  0x000003c0      0x2f8 C:\Users\Adam\Documents\GitHub\3D-Printer\3D Printer\3D Printer\ArduinoCore\Debug\libArduinoCore.a(WString.o)

.debug_macro
 *(.debug_macro)
OUTPUT(3D-Printer.elf elf32-avr)
LOAD linker stubs
